
> eventlead-frontend@1.0.0 test
> vitest


 DEV  v1.0.4 C:/Users/tonyk/OneDrive/Projects/EventLeadPlatform/frontend

 Ô£ô src/features/auth/__tests__/passwordResetApi.test.ts > Password Reset API > requestPasswordReset - AC-1.15.1 > should call POST /api/auth/password-reset/request with email
 Ô£ô src/features/auth/__tests__/passwordResetApi.test.ts > Password Reset API > requestPasswordReset - AC-1.15.1 > should handle network errors gracefully
 Ô£ô src/features/auth/__tests__/passwordResetApi.test.ts > Password Reset API > requestPasswordReset - AC-1.15.1 > should handle 500 server errors
 Ô£ô src/features/auth/__tests__/passwordResetApi.test.ts > Password Reset API > confirmPasswordReset - AC-1.15.2 > should call POST /api/auth/password-reset/confirm with token and new_password
 Ô£ô src/features/auth/__tests__/passwordResetApi.test.ts > Password Reset API > confirmPasswordReset - AC-1.15.2 > should handle expired token error (400)
 Ô£ô src/features/auth/__tests__/passwordResetApi.test.ts > Password Reset API > confirmPasswordReset - AC-1.15.2 > should handle password validation errors
 Ô£ô src/features/auth/__tests__/passwordResetApi.test.ts > Password Reset API > confirmPasswordReset - AC-1.15.2 > should handle 422 validation errors
 Ô£ô src/features/auth/__tests__/passwordResetApi.test.ts > Password Reset API > confirmPasswordReset - AC-1.15.2 > should handle network errors
 Ô£ô src/features/auth/__tests__/passwordResetApi.test.ts > Password Reset API > confirmPasswordReset - AC-1.15.2 > should handle unexpected errors
 Ô£ô src/features/auth/__tests__/passwordResetApi.test.ts > Password Reset API > snake_case to camelCase transformation > should transform user_id to userId in confirmPasswordReset response
 Ô£ô src/features/auth/__tests__/passwordResetApi.test.ts > Password Reset API > Environment variable configuration > should use VITE_API_BASE_URL from environment if set
 Ô£ô src/features/auth/__tests__/passwordResetApi.test.ts > Password Reset API > Timeout configuration > should set 10 second timeout for requestPasswordReset
 Ô£ô src/features/auth/__tests__/passwordResetApi.test.ts > Password Reset API > Timeout configuration > should set 10 second timeout for confirmPasswordReset
 Ô£ô src/features/config/__tests__/ConfigProvider.test.tsx > ConfigProvider > AC-1.13.9: Configuration Provider Functionality > should provide configuration to child components
 Ô£ô src/features/config/__tests__/ConfigProvider.test.tsx > ConfigProvider > AC-1.13.9: Configuration Provider Functionality > should handle API errors gracefully
 Ô£ô src/features/config/__tests__/ConfigProvider.test.tsx > ConfigProvider > AC-1.13.9: Configuration Provider Functionality > should show loading state while fetching configuration
 Ô£ô src/features/config/__tests__/ConfigProvider.test.tsx > ConfigProvider > useConfig Hook > should throw error when used outside ConfigProvider
 Ô£ô src/features/config/__tests__/ConfigProvider.test.tsx > ConfigProvider > useConfig Hook > should provide config context to nested components
 Ô£ô src/features/config/__tests__/ConfigProvider.test.tsx > ConfigProvider > Configuration Values > should handle all configuration fields correctly
 Ô£ô src/features/companies/__tests__/SmartCompanySearch.test.tsx > SmartCompanySearch > renders search input
 Ô£ô src/features/companies/__tests__/SmartCompanySearch.test.tsx > SmartCompanySearch > shows manual entry link
node.exe : stderr | src/features/validation/__tests__/PostalCodeInput.test.tsx > PostalCodeInput Component > 
AC-1.20.3: Postal code input with validation > should render postal code input field
At C:\Program Files\nodejs\npm.ps1:29 char:3
+   & $NODE_EXE $NPM_CLI_JS $args
+   ~~~~~~~~~~~~~~~~~~~~~~~~~~~~~
    + CategoryInfo          : NotSpecified: (stderr | src/fe...ode input field:String) [], RemoteException
    + FullyQualifiedErrorId : NativeCommandError
 
Failed to fetch validation constraints: TypeError: Cannot read properties of undefined (reading 'ok')
    at fetchConstraints [90m(C:\Users\tonyk\OneDrive\Projects\EventLeadPlatform\frontend\[39msrc\features\validation\
components\PostalCodeInput.tsx:55:22[90m)[39m

 Ô£ô src/features/validation/__tests__/PhoneInput.test.tsx > PhoneInput Component > AC-1.20.2: Phone input with validation > should render phone input field
 Ô£ô src/features/validation/__tests__/PostalCodeInput.test.tsx > PostalCodeInput Component > AC-1.20.3: Postal code input with validation > should render postal code input field
stderr | src/features/validation/__tests__/PostalCodeInput.test.tsx > PostalCodeInput Component > AC-1.20.3: Postal 
code input with validation > should call onChange when user types
Failed to fetch validation constraints: TypeError: Cannot read properties of undefined (reading 'ok')
    at fetchConstraints [90m(C:\Users\tonyk\OneDrive\Projects\EventLeadPlatform\frontend\[39msrc\features\validation\
components\PostalCodeInput.tsx:55:22[90m)[39m

 Ô£ô src/features/validation/__tests__/PostalCodeInput.test.tsx > PostalCodeInput Component > AC-1.20.3: Postal code input with validation > should call onChange when user types
stderr | src/features/validation/__tests__/PostalCodeInput.test.tsx > PostalCodeInput Component > AC-1.20.3: Postal 
code input with validation > should validate on blur
Failed to fetch validation constraints: TypeError: Cannot read properties of undefined (reading 'ok')
    at fetchConstraints [90m(C:\Users\tonyk\OneDrive\Projects\EventLeadPlatform\frontend\[39msrc\features\validation\
components\PostalCodeInput.tsx:55:22[90m)[39m

 Ô£ô src/features/companies/__tests__/SmartCompanySearch.test.tsx > SmartCompanySearch > detects ABN search type (11 digits)
 Ô£ô src/features/validation/__tests__/PhoneInput.test.tsx > PhoneInput Component > AC-1.20.2: Phone input with validation > should call onChange when user types
 Ô£ô src/features/validation/__tests__/PostalCodeInput.test.tsx > PostalCodeInput Component > AC-1.20.3: Postal code input with validation > should validate on blur
stderr | src/features/validation/__tests__/PostalCodeInput.test.tsx > PostalCodeInput Component > AC-1.20.3: Postal 
code input with validation > should not validate empty values
Failed to fetch validation constraints: TypeError: Cannot read properties of undefined (reading 'ok')
    at fetchConstraints [90m(C:\Users\tonyk\OneDrive\Projects\EventLeadPlatform\frontend\[39msrc\features\validation\
components\PostalCodeInput.tsx:55:22[90m)[39m

 Ô£ô src/features/validation/__tests__/PostalCodeInput.test.tsx > PostalCodeInput Component > AC-1.20.3: Postal code input with validation > should not validate empty values
 Ô£ô src/features/validation/__tests__/PhoneInput.test.tsx > PhoneInput Component > AC-1.20.2: Phone input with validation > should validate on blur
stderr | src/features/validation/__tests__/PostalCodeInput.test.tsx > PostalCodeInput Component > AC-1.20.4: Display 
error messages and examples > should display error message from backend
Failed to fetch validation constraints: TypeError: Cannot read properties of undefined (reading 'ok')
    at fetchConstraints [90m(C:\Users\tonyk\OneDrive\Projects\EventLeadPlatform\frontend\[39msrc\features\validation\
components\PostalCodeInput.tsx:55:22[90m)[39m

 Ô£ô src/features/companies/__tests__/SmartCompanySearch.test.tsx > SmartCompanySearch > detects ACN search type (9 digits)
 Ô£ô src/features/validation/__tests__/PostalCodeInput.test.tsx > PostalCodeInput Component > AC-1.20.4: Display error messages and examples > should display error message from backend
 Ô£ô src/features/validation/__tests__/PhoneInput.test.tsx > PhoneInput Component > AC-1.20.2: Phone input with validation > should not validate empty values
stderr | src/features/validation/__tests__/PostalCodeInput.test.tsx > PostalCodeInput Component > AC-1.20.4: Display 
error messages and examples > should display example value when validation fails
Failed to fetch validation constraints: TypeError: Cannot read properties of undefined (reading 'ok')
    at fetchConstraints [90m(C:\Users\tonyk\OneDrive\Projects\EventLeadPlatform\frontend\[39msrc\features\validation\
components\PostalCodeInput.tsx:55:22[90m)[39m

 Ô£ô src/features/auth/__tests__/PasswordResetRequest.test.tsx > PasswordResetRequest Component > Initial Render - AC-1.15.1 > should render password reset request form
 Ô£ô src/features/auth/__tests__/PasswordResetRequest.test.tsx > PasswordResetRequest Component > Initial Render - AC-1.15.1 > should have a link back to login page
 Ô£ô src/features/auth/__tests__/PasswordResetRequest.test.tsx > PasswordResetRequest Component > Initial Render - AC-1.15.1 > should disable submit button when email is empty
 Ô£ô src/features/companies/__tests__/SmartCompanySearch.test.tsx > SmartCompanySearch > detects Name search type (text)
 Ô£ô src/features/validation/__tests__/PhoneInput.test.tsx > PhoneInput Component > AC-1.20.4: Display error messages and examples > should display error message from backend
stderr | src/features/validation/__tests__/PostalCodeInput.test.tsx > PostalCodeInput Component > AC-1.20.4: Display 
error messages and examples > should display success indicator when valid
Failed to fetch validation constraints: TypeError: Cannot read properties of undefined (reading 'ok')
    at fetchConstraints [90m(C:\Users\tonyk\OneDrive\Projects\EventLeadPlatform\frontend\[39msrc\features\validation\
components\PostalCodeInput.tsx:55:22[90m)[39m

 Ô£ô src/features/validation/__tests__/PostalCodeInput.test.tsx > PostalCodeInput Component > AC-1.20.4: Display error messages and examples > should display example value when validation fails
stdout | src/features/auth/__tests__/SignupForm.test.tsx > SignupForm Component > Rendering > should render signup form with all fields
Ô£à BroadcastChannel initialized

stdout | src/features/auth/__tests__/SignupForm.test.tsx > SignupForm Component > Rendering > should have submit button disabled initially
Ô£à BroadcastChannel initialized

stdout | src/features/auth/__tests__/SignupForm.test.tsx > SignupForm Component > Rendering > should render link to login page
Ô£à BroadcastChannel initialized

stdout | src/features/auth/__tests__/SignupForm.test.tsx > SignupForm Component > Validation > should show error for invalid email format
Ô£à BroadcastChannel initialized

stderr | src/features/validation/__tests__/PostalCodeInput.test.tsx > PostalCodeInput Component > AC-1.20.5: Mobile 
responsive and accessible > should have mobile-friendly input type
Failed to fetch validation constraints: TypeError: Cannot read properties of undefined (reading 'ok')
    at fetchConstraints [90m(C:\Users\tonyk\OneDrive\Projects\EventLeadPlatform\frontend\[39msrc\features\validation\
components\PostalCodeInput.tsx:55:22[90m)[39m

stderr | src/features/validation/__tests__/PostalCodeInput.test.tsx > PostalCodeInput Component > AC-1.20.5: Mobile 
responsive and accessible > should have ARIA attributes
Failed to fetch validation constraints: TypeError: Cannot read properties of undefined (reading 'ok')
    at fetchConstraints [90m(C:\Users\tonyk\OneDrive\Projects\EventLeadPlatform\frontend\[39msrc\features\validation\
components\PostalCodeInput.tsx:55:22[90m)[39m

stderr | src/features/validation/__tests__/PostalCodeInput.test.tsx > PostalCodeInput Component > AC-1.20.5: Mobile 
responsive and accessible > should have ARIA invalid state when validation fails
Failed to fetch validation constraints: TypeError: Cannot read properties of undefined (reading 'ok')
    at fetchConstraints [90m(C:\Users\tonyk\OneDrive\Projects\EventLeadPlatform\frontend\[39msrc\features\validation\
components\PostalCodeInput.tsx:55:22[90m)[39m

 Ô£ô src/features/validation/__tests__/PostalCodeInput.test.tsx > PostalCodeInput Component > AC-1.20.4: Display error messages and examples > should display success indicator when valid
 Ô£ô src/features/validation/__tests__/PostalCodeInput.test.tsx > PostalCodeInput Component > AC-1.20.5: Mobile responsive and accessible > should have mobile-friendly input type
 Ô£ô src/features/validation/__tests__/PostalCodeInput.test.tsx > PostalCodeInput Component > AC-1.20.5: Mobile responsive and accessible > should have ARIA attributes
 Ô£ô src/features/auth/__tests__/SignupForm.test.tsx > SignupForm Component > Rendering > should render signup form with all fields
 Ô£ô src/features/auth/__tests__/SignupForm.test.tsx > SignupForm Component > Rendering > should have submit button disabled initially
 Ô£ô src/features/auth/__tests__/SignupForm.test.tsx > SignupForm Component > Rendering > should render link to login page
 Ô£ô src/features/validation/__tests__/PhoneInput.test.tsx > PhoneInput Component > AC-1.20.4: Display error messages and examples > should display example value when validation fails
stdout | src/features/auth/__tests__/LoginForm.test.tsx > LoginForm Component > Rendering > should render login form with all fields
Ô£à BroadcastChannel initialized

stdout | src/features/auth/__tests__/LoginForm.test.tsx > LoginForm Component > Rendering > should have submit button disabled initially
Ô£à BroadcastChannel initialized

stdout | src/features/auth/__tests__/LoginForm.test.tsx > LoginForm Component > Rendering > should render "Forgot password?" link
Ô£à BroadcastChannel initialized

stdout | src/features/auth/__tests__/LoginForm.test.tsx > LoginForm Component > Rendering > should render link to signup page
Ô£à BroadcastChannel initialized

stdout | src/features/auth/__tests__/LoginForm.test.tsx > LoginForm Component > Validation > should show error for invalid email format
Ô£à BroadcastChannel initialized

 Ô£ô src/features/auth/__tests__/LoginForm.test.tsx > LoginForm Component > Rendering > should render login form with all fields
 Ô£ô src/features/auth/__tests__/LoginForm.test.tsx > LoginForm Component > Rendering > should have submit button disabled initially
 ├ù src/features/auth/__tests__/LoginForm.test.tsx > LoginForm Component > Rendering > should render "Forgot password?" link
   ÔåÆ expect(element).toHaveAttribute("href", "/forgot-password") // element.getAttribute("href") === "/forgot-password"

Expected the element to have attribute:
  href="/forgot-password"
Received:
  href="/reset-password"
 Ô£ô src/features/auth/__tests__/LoginForm.test.tsx > LoginForm Component > Rendering > should render link to signup page
stderr | src/features/validation/__tests__/PostalCodeInput.test.tsx > PostalCodeInput Component > AC-1.20.5: Mobile 
responsive and accessible > should be touch-friendly with proper padding
Failed to fetch validation constraints: TypeError: Cannot read properties of undefined (reading 'ok')
    at fetchConstraints [90m(C:\Users\tonyk\OneDrive\Projects\EventLeadPlatform\frontend\[39msrc\features\validation\
components\PostalCodeInput.tsx:55:22[90m)[39m

stderr | src/features/validation/__tests__/PostalCodeInput.test.tsx > PostalCodeInput Component > Loading state > 
should show loading spinner during validation
Failed to fetch validation constraints: TypeError: Cannot read properties of undefined (reading 'ok')
    at fetchConstraints [90m(C:\Users\tonyk\OneDrive\Projects\EventLeadPlatform\frontend\[39msrc\features\validation\
components\PostalCodeInput.tsx:55:22[90m)[39m

stderr | src/features/validation/__tests__/PostalCodeInput.test.tsx > PostalCodeInput Component > Visual feedback > 
should show green border when valid
Failed to fetch validation constraints: TypeError: Cannot read properties of undefined (reading 'ok')
    at fetchConstraints [90m(C:\Users\tonyk\OneDrive\Projects\EventLeadPlatform\frontend\[39msrc\features\validation\
components\PostalCodeInput.tsx:55:22[90m)[39m

 Ô£ô src/features/validation/__tests__/PostalCodeInput.test.tsx > PostalCodeInput Component > AC-1.20.5: Mobile responsive and accessible > should have ARIA invalid state when validation fails
 Ô£ô src/features/validation/__tests__/PostalCodeInput.test.tsx > PostalCodeInput Component > AC-1.20.5: Mobile responsive and accessible > should be touch-friendly with proper padding
 Ô£ô src/features/validation/__tests__/PostalCodeInput.test.tsx > PostalCodeInput Component > Loading state > should show loading spinner during validation
 Ô£ô src/features/validation/__tests__/PhoneInput.test.tsx > PhoneInput Component > AC-1.20.4: Display error messages and examples > should display success indicator when valid
 Ô£ô src/features/validation/__tests__/PhoneInput.test.tsx > PhoneInput Component > AC-1.20.5: Mobile responsive and accessible > should have mobile-friendly input type
 Ô£ô src/features/validation/__tests__/PhoneInput.test.tsx > PhoneInput Component > AC-1.20.5: Mobile responsive and accessible > should have ARIA attributes
 Ô£ô src/features/validation/__tests__/PhoneInput.test.tsx > PhoneInput Component > AC-1.20.5: Mobile responsive and accessible > should have ARIA invalid state when validation fails
 Ô£ô src/features/validation/__tests__/PhoneInput.test.tsx > PhoneInput Component > Loading state > should show loading spinner during validation
 Ô£ô src/features/auth/__tests__/PasswordResetRequest.test.tsx > PasswordResetRequest Component > Email Validation - AC-1.15.1 > should validate email format
stderr | src/features/validation/__tests__/PostalCodeInput.test.tsx > PostalCodeInput Component > Visual feedback > 
should show red border when invalid
Failed to fetch validation constraints: TypeError: Cannot read properties of undefined (reading 'ok')
    at fetchConstraints [90m(C:\Users\tonyk\OneDrive\Projects\EventLeadPlatform\frontend\[39msrc\features\validation\
components\PostalCodeInput.tsx:55:22[90m)[39m

 Ô£ô src/features/validation/__tests__/PostalCodeInput.test.tsx > PostalCodeInput Component > Visual feedback > should show green border when valid
 Ô£ô src/features/companies/__tests__/SmartCompanySearch.test.tsx > SmartCompanySearch > shows loading state during search
 Ô£ô src/features/validation/__tests__/PostalCodeInput.test.tsx > PostalCodeInput Component > Visual feedback > should show red border when invalid
 Ô£ô src/features/validation/__tests__/PostalCodeInput.test.tsx > PostalCodeInput Component > Required field indicator > should show asterisk when required
 Ô£ô src/features/validation/__tests__/PostalCodeInput.test.tsx > PostalCodeInput Component > Required field indicator > should not show asterisk when optional
 Ô£ô src/features/validation/__tests__/PostalCodeInput.test.tsx > PostalCodeInput Component > Disabled state > should disable input when disabled prop is true
stderr | src/features/validation/__tests__/PostalCodeInput.test.tsx > PostalCodeInput Component > Required field 
indicator > should show asterisk when required
Failed to fetch validation constraints: TypeError: Cannot read properties of undefined (reading 'ok')
    at fetchConstraints [90m(C:\Users\tonyk\OneDrive\Projects\EventLeadPlatform\frontend\[39msrc\features\validation\
components\PostalCodeInput.tsx:55:22[90m)[39m

stderr | src/features/validation/__tests__/PostalCodeInput.test.tsx > PostalCodeInput Component > Required field 
indicator > should not show asterisk when optional
Failed to fetch validation constraints: TypeError: Cannot read properties of undefined (reading 'ok')
    at fetchConstraints [90m(C:\Users\tonyk\OneDrive\Projects\EventLeadPlatform\frontend\[39msrc\features\validation\
components\PostalCodeInput.tsx:55:22[90m)[39m

stderr | src/features/validation/__tests__/PostalCodeInput.test.tsx > PostalCodeInput Component > Disabled state > 
should disable input when disabled prop is true
Failed to fetch validation constraints: TypeError: Cannot read properties of undefined (reading 'ok')
    at fetchConstraints [90m(C:\Users\tonyk\OneDrive\Projects\EventLeadPlatform\frontend\[39msrc\features\validation\
components\PostalCodeInput.tsx:55:22[90m)[39m

 Ô£ô src/features/validation/__tests__/PhoneInput.test.tsx > PhoneInput Component > Visual feedback > should show green border when valid
 Ô£ô src/features/auth/__tests__/SignupForm.test.tsx > SignupForm Component > Validation > should show error for invalid email format
stdout | src/features/auth/__tests__/SignupForm.test.tsx > SignupForm Component > Validation > should show error for short first name
Ô£à BroadcastChannel initialized

 Ô£ô src/features/auth/__tests__/LoginForm.test.tsx > LoginForm Component > Validation > should show error for invalid email format
stdout | src/features/auth/__tests__/LoginForm.test.tsx > LoginForm Component > Validation > should show error for empty password
Ô£à BroadcastChannel initialized

 Ô£ô src/features/validation/__tests__/PhoneInput.test.tsx > PhoneInput Component > Visual feedback > should show red border when invalid
 Ô£ô src/features/validation/__tests__/PhoneInput.test.tsx > PhoneInput Component > Disabled state > should disable input when disabled prop is true
 Ô£ô src/features/auth/__tests__/PasswordResetRequest.test.tsx > PasswordResetRequest Component > Email Validation - AC-1.15.1 > should enable submit button when valid email is entered
 Ô£ô src/features/auth/__tests__/PasswordResetConfirm.test.tsx > PasswordResetConfirm Component > Token Validation - AC-1.15.2 > should show error when token is missing
 ├ù src/features/auth/__tests__/PasswordResetConfirm.test.tsx > PasswordResetConfirm Component > Token Validation - AC-1.15.2 > should render password reset form when token is present
   ÔåÆ Unable to find an accessible element with the role "heading" and name `/set new password/i`

Here are the accessible roles:

  heading:

  Name "EventLead":
  [36m<h1[39m
    [33mclass[39m=[32m"text-3xl sm:text-4xl font-bold text-teal-600 mb-2"[39m
  [36m/>[39m

  Name "Validating Reset Link":
  [36m<h2[39m
    [33mclass[39m=[32m"text-2xl font-bold text-gray-900 mb-2"[39m
  [36m/>[39m

  --------------------------------------------------

Ignored nodes: comments, script, style
[36m<body>[39m
  [36m<div>[39m
    [36m<div[39m
      [33mclass[39m=[32m"min-h-screen bg-gradient-to-br from-teal-50 to-blue-50 flex items-center justify-center p-4 sm:p-6 lg:p-8"[39m
    [36m>[39m
      [36m<div[39m
        [33mclass[39m=[32m"w-full max-w-md"[39m
      [36m>[39m
        [36m<div[39m
          [33mclass[39m=[32m"text-center mb-8"[39m
        [36m>[39m
          [36m<h1[39m
            [33mclass[39m=[32m"text-3xl sm:text-4xl font-bold text-teal-600 mb-2"[39m
          [36m>[39m
            [0mEventLead[0m
          [36m</h1>[39m
          [36m<p[39m
            [33mclass[39m=[32m"text-gray-600 text-sm sm:text-base"[39m
          [36m>[39m
            [0mMulti-Tenant Event Lead Collection Platform[0m
          [36m</p>[39m
        [36m</div>[39m
        [36m<div[39m
          [33mclass[39m=[32m"bg-white rounded-lg shadow-xl p-6 sm:p-8"[39m
        [36m>[39m
          [36m<div[39m
            [33mclass[39m=[32m"mb-6"[39m
          [36m>[39m
            [36m<h2[39m
              [33mclass[39m=[32m"text-2xl font-bold text-gray-900 mb-2"[39m
            [36m>[39m
              [0mValidating Reset Link[0m
            [36m</h2>[39m
            [36m<p[39m
              [33mclass[39m=[32m"text-gray-600 text-sm"[39m
            [36m>[39m
              [0mPlease wait...[0m
            [36m</p>[39m
          [36m</div>[39m
          [36m<div[39m
            [33mclass[39m=[32m"text-center py-12"[39m
          [36m>[39m
            [36m<svg[39m
              [33mclass[39m=[32m"lucide lucide-loader2 w-12 h-12 text-teal-600 mx-auto mb-4 animate-spin"[39m
              [33mfill[39m=[32m"none"[39m
              [33mheight[39m=[32m"24"[39m
              [33mstroke[39m=[32m"currentColor"[39m
              [33mstroke-linecap[39m=[32m"round"[39m
              [33mstroke-linejoin[39m=[32m"round"[39m
              [33mstroke-width[39m=[32m"2"[39m
              [33mviewBox[39m=[32m"0 0 24 24"[39m
              [33mwidth[39m=[32m"24"[39m
              [33mxmlns[39m=[32m"http://www.w3.org/2000/svg"[39m
            [36m>[39m
              [36m<path[39m
                [33md[39m=[32m"M21 12a9 9 0 1 1-6.219-8.56"[39m
              [36m/>[39m
            [36m</svg>[39m
            [36m<p[39m
              [33mclass[39m=[32m"text-gray-600"[39m
            [36m>[39m
              [0mValidating your password reset link...[0m
            [36m</p>[39m
          [36m</div>[39m
        [36m</div>[39m
        [36m<div[39m
          [33mclass[39m=[32m"text-center mt-6"[39m
        [36m>[39m
          [36m<p[39m
            [33mclass[39m=[32m"text-sm text-gray-600"[39m
          [36m>[39m
            [0m┬® 2025 EventLead. All rights reserved.[0m
          [36m</p>[39m
        [36m</div>[39m
      [36m</div>[39m
    [36m</div>[39m
  [36m</div>[39m
[36m</body>[39m
 Ô£ô src/features/auth/__tests__/PasswordResetConfirm.test.tsx > PasswordResetConfirm Component > Token Validation - AC-1.15.2 > should show "Request New Reset Link" button when token is invalid
 ├ù src/features/auth/__tests__/PasswordResetConfirm.test.tsx > PasswordResetConfirm Component > Password Validation - AC-1.15.2 > should validate minimum password length (8 characters)
   ÔåÆ Unable to find a label with the text of: /^new password$/i

Ignored nodes: comments, script, style
[36m<body>[39m
  [36m<div>[39m
    [36m<div[39m
      [33mclass[39m=[32m"min-h-screen bg-gradient-to-br from-teal-50 to-blue-50 flex items-center justify-center p-4 sm:p-6 lg:p-8"[39m
    [36m>[39m
      [36m<div[39m
        [33mclass[39m=[32m"w-full max-w-md"[39m
      [36m>[39m
        [36m<div[39m
          [33mclass[39m=[32m"text-center mb-8"[39m
        [36m>[39m
          [36m<h1[39m
            [33mclass[39m=[32m"text-3xl sm:text-4xl font-bold text-teal-600 mb-2"[39m
          [36m>[39m
            [0mEventLead[0m
          [36m</h1>[39m
          [36m<p[39m
            [33mclass[39m=[32m"text-gray-600 text-sm sm:text-base"[39m
          [36m>[39m
            [0mMulti-Tenant Event Lead Collection Platform[0m
          [36m</p>[39m
        [36m</div>[39m
        [36m<div[39m
          [33mclass[39m=[32m"bg-white rounded-lg shadow-xl p-6 sm:p-8"[39m
        [36m>[39m
          [36m<div[39m
            [33mclass[39m=[32m"mb-6"[39m
          [36m>[39m
            [36m<h2[39m
              [33mclass[39m=[32m"text-2xl font-bold text-gray-900 mb-2"[39m
            [36m>[39m
              [0mValidating Reset Link[0m
            [36m</h2>[39m
            [36m<p[39m
              [33mclass[39m=[32m"text-gray-600 text-sm"[39m
            [36m>[39m
              [0mPlease wait...[0m
            [36m</p>[39m
          [36m</div>[39m
          [36m<div[39m
            [33mclass[39m=[32m"text-center py-12"[39m
          [36m>[39m
            [36m<svg[39m
              [33mclass[39m=[32m"lucide lucide-loader2 w-12 h-12 text-teal-600 mx-auto mb-4 animate-spin"[39m
              [33mfill[39m=[32m"none"[39m
              [33mheight[39m=[32m"24"[39m
              [33mstroke[39m=[32m"currentColor"[39m
              [33mstroke-linecap[39m=[32m"round"[39m
              [33mstroke-linejoin[39m=[32m"round"[39m
              [33mstroke-width[39m=[32m"2"[39m
              [33mviewBox[39m=[32m"0 0 24 24"[39m
              [33mwidth[39m=[32m"24"[39m
              [33mxmlns[39m=[32m"http://www.w3.org/2000/svg"[39m
            [36m>[39m
              [36m<path[39m
                [33md[39m=[32m"M21 12a9 9 0 1 1-6.219-8.56"[39m
              [36m/>[39m
            [36m</svg>[39m
            [36m<p[39m
              [33mclass[39m=[32m"text-gray-600"[39m
            [36m>[39m
              [0mValidating your password reset link...[0m
            [36m</p>[39m
          [36m</div>[39m
        [36m</div>[39m
        [36m<div[39m
          [33mclass[39m=[32m"text-center mt-6"[39m
        [36m>[39m
          [36m<p[39m
            [33mclass[39m=[32m"text-sm text-gray-600"[39m
          [36m>[39m
            [0m┬® 2025 EventLead. All rights reserved.[0m
          [36m</p>[39m
        [36m</div>[39m
      [36m</div>[39m
    [36m</div>[39m
  [36m</div>[39m
[36m</body>[39m
 ├ù src/features/auth/__tests__/PasswordResetConfirm.test.tsx > PasswordResetConfirm Component > Password Validation - AC-1.15.2 > should validate passwords match
   ÔåÆ Unable to find a label with the text of: /^new password$/i

Ignored nodes: comments, script, style
[36m<body>[39m
  [36m<div>[39m
    [36m<div[39m
      [33mclass[39m=[32m"min-h-screen bg-gradient-to-br from-teal-50 to-blue-50 flex items-center justify-center p-4 sm:p-6 lg:p-8"[39m
    [36m>[39m
      [36m<div[39m
        [33mclass[39m=[32m"w-full max-w-md"[39m
      [36m>[39m
        [36m<div[39m
          [33mclass[39m=[32m"text-center mb-8"[39m
        [36m>[39m
          [36m<h1[39m
            [33mclass[39m=[32m"text-3xl sm:text-4xl font-bold text-teal-600 mb-2"[39m
          [36m>[39m
            [0mEventLead[0m
          [36m</h1>[39m
          [36m<p[39m
            [33mclass[39m=[32m"text-gray-600 text-sm sm:text-base"[39m
          [36m>[39m
            [0mMulti-Tenant Event Lead Collection Platform[0m
          [36m</p>[39m
        [36m</div>[39m
        [36m<div[39m
          [33mclass[39m=[32m"bg-white rounded-lg shadow-xl p-6 sm:p-8"[39m
        [36m>[39m
          [36m<div[39m
            [33mclass[39m=[32m"mb-6"[39m
          [36m>[39m
            [36m<h2[39m
              [33mclass[39m=[32m"text-2xl font-bold text-gray-900 mb-2"[39m
            [36m>[39m
              [0mValidating Reset Link[0m
            [36m</h2>[39m
            [36m<p[39m
              [33mclass[39m=[32m"text-gray-600 text-sm"[39m
            [36m>[39m
              [0mPlease wait...[0m
            [36m</p>[39m
          [36m</div>[39m
          [36m<div[39m
            [33mclass[39m=[32m"text-center py-12"[39m
          [36m>[39m
            [36m<svg[39m
              [33mclass[39m=[32m"lucide lucide-loader2 w-12 h-12 text-teal-600 mx-auto mb-4 animate-spin"[39m
              [33mfill[39m=[32m"none"[39m
              [33mheight[39m=[32m"24"[39m
              [33mstroke[39m=[32m"currentColor"[39m
              [33mstroke-linecap[39m=[32m"round"[39m
              [33mstroke-linejoin[39m=[32m"round"[39m
              [33mstroke-width[39m=[32m"2"[39m
              [33mviewBox[39m=[32m"0 0 24 24"[39m
              [33mwidth[39m=[32m"24"[39m
              [33mxmlns[39m=[32m"http://www.w3.org/2000/svg"[39m
            [36m>[39m
              [36m<path[39m
                [33md[39m=[32m"M21 12a9 9 0 1 1-6.219-8.56"[39m
              [36m/>[39m
            [36m</svg>[39m
            [36m<p[39m
              [33mclass[39m=[32m"text-gray-600"[39m
            [36m>[39m
              [0mValidating your password reset link...[0m
            [36m</p>[39m
          [36m</div>[39m
        [36m</div>[39m
        [36m<div[39m
          [33mclass[39m=[32m"text-center mt-6"[39m
        [36m>[39m
          [36m<p[39m
            [33mclass[39m=[32m"text-sm text-gray-600"[39m
          [36m>[39m
            [0m┬® 2025 EventLead. All rights reserved.[0m
          [36m</p>[39m
        [36m</div>[39m
      [36m</div>[39m
    [36m</div>[39m
  [36m</div>[39m
[36m</body>[39m
 ├ù src/features/auth/__tests__/PasswordResetConfirm.test.tsx > PasswordResetConfirm Component > Password Validation - AC-1.15.2 > should enable submit button when form is valid
   ÔåÆ Unable to find a label with the text of: /^new password$/i

Ignored nodes: comments, script, style
[36m<body>[39m
  [36m<div>[39m
    [36m<div[39m
      [33mclass[39m=[32m"min-h-screen bg-gradient-to-br from-teal-50 to-blue-50 flex items-center justify-center p-4 sm:p-6 lg:p-8"[39m
    [36m>[39m
      [36m<div[39m
        [33mclass[39m=[32m"w-full max-w-md"[39m
      [36m>[39m
        [36m<div[39m
          [33mclass[39m=[32m"text-center mb-8"[39m
        [36m>[39m
          [36m<h1[39m
            [33mclass[39m=[32m"text-3xl sm:text-4xl font-bold text-teal-600 mb-2"[39m
          [36m>[39m
            [0mEventLead[0m
          [36m</h1>[39m
          [36m<p[39m
            [33mclass[39m=[32m"text-gray-600 text-sm sm:text-base"[39m
          [36m>[39m
            [0mMulti-Tenant Event Lead Collection Platform[0m
          [36m</p>[39m
        [36m</div>[39m
        [36m<div[39m
          [33mclass[39m=[32m"bg-white rounded-lg shadow-xl p-6 sm:p-8"[39m
        [36m>[39m
          [36m<div[39m
            [33mclass[39m=[32m"mb-6"[39m
          [36m>[39m
            [36m<h2[39m
              [33mclass[39m=[32m"text-2xl font-bold text-gray-900 mb-2"[39m
            [36m>[39m
              [0mValidating Reset Link[0m
            [36m</h2>[39m
            [36m<p[39m
              [33mclass[39m=[32m"text-gray-600 text-sm"[39m
            [36m>[39m
              [0mPlease wait...[0m
            [36m</p>[39m
          [36m</div>[39m
          [36m<div[39m
            [33mclass[39m=[32m"text-center py-12"[39m
          [36m>[39m
            [36m<svg[39m
              [33mclass[39m=[32m"lucide lucide-loader2 w-12 h-12 text-teal-600 mx-auto mb-4 animate-spin"[39m
              [33mfill[39m=[32m"none"[39m
              [33mheight[39m=[32m"24"[39m
              [33mstroke[39m=[32m"currentColor"[39m
              [33mstroke-linecap[39m=[32m"round"[39m
              [33mstroke-linejoin[39m=[32m"round"[39m
              [33mstroke-width[39m=[32m"2"[39m
              [33mviewBox[39m=[32m"0 0 24 24"[39m
              [33mwidth[39m=[32m"24"[39m
              [33mxmlns[39m=[32m"http://www.w3.org/2000/svg"[39m
            [36m>[39m
              [36m<path[39m
                [33md[39m=[32m"M21 12a9 9 0 1 1-6.219-8.56"[39m
              [36m/>[39m
            [36m</svg>[39m
            [36m<p[39m
              [33mclass[39m=[32m"text-gray-600"[39m
            [36m>[39m
              [0mValidating your password reset link...[0m
            [36m</p>[39m
          [36m</div>[39m
        [36m</div>[39m
        [36m<div[39m
          [33mclass[39m=[32m"text-center mt-6"[39m
        [36m>[39m
          [36m<p[39m
            [33mclass[39m=[32m"text-sm text-gray-600"[39m
          [36m>[39m
            [0m┬® 2025 EventLead. All rights reserved.[0m
          [36m</p>[39m
        [36m</div>[39m
      [36m</div>[39m
    [36m</div>[39m
  [36m</div>[39m
[36m</body>[39m
 ├ù src/features/auth/__tests__/PasswordResetConfirm.test.tsx > PasswordResetConfirm Component > Password Strength Indicator - AC-1.15.3 > should display password strength indicator
   ÔåÆ Unable to find a label with the text of: /^new password$/i

Ignored nodes: comments, script, style
[36m<body>[39m
  [36m<div>[39m
    [36m<div[39m
      [33mclass[39m=[32m"min-h-screen bg-gradient-to-br from-teal-50 to-blue-50 flex items-center justify-center p-4 sm:p-6 lg:p-8"[39m
    [36m>[39m
      [36m<div[39m
        [33mclass[39m=[32m"w-full max-w-md"[39m
      [36m>[39m
        [36m<div[39m
          [33mclass[39m=[32m"text-center mb-8"[39m
        [36m>[39m
          [36m<h1[39m
            [33mclass[39m=[32m"text-3xl sm:text-4xl font-bold text-teal-600 mb-2"[39m
          [36m>[39m
            [0mEventLead[0m
          [36m</h1>[39m
          [36m<p[39m
            [33mclass[39m=[32m"text-gray-600 text-sm sm:text-base"[39m
          [36m>[39m
            [0mMulti-Tenant Event Lead Collection Platform[0m
          [36m</p>[39m
        [36m</div>[39m
        [36m<div[39m
          [33mclass[39m=[32m"bg-white rounded-lg shadow-xl p-6 sm:p-8"[39m
        [36m>[39m
          [36m<div[39m
            [33mclass[39m=[32m"mb-6"[39m
          [36m>[39m
            [36m<h2[39m
              [33mclass[39m=[32m"text-2xl font-bold text-gray-900 mb-2"[39m
            [36m>[39m
              [0mValidating Reset Link[0m
            [36m</h2>[39m
            [36m<p[39m
              [33mclass[39m=[32m"text-gray-600 text-sm"[39m
            [36m>[39m
              [0mPlease wait...[0m
            [36m</p>[39m
          [36m</div>[39m
          [36m<div[39m
            [33mclass[39m=[32m"text-center py-12"[39m
          [36m>[39m
            [36m<svg[39m
              [33mclass[39m=[32m"lucide lucide-loader2 w-12 h-12 text-teal-600 mx-auto mb-4 animate-spin"[39m
              [33mfill[39m=[32m"none"[39m
              [33mheight[39m=[32m"24"[39m
              [33mstroke[39m=[32m"currentColor"[39m
              [33mstroke-linecap[39m=[32m"round"[39m
              [33mstroke-linejoin[39m=[32m"round"[39m
              [33mstroke-width[39m=[32m"2"[39m
              [33mviewBox[39m=[32m"0 0 24 24"[39m
              [33mwidth[39m=[32m"24"[39m
              [33mxmlns[39m=[32m"http://www.w3.org/2000/svg"[39m
            [36m>[39m
              [36m<path[39m
                [33md[39m=[32m"M21 12a9 9 0 1 1-6.219-8.56"[39m
              [36m/>[39m
            [36m</svg>[39m
            [36m<p[39m
              [33mclass[39m=[32m"text-gray-600"[39m
            [36m>[39m
              [0mValidating your password reset link...[0m
            [36m</p>[39m
          [36m</div>[39m
        [36m</div>[39m
        [36m<div[39m
          [33mclass[39m=[32m"text-center mt-6"[39m
        [36m>[39m
          [36m<p[39m
            [33mclass[39m=[32m"text-sm text-gray-600"[39m
          [36m>[39m
            [0m┬® 2025 EventLead. All rights reserved.[0m
          [36m</p>[39m
        [36m</div>[39m
      [36m</div>[39m
    [36m</div>[39m
  [36m</div>[39m
[36m</body>[39m
 ├ù src/features/auth/__tests__/PasswordResetConfirm.test.tsx > PasswordResetConfirm Component > Password Visibility Toggle - AC-1.15.2 > should toggle new password visibility
   ÔåÆ Unable to find a label with the text of: /^new password$/i

Ignored nodes: comments, script, style
[36m<body>[39m
  [36m<div>[39m
    [36m<div[39m
      [33mclass[39m=[32m"min-h-screen bg-gradient-to-br from-teal-50 to-blue-50 flex items-center justify-center p-4 sm:p-6 lg:p-8"[39m
    [36m>[39m
      [36m<div[39m
        [33mclass[39m=[32m"w-full max-w-md"[39m
      [36m>[39m
        [36m<div[39m
          [33mclass[39m=[32m"text-center mb-8"[39m
        [36m>[39m
          [36m<h1[39m
            [33mclass[39m=[32m"text-3xl sm:text-4xl font-bold text-teal-600 mb-2"[39m
          [36m>[39m
            [0mEventLead[0m
          [36m</h1>[39m
          [36m<p[39m
            [33mclass[39m=[32m"text-gray-600 text-sm sm:text-base"[39m
          [36m>[39m
            [0mMulti-Tenant Event Lead Collection Platform[0m
          [36m</p>[39m
        [36m</div>[39m
        [36m<div[39m
          [33mclass[39m=[32m"bg-white rounded-lg shadow-xl p-6 sm:p-8"[39m
        [36m>[39m
          [36m<div[39m
            [33mclass[39m=[32m"mb-6"[39m
          [36m>[39m
            [36m<h2[39m
              [33mclass[39m=[32m"text-2xl font-bold text-gray-900 mb-2"[39m
            [36m>[39m
              [0mValidating Reset Link[0m
            [36m</h2>[39m
            [36m<p[39m
              [33mclass[39m=[32m"text-gray-600 text-sm"[39m
            [36m>[39m
              [0mPlease wait...[0m
            [36m</p>[39m
          [36m</div>[39m
          [36m<div[39m
            [33mclass[39m=[32m"text-center py-12"[39m
          [36m>[39m
            [36m<svg[39m
              [33mclass[39m=[32m"lucide lucide-loader2 w-12 h-12 text-teal-600 mx-auto mb-4 animate-spin"[39m
              [33mfill[39m=[32m"none"[39m
              [33mheight[39m=[32m"24"[39m
              [33mstroke[39m=[32m"currentColor"[39m
              [33mstroke-linecap[39m=[32m"round"[39m
              [33mstroke-linejoin[39m=[32m"round"[39m
              [33mstroke-width[39m=[32m"2"[39m
              [33mviewBox[39m=[32m"0 0 24 24"[39m
              [33mwidth[39m=[32m"24"[39m
              [33mxmlns[39m=[32m"http://www.w3.org/2000/svg"[39m
            [36m>[39m
              [36m<path[39m
                [33md[39m=[32m"M21 12a9 9 0 1 1-6.219-8.56"[39m
              [36m/>[39m
            [36m</svg>[39m
            [36m<p[39m
              [33mclass[39m=[32m"text-gray-600"[39m
            [36m>[39m
              [0mValidating your password reset link...[0m
            [36m</p>[39m
          [36m</div>[39m
        [36m</div>[39m
        [36m<div[39m
          [33mclass[39m=[32m"text-center mt-6"[39m
        [36m>[39m
          [36m<p[39m
            [33mclass[39m=[32m"text-sm text-gray-600"[39m
          [36m>[39m
            [0m┬® 2025 EventLead. All rights reserved.[0m
          [36m</p>[39m
        [36m</div>[39m
      [36m</div>[39m
    [36m</div>[39m
  [36m</div>[39m
[36m</body>[39m
 ├ù src/features/auth/__tests__/PasswordResetConfirm.test.tsx > PasswordResetConfirm Component > Password Visibility Toggle - AC-1.15.2 > should toggle confirm password visibility
   ÔåÆ Unable to find a label with the text of: /^confirm new password$/i

Ignored nodes: comments, script, style
[36m<body>[39m
  [36m<div>[39m
    [36m<div[39m
      [33mclass[39m=[32m"min-h-screen bg-gradient-to-br from-teal-50 to-blue-50 flex items-center justify-center p-4 sm:p-6 lg:p-8"[39m
    [36m>[39m
      [36m<div[39m
        [33mclass[39m=[32m"w-full max-w-md"[39m
      [36m>[39m
        [36m<div[39m
          [33mclass[39m=[32m"text-center mb-8"[39m
        [36m>[39m
          [36m<h1[39m
            [33mclass[39m=[32m"text-3xl sm:text-4xl font-bold text-teal-600 mb-2"[39m
          [36m>[39m
            [0mEventLead[0m
          [36m</h1>[39m
          [36m<p[39m
            [33mclass[39m=[32m"text-gray-600 text-sm sm:text-base"[39m
          [36m>[39m
            [0mMulti-Tenant Event Lead Collection Platform[0m
          [36m</p>[39m
        [36m</div>[39m
        [36m<div[39m
          [33mclass[39m=[32m"bg-white rounded-lg shadow-xl p-6 sm:p-8"[39m
        [36m>[39m
          [36m<div[39m
            [33mclass[39m=[32m"mb-6"[39m
          [36m>[39m
            [36m<h2[39m
              [33mclass[39m=[32m"text-2xl font-bold text-gray-900 mb-2"[39m
            [36m>[39m
              [0mValidating Reset Link[0m
            [36m</h2>[39m
            [36m<p[39m
              [33mclass[39m=[32m"text-gray-600 text-sm"[39m
            [36m>[39m
              [0mPlease wait...[0m
            [36m</p>[39m
          [36m</div>[39m
          [36m<div[39m
            [33mclass[39m=[32m"text-center py-12"[39m
          [36m>[39m
            [36m<svg[39m
              [33mclass[39m=[32m"lucide lucide-loader2 w-12 h-12 text-teal-600 mx-auto mb-4 animate-spin"[39m
              [33mfill[39m=[32m"none"[39m
              [33mheight[39m=[32m"24"[39m
              [33mstroke[39m=[32m"currentColor"[39m
              [33mstroke-linecap[39m=[32m"round"[39m
              [33mstroke-linejoin[39m=[32m"round"[39m
              [33mstroke-width[39m=[32m"2"[39m
              [33mviewBox[39m=[32m"0 0 24 24"[39m
              [33mwidth[39m=[32m"24"[39m
              [33mxmlns[39m=[32m"http://www.w3.org/2000/svg"[39m
            [36m>[39m
              [36m<path[39m
                [33md[39m=[32m"M21 12a9 9 0 1 1-6.219-8.56"[39m
              [36m/>[39m
            [36m</svg>[39m
            [36m<p[39m
              [33mclass[39m=[32m"text-gray-600"[39m
            [36m>[39m
              [0mValidating your password reset link...[0m
            [36m</p>[39m
          [36m</div>[39m
        [36m</div>[39m
        [36m<div[39m
          [33mclass[39m=[32m"text-center mt-6"[39m
        [36m>[39m
          [36m<p[39m
            [33mclass[39m=[32m"text-sm text-gray-600"[39m
          [36m>[39m
            [0m┬® 2025 EventLead. All rights reserved.[0m
          [36m</p>[39m
        [36m</div>[39m
      [36m</div>[39m
    [36m</div>[39m
  [36m</div>[39m
[36m</body>[39m
 ├ù src/features/auth/__tests__/PasswordResetConfirm.test.tsx > PasswordResetConfirm Component > Form Submission - AC-1.15.2 > should call confirmPasswordReset API on form submission
   ÔåÆ Unable to find a label with the text of: /^new password$/i

Ignored nodes: comments, script, style
[36m<body>[39m
  [36m<div>[39m
    [36m<div[39m
      [33mclass[39m=[32m"min-h-screen bg-gradient-to-br from-teal-50 to-blue-50 flex items-center justify-center p-4 sm:p-6 lg:p-8"[39m
    [36m>[39m
      [36m<div[39m
        [33mclass[39m=[32m"w-full max-w-md"[39m
      [36m>[39m
        [36m<div[39m
          [33mclass[39m=[32m"text-center mb-8"[39m
        [36m>[39m
          [36m<h1[39m
            [33mclass[39m=[32m"text-3xl sm:text-4xl font-bold text-teal-600 mb-2"[39m
          [36m>[39m
            [0mEventLead[0m
          [36m</h1>[39m
          [36m<p[39m
            [33mclass[39m=[32m"text-gray-600 text-sm sm:text-base"[39m
          [36m>[39m
            [0mMulti-Tenant Event Lead Collection Platform[0m
          [36m</p>[39m
        [36m</div>[39m
        [36m<div[39m
          [33mclass[39m=[32m"bg-white rounded-lg shadow-xl p-6 sm:p-8"[39m
        [36m>[39m
          [36m<div[39m
            [33mclass[39m=[32m"mb-6"[39m
          [36m>[39m
            [36m<h2[39m
              [33mclass[39m=[32m"text-2xl font-bold text-gray-900 mb-2"[39m
            [36m>[39m
              [0mValidating Reset Link[0m
            [36m</h2>[39m
            [36m<p[39m
              [33mclass[39m=[32m"text-gray-600 text-sm"[39m
            [36m>[39m
              [0mPlease wait...[0m
            [36m</p>[39m
          [36m</div>[39m
          [36m<div[39m
            [33mclass[39m=[32m"text-center py-12"[39m
          [36m>[39m
            [36m<svg[39m
              [33mclass[39m=[32m"lucide lucide-loader2 w-12 h-12 text-teal-600 mx-auto mb-4 animate-spin"[39m
              [33mfill[39m=[32m"none"[39m
              [33mheight[39m=[32m"24"[39m
              [33mstroke[39m=[32m"currentColor"[39m
              [33mstroke-linecap[39m=[32m"round"[39m
              [33mstroke-linejoin[39m=[32m"round"[39m
              [33mstroke-width[39m=[32m"2"[39m
              [33mviewBox[39m=[32m"0 0 24 24"[39m
              [33mwidth[39m=[32m"24"[39m
              [33mxmlns[39m=[32m"http://www.w3.org/2000/svg"[39m
            [36m>[39m
              [36m<path[39m
                [33md[39m=[32m"M21 12a9 9 0 1 1-6.219-8.56"[39m
              [36m/>[39m
            [36m</svg>[39m
            [36m<p[39m
              [33mclass[39m=[32m"text-gray-600"[39m
            [36m>[39m
              [0mValidating your password reset link...[0m
            [36m</p>[39m
          [36m</div>[39m
        [36m</div>[39m
        [36m<div[39m
          [33mclass[39m=[32m"text-center mt-6"[39m
        [36m>[39m
          [36m<p[39m
            [33mclass[39m=[32m"text-sm text-gray-600"[39m
          [36m>[39m
            [0m┬® 2025 EventLead. All rights reserved.[0m
          [36m</p>[39m
        [36m</div>[39m
      [36m</div>[39m
    [36m</div>[39m
  [36m</div>[39m
[36m</body>[39m
 ├ù src/features/auth/__tests__/PasswordResetConfirm.test.tsx > PasswordResetConfirm Component > Form Submission - AC-1.15.2 > should show loading state during submission
   ÔåÆ Unable to find a label with the text of: /^new password$/i

Ignored nodes: comments, script, style
[36m<body>[39m
  [36m<div>[39m
    [36m<div[39m
      [33mclass[39m=[32m"min-h-screen bg-gradient-to-br from-teal-50 to-blue-50 flex items-center justify-center p-4 sm:p-6 lg:p-8"[39m
    [36m>[39m
      [36m<div[39m
        [33mclass[39m=[32m"w-full max-w-md"[39m
      [36m>[39m
        [36m<div[39m
          [33mclass[39m=[32m"text-center mb-8"[39m
        [36m>[39m
          [36m<h1[39m
            [33mclass[39m=[32m"text-3xl sm:text-4xl font-bold text-teal-600 mb-2"[39m
          [36m>[39m
            [0mEventLead[0m
          [36m</h1>[39m
          [36m<p[39m
            [33mclass[39m=[32m"text-gray-600 text-sm sm:text-base"[39m
          [36m>[39m
            [0mMulti-Tenant Event Lead Collection Platform[0m
          [36m</p>[39m
        [36m</div>[39m
        [36m<div[39m
          [33mclass[39m=[32m"bg-white rounded-lg shadow-xl p-6 sm:p-8"[39m
        [36m>[39m
          [36m<div[39m
            [33mclass[39m=[32m"mb-6"[39m
          [36m>[39m
            [36m<h2[39m
              [33mclass[39m=[32m"text-2xl font-bold text-gray-900 mb-2"[39m
            [36m>[39m
              [0mValidating Reset Link[0m
            [36m</h2>[39m
            [36m<p[39m
              [33mclass[39m=[32m"text-gray-600 text-sm"[39m
            [36m>[39m
              [0mPlease wait...[0m
            [36m</p>[39m
          [36m</div>[39m
          [36m<div[39m
            [33mclass[39m=[32m"text-center py-12"[39m
          [36m>[39m
            [36m<svg[39m
              [33mclass[39m=[32m"lucide lucide-loader2 w-12 h-12 text-teal-600 mx-auto mb-4 animate-spin"[39m
              [33mfill[39m=[32m"none"[39m
              [33mheight[39m=[32m"24"[39m
              [33mstroke[39m=[32m"currentColor"[39m
              [33mstroke-linecap[39m=[32m"round"[39m
              [33mstroke-linejoin[39m=[32m"round"[39m
              [33mstroke-width[39m=[32m"2"[39m
              [33mviewBox[39m=[32m"0 0 24 24"[39m
              [33mwidth[39m=[32m"24"[39m
              [33mxmlns[39m=[32m"http://www.w3.org/2000/svg"[39m
            [36m>[39m
              [36m<path[39m
                [33md[39m=[32m"M21 12a9 9 0 1 1-6.219-8.56"[39m
              [36m/>[39m
            [36m</svg>[39m
            [36m<p[39m
              [33mclass[39m=[32m"text-gray-600"[39m
            [36m>[39m
              [0mValidating your password reset link...[0m
            [36m</p>[39m
          [36m</div>[39m
        [36m</div>[39m
        [36m<div[39m
          [33mclass[39m=[32m"text-center mt-6"[39m
        [36m>[39m
          [36m<p[39m
            [33mclass[39m=[32m"text-sm text-gray-600"[39m
          [36m>[39m
            [0m┬® 2025 EventLead. All rights reserved.[0m
          [36m</p>[39m
        [36m</div>[39m
      [36m</div>[39m
    [36m</div>[39m
  [36m</div>[39m
[36m</body>[39m
 ├ù src/features/auth/__tests__/PasswordResetConfirm.test.tsx > PasswordResetConfirm Component > Success State - AC-1.15.2 > should display success message after successful reset
   ÔåÆ Unable to find a label with the text of: /^new password$/i

Ignored nodes: comments, script, style
[36m<body>[39m
  [36m<div>[39m
    [36m<div[39m
      [33mclass[39m=[32m"min-h-screen bg-gradient-to-br from-teal-50 to-blue-50 flex items-center justify-center p-4 sm:p-6 lg:p-8"[39m
    [36m>[39m
      [36m<div[39m
        [33mclass[39m=[32m"w-full max-w-md"[39m
      [36m>[39m
        [36m<div[39m
          [33mclass[39m=[32m"text-center mb-8"[39m
        [36m>[39m
          [36m<h1[39m
            [33mclass[39m=[32m"text-3xl sm:text-4xl font-bold text-teal-600 mb-2"[39m
          [36m>[39m
            [0mEventLead[0m
          [36m</h1>[39m
          [36m<p[39m
            [33mclass[39m=[32m"text-gray-600 text-sm sm:text-base"[39m
          [36m>[39m
            [0mMulti-Tenant Event Lead Collection Platform[0m
          [36m</p>[39m
        [36m</div>[39m
        [36m<div[39m
          [33mclass[39m=[32m"bg-white rounded-lg shadow-xl p-6 sm:p-8"[39m
        [36m>[39m
          [36m<div[39m
            [33mclass[39m=[32m"mb-6"[39m
          [36m>[39m
            [36m<h2[39m
              [33mclass[39m=[32m"text-2xl font-bold text-gray-900 mb-2"[39m
            [36m>[39m
              [0mValidating Reset Link[0m
            [36m</h2>[39m
            [36m<p[39m
              [33mclass[39m=[32m"text-gray-600 text-sm"[39m
            [36m>[39m
              [0mPlease wait...[0m
            [36m</p>[39m
          [36m</div>[39m
          [36m<div[39m
            [33mclass[39m=[32m"text-center py-12"[39m
          [36m>[39m
            [36m<svg[39m
              [33mclass[39m=[32m"lucide lucide-loader2 w-12 h-12 text-teal-600 mx-auto mb-4 animate-spin"[39m
              [33mfill[39m=[32m"none"[39m
              [33mheight[39m=[32m"24"[39m
              [33mstroke[39m=[32m"currentColor"[39m
              [33mstroke-linecap[39m=[32m"round"[39m
              [33mstroke-linejoin[39m=[32m"round"[39m
              [33mstroke-width[39m=[32m"2"[39m
              [33mviewBox[39m=[32m"0 0 24 24"[39m
              [33mwidth[39m=[32m"24"[39m
              [33mxmlns[39m=[32m"http://www.w3.org/2000/svg"[39m
            [36m>[39m
              [36m<path[39m
                [33md[39m=[32m"M21 12a9 9 0 1 1-6.219-8.56"[39m
              [36m/>[39m
            [36m</svg>[39m
            [36m<p[39m
              [33mclass[39m=[32m"text-gray-600"[39m
            [36m>[39m
              [0mValidating your password reset link...[0m
            [36m</p>[39m
          [36m</div>[39m
        [36m</div>[39m
        [36m<div[39m
          [33mclass[39m=[32m"text-center mt-6"[39m
        [36m>[39m
          [36m<p[39m
            [33mclass[39m=[32m"text-sm text-gray-600"[39m
          [36m>[39m
            [0m┬® 2025 EventLead. All rights reserved.[0m
          [36m</p>[39m
        [36m</div>[39m
      [36m</div>[39m
    [36m</div>[39m
  [36m</div>[39m
[36m</body>[39m
 ├ù src/features/auth/__tests__/PasswordResetConfirm.test.tsx > PasswordResetConfirm Component > Success State - AC-1.15.2 > should provide "Go to Login Now" link after success
   ÔåÆ Unable to find a label with the text of: /^new password$/i

Ignored nodes: comments, script, style
[36m<body>[39m
  [36m<div>[39m
    [36m<div[39m
      [33mclass[39m=[32m"min-h-screen bg-gradient-to-br from-teal-50 to-blue-50 flex items-center justify-center p-4 sm:p-6 lg:p-8"[39m
    [36m>[39m
      [36m<div[39m
        [33mclass[39m=[32m"w-full max-w-md"[39m
      [36m>[39m
        [36m<div[39m
          [33mclass[39m=[32m"text-center mb-8"[39m
        [36m>[39m
          [36m<h1[39m
            [33mclass[39m=[32m"text-3xl sm:text-4xl font-bold text-teal-600 mb-2"[39m
          [36m>[39m
            [0mEventLead[0m
          [36m</h1>[39m
          [36m<p[39m
            [33mclass[39m=[32m"text-gray-600 text-sm sm:text-base"[39m
          [36m>[39m
            [0mMulti-Tenant Event Lead Collection Platform[0m
          [36m</p>[39m
        [36m</div>[39m
        [36m<div[39m
          [33mclass[39m=[32m"bg-white rounded-lg shadow-xl p-6 sm:p-8"[39m
        [36m>[39m
          [36m<div[39m
            [33mclass[39m=[32m"mb-6"[39m
          [36m>[39m
            [36m<h2[39m
              [33mclass[39m=[32m"text-2xl font-bold text-gray-900 mb-2"[39m
            [36m>[39m
              [0mValidating Reset Link[0m
            [36m</h2>[39m
            [36m<p[39m
              [33mclass[39m=[32m"text-gray-600 text-sm"[39m
            [36m>[39m
              [0mPlease wait...[0m
            [36m</p>[39m
          [36m</div>[39m
          [36m<div[39m
            [33mclass[39m=[32m"text-center py-12"[39m
          [36m>[39m
            [36m<svg[39m
              [33mclass[39m=[32m"lucide lucide-loader2 w-12 h-12 text-teal-600 mx-auto mb-4 animate-spin"[39m
              [33mfill[39m=[32m"none"[39m
              [33mheight[39m=[32m"24"[39m
              [33mstroke[39m=[32m"currentColor"[39m
              [33mstroke-linecap[39m=[32m"round"[39m
              [33mstroke-linejoin[39m=[32m"round"[39m
              [33mstroke-width[39m=[32m"2"[39m
              [33mviewBox[39m=[32m"0 0 24 24"[39m
              [33mwidth[39m=[32m"24"[39m
              [33mxmlns[39m=[32m"http://www.w3.org/2000/svg"[39m
            [36m>[39m
              [36m<path[39m
                [33md[39m=[32m"M21 12a9 9 0 1 1-6.219-8.56"[39m
              [36m/>[39m
            [36m</svg>[39m
            [36m<p[39m
              [33mclass[39m=[32m"text-gray-600"[39m
            [36m>[39m
              [0mValidating your password reset link...[0m
            [36m</p>[39m
          [36m</div>[39m
        [36m</div>[39m
        [36m<div[39m
          [33mclass[39m=[32m"text-center mt-6"[39m
        [36m>[39m
          [36m<p[39m
            [33mclass[39m=[32m"text-sm text-gray-600"[39m
          [36m>[39m
            [0m┬® 2025 EventLead. All rights reserved.[0m
          [36m</p>[39m
        [36m</div>[39m
      [36m</div>[39m
    [36m</div>[39m
  [36m</div>[39m
[36m</body>[39m
 ├ù src/features/auth/__tests__/PasswordResetConfirm.test.tsx > PasswordResetConfirm Component > Error Handling - AC-1.15.4 > should display error message for expired token
   ÔåÆ Unable to find a label with the text of: /^new password$/i

Ignored nodes: comments, script, style
[36m<body>[39m
  [36m<div>[39m
    [36m<div[39m
      [33mclass[39m=[32m"min-h-screen bg-gradient-to-br from-teal-50 to-blue-50 flex items-center justify-center p-4 sm:p-6 lg:p-8"[39m
    [36m>[39m
      [36m<div[39m
        [33mclass[39m=[32m"w-full max-w-md"[39m
      [36m>[39m
        [36m<div[39m
          [33mclass[39m=[32m"text-center mb-8"[39m
        [36m>[39m
          [36m<h1[39m
            [33mclass[39m=[32m"text-3xl sm:text-4xl font-bold text-teal-600 mb-2"[39m
          [36m>[39m
            [0mEventLead[0m
          [36m</h1>[39m
          [36m<p[39m
            [33mclass[39m=[32m"text-gray-600 text-sm sm:text-base"[39m
          [36m>[39m
            [0mMulti-Tenant Event Lead Collection Platform[0m
          [36m</p>[39m
        [36m</div>[39m
        [36m<div[39m
          [33mclass[39m=[32m"bg-white rounded-lg shadow-xl p-6 sm:p-8"[39m
        [36m>[39m
          [36m<div[39m
            [33mclass[39m=[32m"mb-6"[39m
          [36m>[39m
            [36m<h2[39m
              [33mclass[39m=[32m"text-2xl font-bold text-gray-900 mb-2"[39m
            [36m>[39m
              [0mValidating Reset Link[0m
            [36m</h2>[39m
            [36m<p[39m
              [33mclass[39m=[32m"text-gray-600 text-sm"[39m
            [36m>[39m
              [0mPlease wait...[0m
            [36m</p>[39m
          [36m</div>[39m
          [36m<div[39m
            [33mclass[39m=[32m"text-center py-12"[39m
          [36m>[39m
            [36m<svg[39m
              [33mclass[39m=[32m"lucide lucide-loader2 w-12 h-12 text-teal-600 mx-auto mb-4 animate-spin"[39m
              [33mfill[39m=[32m"none"[39m
              [33mheight[39m=[32m"24"[39m
              [33mstroke[39m=[32m"currentColor"[39m
              [33mstroke-linecap[39m=[32m"round"[39m
              [33mstroke-linejoin[39m=[32m"round"[39m
              [33mstroke-width[39m=[32m"2"[39m
              [33mviewBox[39m=[32m"0 0 24 24"[39m
              [33mwidth[39m=[32m"24"[39m
              [33mxmlns[39m=[32m"http://www.w3.org/2000/svg"[39m
            [36m>[39m
              [36m<path[39m
                [33md[39m=[32m"M21 12a9 9 0 1 1-6.219-8.56"[39m
              [36m/>[39m
            [36m</svg>[39m
            [36m<p[39m
              [33mclass[39m=[32m"text-gray-600"[39m
            [36m>[39m
              [0mValidating your password reset link...[0m
            [36m</p>[39m
          [36m</div>[39m
        [36m</div>[39m
        [36m<div[39m
          [33mclass[39m=[32m"text-center mt-6"[39m
        [36m>[39m
          [36m<p[39m
            [33mclass[39m=[32m"text-sm text-gray-600"[39m
          [36m>[39m
            [0m┬® 2025 EventLead. All rights reserved.[0m
          [36m</p>[39m
        [36m</div>[39m
      [36m</div>[39m
    [36m</div>[39m
  [36m</div>[39m
[36m</body>[39m
 ├ù src/features/auth/__tests__/PasswordResetConfirm.test.tsx > PasswordResetConfirm Component > Error Handling - AC-1.15.4 > should allow retry after error
   ÔåÆ Unable to find a label with the text of: /^new password$/i

Ignored nodes: comments, script, style
[36m<body>[39m
  [36m<div>[39m
    [36m<div[39m
      [33mclass[39m=[32m"min-h-screen bg-gradient-to-br from-teal-50 to-blue-50 flex items-center justify-center p-4 sm:p-6 lg:p-8"[39m
    [36m>[39m
      [36m<div[39m
        [33mclass[39m=[32m"w-full max-w-md"[39m
      [36m>[39m
        [36m<div[39m
          [33mclass[39m=[32m"text-center mb-8"[39m
        [36m>[39m
          [36m<h1[39m
            [33mclass[39m=[32m"text-3xl sm:text-4xl font-bold text-teal-600 mb-2"[39m
          [36m>[39m
            [0mEventLead[0m
          [36m</h1>[39m
          [36m<p[39m
            [33mclass[39m=[32m"text-gray-600 text-sm sm:text-base"[39m
          [36m>[39m
            [0mMulti-Tenant Event Lead Collection Platform[0m
          [36m</p>[39m
        [36m</div>[39m
        [36m<div[39m
          [33mclass[39m=[32m"bg-white rounded-lg shadow-xl p-6 sm:p-8"[39m
        [36m>[39m
          [36m<div[39m
            [33mclass[39m=[32m"mb-6"[39m
          [36m>[39m
            [36m<h2[39m
              [33mclass[39m=[32m"text-2xl font-bold text-gray-900 mb-2"[39m
            [36m>[39m
              [0mValidating Reset Link[0m
            [36m</h2>[39m
            [36m<p[39m
              [33mclass[39m=[32m"text-gray-600 text-sm"[39m
            [36m>[39m
              [0mPlease wait...[0m
            [36m</p>[39m
          [36m</div>[39m
          [36m<div[39m
            [33mclass[39m=[32m"text-center py-12"[39m
          [36m>[39m
            [36m<svg[39m
              [33mclass[39m=[32m"lucide lucide-loader2 w-12 h-12 text-teal-600 mx-auto mb-4 animate-spin"[39m
              [33mfill[39m=[32m"none"[39m
              [33mheight[39m=[32m"24"[39m
              [33mstroke[39m=[32m"currentColor"[39m
              [33mstroke-linecap[39m=[32m"round"[39m
              [33mstroke-linejoin[39m=[32m"round"[39m
              [33mstroke-width[39m=[32m"2"[39m
              [33mviewBox[39m=[32m"0 0 24 24"[39m
              [33mwidth[39m=[32m"24"[39m
              [33mxmlns[39m=[32m"http://www.w3.org/2000/svg"[39m
            [36m>[39m
              [36m<path[39m
                [33md[39m=[32m"M21 12a9 9 0 1 1-6.219-8.56"[39m
              [36m/>[39m
            [36m</svg>[39m
            [36m<p[39m
              [33mclass[39m=[32m"text-gray-600"[39m
            [36m>[39m
              [0mValidating your password reset link...[0m
            [36m</p>[39m
          [36m</div>[39m
        [36m</div>[39m
        [36m<div[39m
          [33mclass[39m=[32m"text-center mt-6"[39m
        [36m>[39m
          [36m<p[39m
            [33mclass[39m=[32m"text-sm text-gray-600"[39m
          [36m>[39m
            [0m┬® 2025 EventLead. All rights reserved.[0m
          [36m</p>[39m
        [36m</div>[39m
      [36m</div>[39m
    [36m</div>[39m
  [36m</div>[39m
[36m</body>[39m
 ├ù src/features/auth/__tests__/PasswordResetConfirm.test.tsx > PasswordResetConfirm Component > Accessibility - AC-1.15.5 > should have accessible form labels
   ÔåÆ Unable to find a label with the text of: /^new password$/i

Ignored nodes: comments, script, style
[36m<body>[39m
  [36m<div>[39m
    [36m<div[39m
      [33mclass[39m=[32m"min-h-screen bg-gradient-to-br from-teal-50 to-blue-50 flex items-center justify-center p-4 sm:p-6 lg:p-8"[39m
    [36m>[39m
      [36m<div[39m
        [33mclass[39m=[32m"w-full max-w-md"[39m
      [36m>[39m
        [36m<div[39m
          [33mclass[39m=[32m"text-center mb-8"[39m
        [36m>[39m
          [36m<h1[39m
            [33mclass[39m=[32m"text-3xl sm:text-4xl font-bold text-teal-600 mb-2"[39m
          [36m>[39m
            [0mEventLead[0m
          [36m</h1>[39m
          [36m<p[39m
            [33mclass[39m=[32m"text-gray-600 text-sm sm:text-base"[39m
          [36m>[39m
            [0mMulti-Tenant Event Lead Collection Platform[0m
          [36m</p>[39m
        [36m</div>[39m
        [36m<div[39m
          [33mclass[39m=[32m"bg-white rounded-lg shadow-xl p-6 sm:p-8"[39m
        [36m>[39m
          [36m<div[39m
            [33mclass[39m=[32m"mb-6"[39m
          [36m>[39m
            [36m<h2[39m
              [33mclass[39m=[32m"text-2xl font-bold text-gray-900 mb-2"[39m
            [36m>[39m
              [0mValidating Reset Link[0m
            [36m</h2>[39m
            [36m<p[39m
              [33mclass[39m=[32m"text-gray-600 text-sm"[39m
            [36m>[39m
              [0mPlease wait...[0m
            [36m</p>[39m
          [36m</div>[39m
          [36m<div[39m
            [33mclass[39m=[32m"text-center py-12"[39m
          [36m>[39m
            [36m<svg[39m
              [33mclass[39m=[32m"lucide lucide-loader2 w-12 h-12 text-teal-600 mx-auto mb-4 animate-spin"[39m
              [33mfill[39m=[32m"none"[39m
              [33mheight[39m=[32m"24"[39m
              [33mstroke[39m=[32m"currentColor"[39m
              [33mstroke-linecap[39m=[32m"round"[39m
              [33mstroke-linejoin[39m=[32m"round"[39m
              [33mstroke-width[39m=[32m"2"[39m
              [33mviewBox[39m=[32m"0 0 24 24"[39m
              [33mwidth[39m=[32m"24"[39m
              [33mxmlns[39m=[32m"http://www.w3.org/2000/svg"[39m
            [36m>[39m
              [36m<path[39m
                [33md[39m=[32m"M21 12a9 9 0 1 1-6.219-8.56"[39m
              [36m/>[39m
            [36m</svg>[39m
            [36m<p[39m
              [33mclass[39m=[32m"text-gray-600"[39m
            [36m>[39m
              [0mValidating your password reset link...[0m
            [36m</p>[39m
          [36m</div>[39m
        [36m</div>[39m
        [36m<div[39m
          [33mclass[39m=[32m"text-center mt-6"[39m
        [36m>[39m
          [36m<p[39m
            [33mclass[39m=[32m"text-sm text-gray-600"[39m
          [36m>[39m
            [0m┬® 2025 EventLead. All rights reserved.[0m
          [36m</p>[39m
        [36m</div>[39m
      [36m</div>[39m
    [36m</div>[39m
  [36m</div>[39m
[36m</body>[39m
 ├ù src/features/auth/__tests__/PasswordResetConfirm.test.tsx > PasswordResetConfirm Component > Accessibility - AC-1.15.5 > should have ARIA attributes for validation errors
   ÔåÆ Unable to find a label with the text of: /^new password$/i

Ignored nodes: comments, script, style
[36m<body>[39m
  [36m<div>[39m
    [36m<div[39m
      [33mclass[39m=[32m"min-h-screen bg-gradient-to-br from-teal-50 to-blue-50 flex items-center justify-center p-4 sm:p-6 lg:p-8"[39m
    [36m>[39m
      [36m<div[39m
        [33mclass[39m=[32m"w-full max-w-md"[39m
      [36m>[39m
        [36m<div[39m
          [33mclass[39m=[32m"text-center mb-8"[39m
        [36m>[39m
          [36m<h1[39m
            [33mclass[39m=[32m"text-3xl sm:text-4xl font-bold text-teal-600 mb-2"[39m
          [36m>[39m
            [0mEventLead[0m
          [36m</h1>[39m
          [36m<p[39m
            [33mclass[39m=[32m"text-gray-600 text-sm sm:text-base"[39m
          [36m>[39m
            [0mMulti-Tenant Event Lead Collection Platform[0m
          [36m</p>[39m
        [36m</div>[39m
        [36m<div[39m
          [33mclass[39m=[32m"bg-white rounded-lg shadow-xl p-6 sm:p-8"[39m
        [36m>[39m
          [36m<div[39m
            [33mclass[39m=[32m"mb-6"[39m
          [36m>[39m
            [36m<h2[39m
              [33mclass[39m=[32m"text-2xl font-bold text-gray-900 mb-2"[39m
            [36m>[39m
              [0mValidating Reset Link[0m
            [36m</h2>[39m
            [36m<p[39m
              [33mclass[39m=[32m"text-gray-600 text-sm"[39m
            [36m>[39m
              [0mPlease wait...[0m
            [36m</p>[39m
          [36m</div>[39m
          [36m<div[39m
            [33mclass[39m=[32m"text-center py-12"[39m
          [36m>[39m
            [36m<svg[39m
              [33mclass[39m=[32m"lucide lucide-loader2 w-12 h-12 text-teal-600 mx-auto mb-4 animate-spin"[39m
              [33mfill[39m=[32m"none"[39m
              [33mheight[39m=[32m"24"[39m
              [33mstroke[39m=[32m"currentColor"[39m
              [33mstroke-linecap[39m=[32m"round"[39m
              [33mstroke-linejoin[39m=[32m"round"[39m
              [33mstroke-width[39m=[32m"2"[39m
              [33mviewBox[39m=[32m"0 0 24 24"[39m
              [33mwidth[39m=[32m"24"[39m
              [33mxmlns[39m=[32m"http://www.w3.org/2000/svg"[39m
            [36m>[39m
              [36m<path[39m
                [33md[39m=[32m"M21 12a9 9 0 1 1-6.219-8.56"[39m
              [36m/>[39m
            [36m</svg>[39m
            [36m<p[39m
              [33mclass[39m=[32m"text-gray-600"[39m
            [36m>[39m
              [0mValidating your password reset link...[0m
            [36m</p>[39m
          [36m</div>[39m
        [36m</div>[39m
        [36m<div[39m
          [33mclass[39m=[32m"text-center mt-6"[39m
        [36m>[39m
          [36m<p[39m
            [33mclass[39m=[32m"text-sm text-gray-600"[39m
          [36m>[39m
            [0m┬® 2025 EventLead. All rights reserved.[0m
          [36m</p>[39m
        [36m</div>[39m
      [36m</div>[39m
    [36m</div>[39m
  [36m</div>[39m
[36m</body>[39m
 ├ù src/features/auth/__tests__/PasswordResetConfirm.test.tsx > PasswordResetConfirm Component > Mobile Responsive - AC-1.15.5 > should render touch-friendly buttons
   ÔåÆ Unable to find an accessible element with the role "button" and name `/reset password/i`

Here are the accessible roles:

  heading:

  Name "EventLead":
  [36m<h1[39m
    [33mclass[39m=[32m"text-3xl sm:text-4xl font-bold text-teal-600 mb-2"[39m
  [36m/>[39m

  Name "Validating Reset Link":
  [36m<h2[39m
    [33mclass[39m=[32m"text-2xl font-bold text-gray-900 mb-2"[39m
  [36m/>[39m

  --------------------------------------------------

Ignored nodes: comments, script, style
[36m<body>[39m
  [36m<div>[39m
    [36m<div[39m
      [33mclass[39m=[32m"min-h-screen bg-gradient-to-br from-teal-50 to-blue-50 flex items-center justify-center p-4 sm:p-6 lg:p-8"[39m
    [36m>[39m
      [36m<div[39m
        [33mclass[39m=[32m"w-full max-w-md"[39m
      [36m>[39m
stderr | src/features/auth/__tests__/PasswordResetConfirm.test.tsx > PasswordResetConfirm Component > Token Validation 
- AC-1.15.2 > should show error when token is missing
Warning: An update to PasswordResetConfirm inside a test was not wrapped in act(...).

When testing, code that causes React state updates should be wrapped into act(...):

act(() => {
  /* fire events that update state */
});
/* assert on the output */

This ensures that you're testing the behavior the user would see in the browser. Learn more at 
https://reactjs.org/link/wrap-tests-with-act
    at PasswordResetConfirm 
(C:\Users\tonyk\OneDrive\Projects\EventLeadPlatform\frontend\src\features\auth\pages\PasswordResetConfirm.tsx:19:48)
    at RenderedRoute (C:\Users\tonyk\OneDrive\Projects\EventLeadPlatform\frontend\node_modules\react-router\dist\umd\re
act-router.development.js:516:7)
    at Routes (C:\Users\tonyk\OneDrive\Projects\EventLeadPlatform\frontend\node_modules\react-router\dist\umd\react-rou
ter.development.js:1136:7)
    at Router (C:\Users\tonyk\OneDrive\Projects\EventLeadPlatform\frontend\node_modules\react-router\dist\umd\react-rou
ter.development.js:1074:17)
    at MemoryRouter (C:\Users\tonyk\OneDrive\Projects\EventLeadPlatform\frontend\node_modules\react-router\dist\umd\rea
ct-router.development.js:974:7)

        [36m<div[39m
          [33mclass[39m=[32m"text-center mb-8"[39m
        [36m>[39m
          [36m<h1[39m
            [33mclass[39m=[32m"text-3xl sm:text-4xl font-bold text-teal-600 mb-2"[39m
          [36m>[39m
            [0mEventLead[0m
          [36m</h1>[39m
          [36m<p[39m
            [33mclass[39m=[32m"text-gray-600 text-sm sm:text-base"[39m
          [36m>[39m
            [0mMulti-Tenant Event Lead Collection Platform[0m
          [36m</p>[39m
        [36m</div>[39m
        [36m<div[39m
          [33mclass[39m=[32m"bg-white rounded-lg shadow-xl p-6 sm:p-8"[39m
        [36m>[39m
          [36m<div[39m
            [33mclass[39m=[32m"mb-6"[39m
          [36m>[39m
            [36m<h2[39m
              [33mclass[39m=[32m"text-2xl font-bold text-gray-900 mb-2"[39m
            [36m>[39m
              [0mValidating Reset Link[0m
            [36m</h2>[39m
            [36m<p[39m
              [33mclass[39m=[32m"text-gray-600 text-sm"[39m
            [36m>[39m
              [0mPlease wait...[0m
            [36m</p>[39m
          [36m</div>[39m
          [36m<div[39m
            [33mclass[39m=[32m"text-center py-12"[39m
          [36m>[39m
            [36m<svg[39m
              [33mclass[39m=[32m"lucide lucide-loader2 w-12 h-12 text-teal-600 mx-auto mb-4 animate-spin"[39m
              [33mfill[39m=[32m"none"[39m
              [33mheight[39m=[32m"24"[39m
              [33mstroke[39m=[32m"currentColor"[39m
              [33mstroke-linecap[39m=[32m"round"[39m
              [33mstroke-linejoin[39m=[32m"round"[39m
              [33mstroke-width[39m=[32m"2"[39m
              [33mviewBox[39m=[32m"0 0 24 24"[39m
              [33mwidth[39m=[32m"24"[39m
              [33mxmlns[39m=[32m"http://www.w3.org/2000/svg"[39m
            [36m>[39m
              [36m<path[39m
                [33md[39m=[32m"M21 12a9 9 0 1 1-6.219-8.56"[39m
              [36m/>[39m
            [36m</svg>[39m
            [36m<p[39m
              [33mclass[39m=[32m"text-gray-600"[39m
            [36m>[39m
              [0mValidating your password reset link...[0m
            [36m</p>[39m
          [36m</div>[39m
        [36m</div>[39m
        [36m<div[39m
          [33mclass[39m=[32m"text-center mt-6"[39m
        [36m>[39m
          [36m<p[39m
            [33mclass[39m=[32m"text-sm text-gray-600"[39m
          [36m>[39m
            [0m┬® 2025 EventLead. All rights reserved.[0m
          [36m</p>[39m
        [36m</div>[39m
      [36m</div>[39m
    [36m</div>[39m
  [36m</div>[39m
[36m</body>[39m
stderr | src/features/auth/__tests__/PasswordResetConfirm.test.tsx > PasswordResetConfirm Component > Token Validation 
- AC-1.15.2 > should render password reset form when token is present
Warning: An update to PasswordResetConfirm inside a test was not wrapped in act(...).

When testing, code that causes React state updates should be wrapped into act(...):

act(() => {
  /* fire events that update state */
});
/* assert on the output */

This ensures that you're testing the behavior the user would see in the browser. Learn more at 
https://reactjs.org/link/wrap-tests-with-act
    at PasswordResetConfirm 
(C:\Users\tonyk\OneDrive\Projects\EventLeadPlatform\frontend\src\features\auth\pages\PasswordResetConfirm.tsx:19:48)
    at RenderedRoute (C:\Users\tonyk\OneDrive\Projects\EventLeadPlatform\frontend\node_modules\react-router\dist\umd\re
act-router.development.js:516:7)
    at Routes (C:\Users\tonyk\OneDrive\Projects\EventLeadPlatform\frontend\node_modules\react-router\dist\umd\react-rou
ter.development.js:1136:7)
    at Router (C:\Users\tonyk\OneDrive\Projects\EventLeadPlatform\frontend\node_modules\react-router\dist\umd\react-rou
ter.development.js:1074:17)
    at MemoryRouter (C:\Users\tonyk\OneDrive\Projects\EventLeadPlatform\frontend\node_modules\react-router\dist\umd\rea
ct-router.development.js:974:7)
Warning: An update to PasswordResetConfirm inside a test was not wrapped in act(...).

When testing, code that causes React state updates should be wrapped into act(...):

act(() => {
  /* fire events that update state */
});
/* assert on the output */

This ensures that you're testing the behavior the user would see in the browser. Learn more at 
https://reactjs.org/link/wrap-tests-with-act
    at PasswordResetConfirm 
(C:\Users\tonyk\OneDrive\Projects\EventLeadPlatform\frontend\src\features\auth\pages\PasswordResetConfirm.tsx:19:48)
    at RenderedRoute (C:\Users\tonyk\OneDrive\Projects\EventLeadPlatform\frontend\node_modules\react-router\dist\umd\re
act-router.development.js:516:7)
    at Routes (C:\Users\tonyk\OneDrive\Projects\EventLeadPlatform\frontend\node_modules\react-router\dist\umd\react-rou
ter.development.js:1136:7)
    at Router (C:\Users\tonyk\OneDrive\Projects\EventLeadPlatform\frontend\node_modules\react-router\dist\umd\react-rou
ter.development.js:1074:17)
    at MemoryRouter (C:\Users\tonyk\OneDrive\Projects\EventLeadPlatform\frontend\node_modules\react-router\dist\umd\rea
ct-router.development.js:974:7)
Warning: An update to PasswordResetConfirm inside a test was not wrapped in act(...).

When testing, code that causes React state updates should be wrapped into act(...):

act(() => {
  /* fire events that update state */
});
/* assert on the output */

This ensures that you're testing the behavior the user would see in the browser. Learn more at 
https://reactjs.org/link/wrap-tests-with-act
    at PasswordResetConfirm 
(C:\Users\tonyk\OneDrive\Projects\EventLeadPlatform\frontend\src\features\auth\pages\PasswordResetConfirm.tsx:19:48)
    at RenderedRoute (C:\Users\tonyk\OneDrive\Projects\EventLeadPlatform\frontend\node_modules\react-router\dist\umd\re
act-router.development.js:516:7)
    at Routes (C:\Users\tonyk\OneDrive\Projects\EventLeadPlatform\frontend\node_modules\react-router\dist\umd\react-rou
ter.development.js:1136:7)
    at Router (C:\Users\tonyk\OneDrive\Projects\EventLeadPlatform\frontend\node_modules\react-router\dist\umd\react-rou
ter.development.js:1074:17)
    at MemoryRouter (C:\Users\tonyk\OneDrive\Projects\EventLeadPlatform\frontend\node_modules\react-router\dist\umd\rea
ct-router.development.js:974:7)
Warning: An update to PasswordResetConfirm inside a test was not wrapped in act(...).

When testing, code that causes React state updates should be wrapped into act(...):

act(() => {
  /* fire events that update state */
});
/* assert on the output */

This ensures that you're testing the behavior the user would see in the browser. Learn more at 
https://reactjs.org/link/wrap-tests-with-act
    at PasswordResetConfirm 
(C:\Users\tonyk\OneDrive\Projects\EventLeadPlatform\frontend\src\features\auth\pages\PasswordResetConfirm.tsx:19:48)
    at RenderedRoute (C:\Users\tonyk\OneDrive\Projects\EventLeadPlatform\frontend\node_modules\react-router\dist\umd\re
act-router.development.js:516:7)
    at Routes (C:\Users\tonyk\OneDrive\Projects\EventLeadPlatform\frontend\node_modules\react-router\dist\umd\react-rou
ter.development.js:1136:7)
    at Router (C:\Users\tonyk\OneDrive\Projects\EventLeadPlatform\frontend\node_modules\react-router\dist\umd\react-rou
ter.development.js:1074:17)
    at MemoryRouter (C:\Users\tonyk\OneDrive\Projects\EventLeadPlatform\frontend\node_modules\react-router\dist\umd\rea
ct-router.development.js:974:7)

stderr | src/features/auth/__tests__/PasswordResetConfirm.test.tsx > PasswordResetConfirm Component > Token Validation 
- AC-1.15.2 > should show "Request New Reset Link" button when token is invalid
Warning: An update to PasswordResetConfirm inside a test was not wrapped in act(...).

When testing, code that causes React state updates should be wrapped into act(...):

act(() => {
  /* fire events that update state */
});
/* assert on the output */

This ensures that you're testing the behavior the user would see in the browser. Learn more at 
https://reactjs.org/link/wrap-tests-with-act
    at PasswordResetConfirm 
(C:\Users\tonyk\OneDrive\Projects\EventLeadPlatform\frontend\src\features\auth\pages\PasswordResetConfirm.tsx:19:48)
    at RenderedRoute (C:\Users\tonyk\OneDrive\Projects\EventLeadPlatform\frontend\node_modules\react-router\dist\umd\re
act-router.development.js:516:7)
    at Routes (C:\Users\tonyk\OneDrive\Projects\EventLeadPlatform\frontend\node_modules\react-router\dist\umd\react-rou
ter.development.js:1136:7)
    at Router (C:\Users\tonyk\OneDrive\Projects\EventLeadPlatform\frontend\node_modules\react-router\dist\umd\react-rou
ter.development.js:1074:17)
    at MemoryRouter (C:\Users\tonyk\OneDrive\Projects\EventLeadPlatform\frontend\node_modules\react-router\dist\umd\rea
ct-router.development.js:974:7)

stderr | src/features/auth/__tests__/PasswordResetConfirm.test.tsx > PasswordResetConfirm Component > Password 
Validation - AC-1.15.2 > should validate minimum password length (8 characters)
Warning: An update to PasswordResetConfirm inside a test was not wrapped in act(...).

When testing, code that causes React state updates should be wrapped into act(...):

act(() => {
  /* fire events that update state */
});
/* assert on the output */

This ensures that you're testing the behavior the user would see in the browser. Learn more at 
https://reactjs.org/link/wrap-tests-with-act
    at PasswordResetConfirm 
(C:\Users\tonyk\OneDrive\Projects\EventLeadPlatform\frontend\src\features\auth\pages\PasswordResetConfirm.tsx:19:48)
    at RenderedRoute (C:\Users\tonyk\OneDrive\Projects\EventLeadPlatform\frontend\node_modules\react-router\dist\umd\re
act-router.development.js:516:7)
    at Routes (C:\Users\tonyk\OneDrive\Projects\EventLeadPlatform\frontend\node_modules\react-router\dist\umd\react-rou
ter.development.js:1136:7)
    at Router (C:\Users\tonyk\OneDrive\Projects\EventLeadPlatform\frontend\node_modules\react-router\dist\umd\react-rou
ter.development.js:1074:17)
    at MemoryRouter (C:\Users\tonyk\OneDrive\Projects\EventLeadPlatform\frontend\node_modules\react-router\dist\umd\rea
ct-router.development.js:974:7)
Warning: An update to PasswordResetConfirm inside a test was not wrapped in act(...).

When testing, code that causes React state updates should be wrapped into act(...):

act(() => {
  /* fire events that update state */
});
/* assert on the output */

This ensures that you're testing the behavior the user would see in the browser. Learn more at 
https://reactjs.org/link/wrap-tests-with-act
    at PasswordResetConfirm 
(C:\Users\tonyk\OneDrive\Projects\EventLeadPlatform\frontend\src\features\auth\pages\PasswordResetConfirm.tsx:19:48)
    at RenderedRoute (C:\Users\tonyk\OneDrive\Projects\EventLeadPlatform\frontend\node_modules\react-router\dist\umd\re
act-router.development.js:516:7)
    at Routes (C:\Users\tonyk\OneDrive\Projects\EventLeadPlatform\frontend\node_modules\react-router\dist\umd\react-rou
ter.development.js:1136:7)
    at Router (C:\Users\tonyk\OneDrive\Projects\EventLeadPlatform\frontend\node_modules\react-router\dist\umd\react-rou
ter.development.js:1074:17)
    at MemoryRouter (C:\Users\tonyk\OneDrive\Projects\EventLeadPlatform\frontend\node_modules\react-router\dist\umd\rea
ct-router.development.js:974:7)
Warning: An update to PasswordResetConfirm inside a test was not wrapped in act(...).

When testing, code that causes React state updates should be wrapped into act(...):

act(() => {
  /* fire events that update state */
});
/* assert on the output */

This ensures that you're testing the behavior the user would see in the browser. Learn more at 
https://reactjs.org/link/wrap-tests-with-act
    at PasswordResetConfirm 
(C:\Users\tonyk\OneDrive\Projects\EventLeadPlatform\frontend\src\features\auth\pages\PasswordResetConfirm.tsx:19:48)
    at RenderedRoute (C:\Users\tonyk\OneDrive\Projects\EventLeadPlatform\frontend\node_modules\react-router\dist\umd\re
act-router.development.js:516:7)
    at Routes (C:\Users\tonyk\OneDrive\Projects\EventLeadPlatform\frontend\node_modules\react-router\dist\umd\react-rou
ter.development.js:1136:7)
    at Router (C:\Users\tonyk\OneDrive\Projects\EventLeadPlatform\frontend\node_modules\react-router\dist\umd\react-rou
ter.development.js:1074:17)
    at MemoryRouter (C:\Users\tonyk\OneDrive\Projects\EventLeadPlatform\frontend\node_modules\react-router\dist\umd\rea
ct-router.development.js:974:7)
Warning: An update to PasswordResetConfirm inside a test was not wrapped in act(...).

When testing, code that causes React state updates should be wrapped into act(...):

act(() => {
  /* fire events that update state */
});
/* assert on the output */

This ensures that you're testing the behavior the user would see in the browser. Learn more at 
https://reactjs.org/link/wrap-tests-with-act
    at PasswordResetConfirm 
(C:\Users\tonyk\OneDrive\Projects\EventLeadPlatform\frontend\src\features\auth\pages\PasswordResetConfirm.tsx:19:48)
    at RenderedRoute (C:\Users\tonyk\OneDrive\Projects\EventLeadPlatform\frontend\node_modules\react-router\dist\umd\re
act-router.development.js:516:7)
    at Routes (C:\Users\tonyk\OneDrive\Projects\EventLeadPlatform\frontend\node_modules\react-router\dist\umd\react-rou
ter.development.js:1136:7)
    at Router (C:\Users\tonyk\OneDrive\Projects\EventLeadPlatform\frontend\node_modules\react-router\dist\umd\react-rou
ter.development.js:1074:17)
    at MemoryRouter (C:\Users\tonyk\OneDrive\Projects\EventLeadPlatform\frontend\node_modules\react-router\dist\umd\rea
ct-router.development.js:974:7)

stderr | src/features/auth/__tests__/PasswordResetConfirm.test.tsx > PasswordResetConfirm Component > Password 
Validation - AC-1.15.2 > should validate passwords match
Warning: An update to PasswordResetConfirm inside a test was not wrapped in act(...).

When testing, code that causes React state updates should be wrapped into act(...):

act(() => {
  /* fire events that update state */
});
/* assert on the output */

This ensures that you're testing the behavior the user would see in the browser. Learn more at 
https://reactjs.org/link/wrap-tests-with-act
    at PasswordResetConfirm 
(C:\Users\tonyk\OneDrive\Projects\EventLeadPlatform\frontend\src\features\auth\pages\PasswordResetConfirm.tsx:19:48)
    at RenderedRoute (C:\Users\tonyk\OneDrive\Projects\EventLeadPlatform\frontend\node_modules\react-router\dist\umd\re
act-router.development.js:516:7)
    at Routes (C:\Users\tonyk\OneDrive\Projects\EventLeadPlatform\frontend\node_modules\react-router\dist\umd\react-rou
ter.development.js:1136:7)
    at Router (C:\Users\tonyk\OneDrive\Projects\EventLeadPlatform\frontend\node_modules\react-router\dist\umd\react-rou
ter.development.js:1074:17)
    at MemoryRouter (C:\Users\tonyk\OneDrive\Projects\EventLeadPlatform\frontend\node_modules\react-router\dist\umd\rea
ct-router.development.js:974:7)
Warning: An update to PasswordResetConfirm inside a test was not wrapped in act(...).

When testing, code that causes React state updates should be wrapped into act(...):

act(() => {
  /* fire events that update state */
});
/* assert on the output */

This ensures that you're testing the behavior the user would see in the browser. Learn more at 
https://reactjs.org/link/wrap-tests-with-act
    at PasswordResetConfirm 
(C:\Users\tonyk\OneDrive\Projects\EventLeadPlatform\frontend\src\features\auth\pages\PasswordResetConfirm.tsx:19:48)
    at RenderedRoute (C:\Users\tonyk\OneDrive\Projects\EventLeadPlatform\frontend\node_modules\react-router\dist\umd\re
act-router.development.js:516:7)
    at Routes (C:\Users\tonyk\OneDrive\Projects\EventLeadPlatform\frontend\node_modules\react-router\dist\umd\react-rou
ter.development.js:1136:7)
    at Router (C:\Users\tonyk\OneDrive\Projects\EventLeadPlatform\frontend\node_modules\react-router\dist\umd\react-rou
ter.development.js:1074:17)
    at MemoryRouter (C:\Users\tonyk\OneDrive\Projects\EventLeadPlatform\frontend\node_modules\react-router\dist\umd\rea
ct-router.development.js:974:7)
Warning: An update to PasswordResetConfirm inside a test was not wrapped in act(...).

When testing, code that causes React state updates should be wrapped into act(...):

act(() => {
  /* fire events that update state */
});
/* assert on the output */

This ensures that you're testing the behavior the user would see in the browser. Learn more at 
https://reactjs.org/link/wrap-tests-with-act
    at PasswordResetConfirm 
(C:\Users\tonyk\OneDrive\Projects\EventLeadPlatform\frontend\src\features\auth\pages\PasswordResetConfirm.tsx:19:48)
    at RenderedRoute (C:\Users\tonyk\OneDrive\Projects\EventLeadPlatform\frontend\node_modules\react-router\dist\umd\re
act-router.development.js:516:7)
    at Routes (C:\Users\tonyk\OneDrive\Projects\EventLeadPlatform\frontend\node_modules\react-router\dist\umd\react-rou
ter.development.js:1136:7)
    at Router (C:\Users\tonyk\OneDrive\Projects\EventLeadPlatform\frontend\node_modules\react-router\dist\umd\react-rou
ter.development.js:1074:17)
    at MemoryRouter (C:\Users\tonyk\OneDrive\Projects\EventLeadPlatform\frontend\node_modules\react-router\dist\umd\rea
ct-router.development.js:974:7)
Warning: An update to PasswordResetConfirm inside a test was not wrapped in act(...).

When testing, code that causes React state updates should be wrapped into act(...):

act(() => {
  /* fire events that update state */
});
/* assert on the output */

This ensures that you're testing the behavior the user would see in the browser. Learn more at 
https://reactjs.org/link/wrap-tests-with-act
    at PasswordResetConfirm 
(C:\Users\tonyk\OneDrive\Projects\EventLeadPlatform\frontend\src\features\auth\pages\PasswordResetConfirm.tsx:19:48)
    at RenderedRoute (C:\Users\tonyk\OneDrive\Projects\EventLeadPlatform\frontend\node_modules\react-router\dist\umd\re
act-router.development.js:516:7)
    at Routes (C:\Users\tonyk\OneDrive\Projects\EventLeadPlatform\frontend\node_modules\react-router\dist\umd\react-rou
ter.development.js:1136:7)
    at Router (C:\Users\tonyk\OneDrive\Projects\EventLeadPlatform\frontend\node_modules\react-router\dist\umd\react-rou
ter.development.js:1074:17)
    at MemoryRouter (C:\Users\tonyk\OneDrive\Projects\EventLeadPlatform\frontend\node_modules\react-router\dist\umd\rea
ct-router.development.js:974:7)

stderr | src/features/auth/__tests__/PasswordResetConfirm.test.tsx > PasswordResetConfirm Component > Password 
Validation - AC-1.15.2 > should enable submit button when form is valid
Warning: An update to PasswordResetConfirm inside a test was not wrapped in act(...).

When testing, code that causes React state updates should be wrapped into act(...):

act(() => {
  /* fire events that update state */
});
/* assert on the output */

This ensures that you're testing the behavior the user would see in the browser. Learn more at 
https://reactjs.org/link/wrap-tests-with-act
    at PasswordResetConfirm 
(C:\Users\tonyk\OneDrive\Projects\EventLeadPlatform\frontend\src\features\auth\pages\PasswordResetConfirm.tsx:19:48)
    at RenderedRoute (C:\Users\tonyk\OneDrive\Projects\EventLeadPlatform\frontend\node_modules\react-router\dist\umd\re
act-router.development.js:516:7)
    at Routes (C:\Users\tonyk\OneDrive\Projects\EventLeadPlatform\frontend\node_modules\react-router\dist\umd\react-rou
ter.development.js:1136:7)
    at Router (C:\Users\tonyk\OneDrive\Projects\EventLeadPlatform\frontend\node_modules\react-router\dist\umd\react-rou
ter.development.js:1074:17)
    at MemoryRouter (C:\Users\tonyk\OneDrive\Projects\EventLeadPlatform\frontend\node_modules\react-router\dist\umd\rea
ct-router.development.js:974:7)
Warning: An update to PasswordResetConfirm inside a test was not wrapped in act(...).

When testing, code that causes React state updates should be wrapped into act(...):

act(() => {
  /* fire events that update state */
});
/* assert on the output */

This ensures that you're testing the behavior the user would see in the browser. Learn more at 
https://reactjs.org/link/wrap-tests-with-act
    at PasswordResetConfirm 
(C:\Users\tonyk\OneDrive\Projects\EventLeadPlatform\frontend\src\features\auth\pages\PasswordResetConfirm.tsx:19:48)
    at RenderedRoute (C:\Users\tonyk\OneDrive\Projects\EventLeadPlatform\frontend\node_modules\react-router\dist\umd\re
act-router.development.js:516:7)
    at Routes (C:\Users\tonyk\OneDrive\Projects\EventLeadPlatform\frontend\node_modules\react-router\dist\umd\react-rou
ter.development.js:1136:7)
    at Router (C:\Users\tonyk\OneDrive\Projects\EventLeadPlatform\frontend\node_modules\react-router\dist\umd\react-rou
ter.development.js:1074:17)
    at MemoryRouter (C:\Users\tonyk\OneDrive\Projects\EventLeadPlatform\frontend\node_modules\react-router\dist\umd\rea
ct-router.development.js:974:7)
Warning: An update to PasswordResetConfirm inside a test was not wrapped in act(...).

When testing, code that causes React state updates should be wrapped into act(...):

act(() => {
  /* fire events that update state */
});
/* assert on the output */

This ensures that you're testing the behavior the user would see in the browser. Learn more at 
https://reactjs.org/link/wrap-tests-with-act
    at PasswordResetConfirm 
(C:\Users\tonyk\OneDrive\Projects\EventLeadPlatform\frontend\src\features\auth\pages\PasswordResetConfirm.tsx:19:48)
    at RenderedRoute (C:\Users\tonyk\OneDrive\Projects\EventLeadPlatform\frontend\node_modules\react-router\dist\umd\re
act-router.development.js:516:7)
    at Routes (C:\Users\tonyk\OneDrive\Projects\EventLeadPlatform\frontend\node_modules\react-router\dist\umd\react-rou
ter.development.js:1136:7)
    at Router (C:\Users\tonyk\OneDrive\Projects\EventLeadPlatform\frontend\node_modules\react-router\dist\umd\react-rou
ter.development.js:1074:17)
    at MemoryRouter (C:\Users\tonyk\OneDrive\Projects\EventLeadPlatform\frontend\node_modules\react-router\dist\umd\rea
ct-router.development.js:974:7)
Warning: An update to PasswordResetConfirm inside a test was not wrapped in act(...).

When testing, code that causes React state updates should be wrapped into act(...):

act(() => {
  /* fire events that update state */
});
/* assert on the output */

This ensures that you're testing the behavior the user would see in the browser. Learn more at 
https://reactjs.org/link/wrap-tests-with-act
    at PasswordResetConfirm 
(C:\Users\tonyk\OneDrive\Projects\EventLeadPlatform\frontend\src\features\auth\pages\PasswordResetConfirm.tsx:19:48)
    at RenderedRoute (C:\Users\tonyk\OneDrive\Projects\EventLeadPlatform\frontend\node_modules\react-router\dist\umd\re
act-router.development.js:516:7)
    at Routes (C:\Users\tonyk\OneDrive\Projects\EventLeadPlatform\frontend\node_modules\react-router\dist\umd\react-rou
ter.development.js:1136:7)
    at Router (C:\Users\tonyk\OneDrive\Projects\EventLeadPlatform\frontend\node_modules\react-router\dist\umd\react-rou
ter.development.js:1074:17)
    at MemoryRouter (C:\Users\tonyk\OneDrive\Projects\EventLeadPlatform\frontend\node_modules\react-router\dist\umd\rea
ct-router.development.js:974:7)

stderr | src/features/auth/__tests__/PasswordResetConfirm.test.tsx > PasswordResetConfirm Component > Password 
Strength Indicator - AC-1.15.3 > should display password strength indicator
Warning: An update to PasswordResetConfirm inside a test was not wrapped in act(...).

When testing, code that causes React state updates should be wrapped into act(...):

act(() => {
  /* fire events that update state */
});
/* assert on the output */

This ensures that you're testing the behavior the user would see in the browser. Learn more at 
https://reactjs.org/link/wrap-tests-with-act
    at PasswordResetConfirm 
(C:\Users\tonyk\OneDrive\Projects\EventLeadPlatform\frontend\src\features\auth\pages\PasswordResetConfirm.tsx:19:48)
    at RenderedRoute (C:\Users\tonyk\OneDrive\Projects\EventLeadPlatform\frontend\node_modules\react-router\dist\umd\re
act-router.development.js:516:7)
    at Routes (C:\Users\tonyk\OneDrive\Projects\EventLeadPlatform\frontend\node_modules\react-router\dist\umd\react-rou
ter.development.js:1136:7)
    at Router (C:\Users\tonyk\OneDrive\Projects\EventLeadPlatform\frontend\node_modules\react-router\dist\umd\react-rou
ter.development.js:1074:17)
    at MemoryRouter (C:\Users\tonyk\OneDrive\Projects\EventLeadPlatform\frontend\node_modules\react-router\dist\umd\rea
ct-router.development.js:974:7)
Warning: An update to PasswordResetConfirm inside a test was not wrapped in act(...).

When testing, code that causes React state updates should be wrapped into act(...):

act(() => {
  /* fire events that update state */
});
/* assert on the output */

This ensures that you're testing the behavior the user would see in the browser. Learn more at 
https://reactjs.org/link/wrap-tests-with-act
    at PasswordResetConfirm 
(C:\Users\tonyk\OneDrive\Projects\EventLeadPlatform\frontend\src\features\auth\pages\PasswordResetConfirm.tsx:19:48)
    at RenderedRoute (C:\Users\tonyk\OneDrive\Projects\EventLeadPlatform\frontend\node_modules\react-router\dist\umd\re
act-router.development.js:516:7)
    at Routes (C:\Users\tonyk\OneDrive\Projects\EventLeadPlatform\frontend\node_modules\react-router\dist\umd\react-rou
ter.development.js:1136:7)
    at Router (C:\Users\tonyk\OneDrive\Projects\EventLeadPlatform\frontend\node_modules\react-router\dist\umd\react-rou
ter.development.js:1074:17)
    at MemoryRouter (C:\Users\tonyk\OneDrive\Projects\EventLeadPlatform\frontend\node_modules\react-router\dist\umd\rea
ct-router.development.js:974:7)
Warning: An update to PasswordResetConfirm inside a test was not wrapped in act(...).

When testing, code that causes React state updates should be wrapped into act(...):

act(() => {
  /* fire events that update state */
});
/* assert on the output */

This ensures that you're testing the behavior the user would see in the browser. Learn more at 
https://reactjs.org/link/wrap-tests-with-act
    at PasswordResetConfirm 
(C:\Users\tonyk\OneDrive\Projects\EventLeadPlatform\frontend\src\features\auth\pages\PasswordResetConfirm.tsx:19:48)
    at RenderedRoute (C:\Users\tonyk\OneDrive\Projects\EventLeadPlatform\frontend\node_modules\react-router\dist\umd\re
act-router.development.js:516:7)
    at Routes (C:\Users\tonyk\OneDrive\Projects\EventLeadPlatform\frontend\node_modules\react-router\dist\umd\react-rou
ter.development.js:1136:7)
    at Router (C:\Users\tonyk\OneDrive\Projects\EventLeadPlatform\frontend\node_modules\react-router\dist\umd\react-rou
ter.development.js:1074:17)
    at MemoryRouter (C:\Users\tonyk\OneDrive\Projects\EventLeadPlatform\frontend\node_modules\react-router\dist\umd\rea
ct-router.development.js:974:7)
Warning: An update to PasswordResetConfirm inside a test was not wrapped in act(...).

When testing, code that causes React state updates should be wrapped into act(...):

act(() => {
  /* fire events that update state */
});
/* assert on the output */

This ensures that you're testing the behavior the user would see in the browser. Learn more at 
https://reactjs.org/link/wrap-tests-with-act
    at PasswordResetConfirm 
(C:\Users\tonyk\OneDrive\Projects\EventLeadPlatform\frontend\src\features\auth\pages\PasswordResetConfirm.tsx:19:48)
    at RenderedRoute (C:\Users\tonyk\OneDrive\Projects\EventLeadPlatform\frontend\node_modules\react-router\dist\umd\re
act-router.development.js:516:7)
    at Routes (C:\Users\tonyk\OneDrive\Projects\EventLeadPlatform\frontend\node_modules\react-router\dist\umd\react-rou
ter.development.js:1136:7)
    at Router (C:\Users\tonyk\OneDrive\Projects\EventLeadPlatform\frontend\node_modules\react-router\dist\umd\react-rou
ter.development.js:1074:17)
    at MemoryRouter (C:\Users\tonyk\OneDrive\Projects\EventLeadPlatform\frontend\node_modules\react-router\dist\umd\rea
ct-router.development.js:974:7)

stderr | src/features/auth/__tests__/PasswordResetConfirm.test.tsx > PasswordResetConfirm Component > Password 
Visibility Toggle - AC-1.15.2 > should toggle new password visibility
Warning: An update to PasswordResetConfirm inside a test was not wrapped in act(...).

When testing, code that causes React state updates should be wrapped into act(...):

act(() => {
  /* fire events that update state */
});
/* assert on the output */

This ensures that you're testing the behavior the user would see in the browser. Learn more at 
https://reactjs.org/link/wrap-tests-with-act
    at PasswordResetConfirm 
(C:\Users\tonyk\OneDrive\Projects\EventLeadPlatform\frontend\src\features\auth\pages\PasswordResetConfirm.tsx:19:48)
    at RenderedRoute (C:\Users\tonyk\OneDrive\Projects\EventLeadPlatform\frontend\node_modules\react-router\dist\umd\re
act-router.development.js:516:7)
    at Routes (C:\Users\tonyk\OneDrive\Projects\EventLeadPlatform\frontend\node_modules\react-router\dist\umd\react-rou
ter.development.js:1136:7)
    at Router (C:\Users\tonyk\OneDrive\Projects\EventLeadPlatform\frontend\node_modules\react-router\dist\umd\react-rou
ter.development.js:1074:17)
    at MemoryRouter (C:\Users\tonyk\OneDrive\Projects\EventLeadPlatform\frontend\node_modules\react-router\dist\umd\rea
ct-router.development.js:974:7)
Warning: An update to PasswordResetConfirm inside a test was not wrapped in act(...).

When testing, code that causes React state updates should be wrapped into act(...):

act(() => {
  /* fire events that update state */
});
/* assert on the output */

This ensures that you're testing the behavior the user would see in the browser. Learn more at 
https://reactjs.org/link/wrap-tests-with-act
    at PasswordResetConfirm 
(C:\Users\tonyk\OneDrive\Projects\EventLeadPlatform\frontend\src\features\auth\pages\PasswordResetConfirm.tsx:19:48)
    at RenderedRoute (C:\Users\tonyk\OneDrive\Projects\EventLeadPlatform\frontend\node_modules\react-router\dist\umd\re
act-router.development.js:516:7)
    at Routes (C:\Users\tonyk\OneDrive\Projects\EventLeadPlatform\frontend\node_modules\react-router\dist\umd\react-rou
ter.development.js:1136:7)
    at Router (C:\Users\tonyk\OneDrive\Projects\EventLeadPlatform\frontend\node_modules\react-router\dist\umd\react-rou
ter.development.js:1074:17)
    at MemoryRouter (C:\Users\tonyk\OneDrive\Projects\EventLeadPlatform\frontend\node_modules\react-router\dist\umd\rea
ct-router.development.js:974:7)
Warning: An update to PasswordResetConfirm inside a test was not wrapped in act(...).

When testing, code that causes React state updates should be wrapped into act(...):

act(() => {
  /* fire events that update state */
});
/* assert on the output */

This ensures that you're testing the behavior the user would see in the browser. Learn more at 
https://reactjs.org/link/wrap-tests-with-act
    at PasswordResetConfirm 
(C:\Users\tonyk\OneDrive\Projects\EventLeadPlatform\frontend\src\features\auth\pages\PasswordResetConfirm.tsx:19:48)
    at RenderedRoute (C:\Users\tonyk\OneDrive\Projects\EventLeadPlatform\frontend\node_modules\react-router\dist\umd\re
act-router.development.js:516:7)
    at Routes (C:\Users\tonyk\OneDrive\Projects\EventLeadPlatform\frontend\node_modules\react-router\dist\umd\react-rou
ter.development.js:1136:7)
    at Router (C:\Users\tonyk\OneDrive\Projects\EventLeadPlatform\frontend\node_modules\react-router\dist\umd\react-rou
ter.development.js:1074:17)
    at MemoryRouter (C:\Users\tonyk\OneDrive\Projects\EventLeadPlatform\frontend\node_modules\react-router\dist\umd\rea
ct-router.development.js:974:7)
Warning: An update to PasswordResetConfirm inside a test was not wrapped in act(...).

When testing, code that causes React state updates should be wrapped into act(...):

act(() => {
  /* fire events that update state */
});
/* assert on the output */

This ensures that you're testing the behavior the user would see in the browser. Learn more at 
https://reactjs.org/link/wrap-tests-with-act
    at PasswordResetConfirm 
(C:\Users\tonyk\OneDrive\Projects\EventLeadPlatform\frontend\src\features\auth\pages\PasswordResetConfirm.tsx:19:48)
    at RenderedRoute (C:\Users\tonyk\OneDrive\Projects\EventLeadPlatform\frontend\node_modules\react-router\dist\umd\re
act-router.development.js:516:7)
    at Routes (C:\Users\tonyk\OneDrive\Projects\EventLeadPlatform\frontend\node_modules\react-router\dist\umd\react-rou
ter.development.js:1136:7)
    at Router (C:\Users\tonyk\OneDrive\Projects\EventLeadPlatform\frontend\node_modules\react-router\dist\umd\react-rou
ter.development.js:1074:17)
    at MemoryRouter (C:\Users\tonyk\OneDrive\Projects\EventLeadPlatform\frontend\node_modules\react-router\dist\umd\rea
ct-router.development.js:974:7)

stderr | src/features/auth/__tests__/PasswordResetConfirm.test.tsx > PasswordResetConfirm Component > Password 
Visibility Toggle - AC-1.15.2 > should toggle confirm password visibility
Warning: An update to PasswordResetConfirm inside a test was not wrapped in act(...).

When testing, code that causes React state updates should be wrapped into act(...):

act(() => {
  /* fire events that update state */
});
/* assert on the output */

This ensures that you're testing the behavior the user would see in the browser. Learn more at 
https://reactjs.org/link/wrap-tests-with-act
    at PasswordResetConfirm 
(C:\Users\tonyk\OneDrive\Projects\EventLeadPlatform\frontend\src\features\auth\pages\PasswordResetConfirm.tsx:19:48)
    at RenderedRoute (C:\Users\tonyk\OneDrive\Projects\EventLeadPlatform\frontend\node_modules\react-router\dist\umd\re
act-router.development.js:516:7)
    at Routes (C:\Users\tonyk\OneDrive\Projects\EventLeadPlatform\frontend\node_modules\react-router\dist\umd\react-rou
ter.development.js:1136:7)
    at Router (C:\Users\tonyk\OneDrive\Projects\EventLeadPlatform\frontend\node_modules\react-router\dist\umd\react-rou
ter.development.js:1074:17)
    at MemoryRouter (C:\Users\tonyk\OneDrive\Projects\EventLeadPlatform\frontend\node_modules\react-router\dist\umd\rea
ct-router.development.js:974:7)
Warning: An update to PasswordResetConfirm inside a test was not wrapped in act(...).

When testing, code that causes React state updates should be wrapped into act(...):

act(() => {
  /* fire events that update state */
});
/* assert on the output */

This ensures that you're testing the behavior the user would see in the browser. Learn more at 
https://reactjs.org/link/wrap-tests-with-act
    at PasswordResetConfirm 
(C:\Users\tonyk\OneDrive\Projects\EventLeadPlatform\frontend\src\features\auth\pages\PasswordResetConfirm.tsx:19:48)
    at RenderedRoute (C:\Users\tonyk\OneDrive\Projects\EventLeadPlatform\frontend\node_modules\react-router\dist\umd\re
act-router.development.js:516:7)
    at Routes (C:\Users\tonyk\OneDrive\Projects\EventLeadPlatform\frontend\node_modules\react-router\dist\umd\react-rou
ter.development.js:1136:7)
    at Router (C:\Users\tonyk\OneDrive\Projects\EventLeadPlatform\frontend\node_modules\react-router\dist\umd\react-rou
ter.development.js:1074:17)
    at MemoryRouter (C:\Users\tonyk\OneDrive\Projects\EventLeadPlatform\frontend\node_modules\react-router\dist\umd\rea
ct-router.development.js:974:7)
Warning: An update to PasswordResetConfirm inside a test was not wrapped in act(...).

When testing, code that causes React state updates should be wrapped into act(...):

act(() => {
  /* fire events that update state */
});
/* assert on the output */

This ensures that you're testing the behavior the user would see in the browser. Learn more at 
https://reactjs.org/link/wrap-tests-with-act
    at PasswordResetConfirm 
(C:\Users\tonyk\OneDrive\Projects\EventLeadPlatform\frontend\src\features\auth\pages\PasswordResetConfirm.tsx:19:48)
    at RenderedRoute (C:\Users\tonyk\OneDrive\Projects\EventLeadPlatform\frontend\node_modules\react-router\dist\umd\re
act-router.development.js:516:7)
    at Routes (C:\Users\tonyk\OneDrive\Projects\EventLeadPlatform\frontend\node_modules\react-router\dist\umd\react-rou
ter.development.js:1136:7)
    at Router (C:\Users\tonyk\OneDrive\Projects\EventLeadPlatform\frontend\node_modules\react-router\dist\umd\react-rou
ter.development.js:1074:17)
    at MemoryRouter (C:\Users\tonyk\OneDrive\Projects\EventLeadPlatform\frontend\node_modules\react-router\dist\umd\rea
ct-router.development.js:974:7)
Warning: An update to PasswordResetConfirm inside a test was not wrapped in act(...).

When testing, code that causes React state updates should be wrapped into act(...):

act(() => {
  /* fire events that update state */
});
/* assert on the output */

This ensures that you're testing the behavior the user would see in the browser. Learn more at 
https://reactjs.org/link/wrap-tests-with-act
    at PasswordResetConfirm 
(C:\Users\tonyk\OneDrive\Projects\EventLeadPlatform\frontend\src\features\auth\pages\PasswordResetConfirm.tsx:19:48)
    at RenderedRoute (C:\Users\tonyk\OneDrive\Projects\EventLeadPlatform\frontend\node_modules\react-router\dist\umd\re
act-router.development.js:516:7)
    at Routes (C:\Users\tonyk\OneDrive\Projects\EventLeadPlatform\frontend\node_modules\react-router\dist\umd\react-rou
ter.development.js:1136:7)
    at Router (C:\Users\tonyk\OneDrive\Projects\EventLeadPlatform\frontend\node_modules\react-router\dist\umd\react-rou
ter.development.js:1074:17)
    at MemoryRouter (C:\Users\tonyk\OneDrive\Projects\EventLeadPlatform\frontend\node_modules\react-router\dist\umd\rea
ct-router.development.js:974:7)

stderr | src/features/auth/__tests__/PasswordResetConfirm.test.tsx > PasswordResetConfirm Component > Form Submission 
- AC-1.15.2 > should call confirmPasswordReset API on form submission
Warning: An update to PasswordResetConfirm inside a test was not wrapped in act(...).

When testing, code that causes React state updates should be wrapped into act(...):

act(() => {
  /* fire events that update state */
});
/* assert on the output */

This ensures that you're testing the behavior the user would see in the browser. Learn more at 
https://reactjs.org/link/wrap-tests-with-act
    at PasswordResetConfirm 
(C:\Users\tonyk\OneDrive\Projects\EventLeadPlatform\frontend\src\features\auth\pages\PasswordResetConfirm.tsx:19:48)
    at RenderedRoute (C:\Users\tonyk\OneDrive\Projects\EventLeadPlatform\frontend\node_modules\react-router\dist\umd\re
act-router.development.js:516:7)
    at Routes (C:\Users\tonyk\OneDrive\Projects\EventLeadPlatform\frontend\node_modules\react-router\dist\umd\react-rou
ter.development.js:1136:7)
    at Router (C:\Users\tonyk\OneDrive\Projects\EventLeadPlatform\frontend\node_modules\react-router\dist\umd\react-rou
ter.development.js:1074:17)
    at MemoryRouter (C:\Users\tonyk\OneDrive\Projects\EventLeadPlatform\frontend\node_modules\react-router\dist\umd\rea
ct-router.development.js:974:7)
Warning: An update to PasswordResetConfirm inside a test was not wrapped in act(...).

When testing, code that causes React state updates should be wrapped into act(...):

act(() => {
  /* fire events that update state */
});
/* assert on the output */

This ensures that you're testing the behavior the user would see in the browser. Learn more at 
https://reactjs.org/link/wrap-tests-with-act
    at PasswordResetConfirm 
(C:\Users\tonyk\OneDrive\Projects\EventLeadPlatform\frontend\src\features\auth\pages\PasswordResetConfirm.tsx:19:48)
    at RenderedRoute (C:\Users\tonyk\OneDrive\Projects\EventLeadPlatform\frontend\node_modules\react-router\dist\umd\re
act-router.development.js:516:7)
    at Routes (C:\Users\tonyk\OneDrive\Projects\EventLeadPlatform\frontend\node_modules\react-router\dist\umd\react-rou
ter.development.js:1136:7)
    at Router (C:\Users\tonyk\OneDrive\Projects\EventLeadPlatform\frontend\node_modules\react-router\dist\umd\react-rou
ter.development.js:1074:17)
    at MemoryRouter (C:\Users\tonyk\OneDrive\Projects\EventLeadPlatform\frontend\node_modules\react-router\dist\umd\rea
ct-router.development.js:974:7)
Warning: An update to PasswordResetConfirm inside a test was not wrapped in act(...).

When testing, code that causes React state updates should be wrapped into act(...):

act(() => {
  /* fire events that update state */
});
/* assert on the output */

This ensures that you're testing the behavior the user would see in the browser. Learn more at 
https://reactjs.org/link/wrap-tests-with-act
    at PasswordResetConfirm 
(C:\Users\tonyk\OneDrive\Projects\EventLeadPlatform\frontend\src\features\auth\pages\PasswordResetConfirm.tsx:19:48)
    at RenderedRoute (C:\Users\tonyk\OneDrive\Projects\EventLeadPlatform\frontend\node_modules\react-router\dist\umd\re
act-router.development.js:516:7)
    at Routes (C:\Users\tonyk\OneDrive\Projects\EventLeadPlatform\frontend\node_modules\react-router\dist\umd\react-rou
ter.development.js:1136:7)
    at Router (C:\Users\tonyk\OneDrive\Projects\EventLeadPlatform\frontend\node_modules\react-router\dist\umd\react-rou
ter.development.js:1074:17)
    at MemoryRouter (C:\Users\tonyk\OneDrive\Projects\EventLeadPlatform\frontend\node_modules\react-router\dist\umd\rea
ct-router.development.js:974:7)
Warning: An update to PasswordResetConfirm inside a test was not wrapped in act(...).

When testing, code that causes React state updates should be wrapped into act(...):

act(() => {
  /* fire events that update state */
});
/* assert on the output */

This ensures that you're testing the behavior the user would see in the browser. Learn more at 
https://reactjs.org/link/wrap-tests-with-act
    at PasswordResetConfirm 
(C:\Users\tonyk\OneDrive\Projects\EventLeadPlatform\frontend\src\features\auth\pages\PasswordResetConfirm.tsx:19:48)
    at RenderedRoute (C:\Users\tonyk\OneDrive\Projects\EventLeadPlatform\frontend\node_modules\react-router\dist\umd\re
act-router.development.js:516:7)
    at Routes (C:\Users\tonyk\OneDrive\Projects\EventLeadPlatform\frontend\node_modules\react-router\dist\umd\react-rou
ter.development.js:1136:7)
    at Router (C:\Users\tonyk\OneDrive\Projects\EventLeadPlatform\frontend\node_modules\react-router\dist\umd\react-rou
ter.development.js:1074:17)
    at MemoryRouter (C:\Users\tonyk\OneDrive\Projects\EventLeadPlatform\frontend\node_modules\react-router\dist\umd\rea
ct-router.development.js:974:7)

stderr | src/features/auth/__tests__/PasswordResetConfirm.test.tsx > PasswordResetConfirm Component > Form Submission 
- AC-1.15.2 > should show loading state during submission
Warning: An update to PasswordResetConfirm inside a test was not wrapped in act(...).

When testing, code that causes React state updates should be wrapped into act(...):

act(() => {
  /* fire events that update state */
});
/* assert on the output */

This ensures that you're testing the behavior the user would see in the browser. Learn more at 
https://reactjs.org/link/wrap-tests-with-act
    at PasswordResetConfirm 
(C:\Users\tonyk\OneDrive\Projects\EventLeadPlatform\frontend\src\features\auth\pages\PasswordResetConfirm.tsx:19:48)
    at RenderedRoute (C:\Users\tonyk\OneDrive\Projects\EventLeadPlatform\frontend\node_modules\react-router\dist\umd\re
act-router.development.js:516:7)
    at Routes (C:\Users\tonyk\OneDrive\Projects\EventLeadPlatform\frontend\node_modules\react-router\dist\umd\react-rou
ter.development.js:1136:7)
    at Router (C:\Users\tonyk\OneDrive\Projects\EventLeadPlatform\frontend\node_modules\react-router\dist\umd\react-rou
ter.development.js:1074:17)
    at MemoryRouter (C:\Users\tonyk\OneDrive\Projects\EventLeadPlatform\frontend\node_modules\react-router\dist\umd\rea
ct-router.development.js:974:7)
Warning: An update to PasswordResetConfirm inside a test was not wrapped in act(...).

When testing, code that causes React state updates should be wrapped into act(...):

act(() => {
  /* fire events that update state */
});
/* assert on the output */

This ensures that you're testing the behavior the user would see in the browser. Learn more at 
https://reactjs.org/link/wrap-tests-with-act
    at PasswordResetConfirm 
(C:\Users\tonyk\OneDrive\Projects\EventLeadPlatform\frontend\src\features\auth\pages\PasswordResetConfirm.tsx:19:48)
    at RenderedRoute (C:\Users\tonyk\OneDrive\Projects\EventLeadPlatform\frontend\node_modules\react-router\dist\umd\re
act-router.development.js:516:7)
    at Routes (C:\Users\tonyk\OneDrive\Projects\EventLeadPlatform\frontend\node_modules\react-router\dist\umd\react-rou
ter.development.js:1136:7)
    at Router (C:\Users\tonyk\OneDrive\Projects\EventLeadPlatform\frontend\node_modules\react-router\dist\umd\react-rou
ter.development.js:1074:17)
    at MemoryRouter (C:\Users\tonyk\OneDrive\Projects\EventLeadPlatform\frontend\node_modules\react-router\dist\umd\rea
ct-router.development.js:974:7)
Warning: An update to PasswordResetConfirm inside a test was not wrapped in act(...).

When testing, code that causes React state updates should be wrapped into act(...):

act(() => {
  /* fire events that update state */
});
/* assert on the output */

This ensures that you're testing the behavior the user would see in the browser. Learn more at 
https://reactjs.org/link/wrap-tests-with-act
    at PasswordResetConfirm 
(C:\Users\tonyk\OneDrive\Projects\EventLeadPlatform\frontend\src\features\auth\pages\PasswordResetConfirm.tsx:19:48)
    at RenderedRoute (C:\Users\tonyk\OneDrive\Projects\EventLeadPlatform\frontend\node_modules\react-router\dist\umd\re
act-router.development.js:516:7)
    at Routes (C:\Users\tonyk\OneDrive\Projects\EventLeadPlatform\frontend\node_modules\react-router\dist\umd\react-rou
ter.development.js:1136:7)
    at Router (C:\Users\tonyk\OneDrive\Projects\EventLeadPlatform\frontend\node_modules\react-router\dist\umd\react-rou
ter.development.js:1074:17)
    at MemoryRouter (C:\Users\tonyk\OneDrive\Projects\EventLeadPlatform\frontend\node_modules\react-router\dist\umd\rea
ct-router.development.js:974:7)
Warning: An update to PasswordResetConfirm inside a test was not wrapped in act(...).

When testing, code that causes React state updates should be wrapped into act(...):

act(() => {
  /* fire events that update state */
});
/* assert on the output */

This ensures that you're testing the behavior the user would see in the browser. Learn more at 
https://reactjs.org/link/wrap-tests-with-act
    at PasswordResetConfirm 
(C:\Users\tonyk\OneDrive\Projects\EventLeadPlatform\frontend\src\features\auth\pages\PasswordResetConfirm.tsx:19:48)
    at RenderedRoute (C:\Users\tonyk\OneDrive\Projects\EventLeadPlatform\frontend\node_modules\react-router\dist\umd\re
act-router.development.js:516:7)
    at Routes (C:\Users\tonyk\OneDrive\Projects\EventLeadPlatform\frontend\node_modules\react-router\dist\umd\react-rou
ter.development.js:1136:7)
    at Router (C:\Users\tonyk\OneDrive\Projects\EventLeadPlatform\frontend\node_modules\react-router\dist\umd\react-rou
ter.development.js:1074:17)
    at MemoryRouter (C:\Users\tonyk\OneDrive\Projects\EventLeadPlatform\frontend\node_modules\react-router\dist\umd\rea
ct-router.development.js:974:7)

stderr | src/features/auth/__tests__/PasswordResetConfirm.test.tsx > PasswordResetConfirm Component > Success State - 
AC-1.15.2 > should display success message after successful reset
Warning: An update to PasswordResetConfirm inside a test was not wrapped in act(...).

When testing, code that causes React state updates should be wrapped into act(...):

act(() => {
  /* fire events that update state */
});
/* assert on the output */

This ensures that you're testing the behavior the user would see in the browser. Learn more at 
https://reactjs.org/link/wrap-tests-with-act
    at PasswordResetConfirm 
(C:\Users\tonyk\OneDrive\Projects\EventLeadPlatform\frontend\src\features\auth\pages\PasswordResetConfirm.tsx:19:48)
    at RenderedRoute (C:\Users\tonyk\OneDrive\Projects\EventLeadPlatform\frontend\node_modules\react-router\dist\umd\re
act-router.development.js:516:7)
    at Routes (C:\Users\tonyk\OneDrive\Projects\EventLeadPlatform\frontend\node_modules\react-router\dist\umd\react-rou
ter.development.js:1136:7)
    at Router (C:\Users\tonyk\OneDrive\Projects\EventLeadPlatform\frontend\node_modules\react-router\dist\umd\react-rou
ter.development.js:1074:17)
    at MemoryRouter (C:\Users\tonyk\OneDrive\Projects\EventLeadPlatform\frontend\node_modules\react-router\dist\umd\rea
ct-router.development.js:974:7)
Warning: An update to PasswordResetConfirm inside a test was not wrapped in act(...).

When testing, code that causes React state updates should be wrapped into act(...):

act(() => {
  /* fire events that update state */
});
/* assert on the output */

This ensures that you're testing the behavior the user would see in the browser. Learn more at 
https://reactjs.org/link/wrap-tests-with-act
    at PasswordResetConfirm 
(C:\Users\tonyk\OneDrive\Projects\EventLeadPlatform\frontend\src\features\auth\pages\PasswordResetConfirm.tsx:19:48)
    at RenderedRoute (C:\Users\tonyk\OneDrive\Projects\EventLeadPlatform\frontend\node_modules\react-router\dist\umd\re
act-router.development.js:516:7)
    at Routes (C:\Users\tonyk\OneDrive\Projects\EventLeadPlatform\frontend\node_modules\react-router\dist\umd\react-rou
ter.development.js:1136:7)
    at Router (C:\Users\tonyk\OneDrive\Projects\EventLeadPlatform\frontend\node_modules\react-router\dist\umd\react-rou
ter.development.js:1074:17)
    at MemoryRouter (C:\Users\tonyk\OneDrive\Projects\EventLeadPlatform\frontend\node_modules\react-router\dist\umd\rea
ct-router.development.js:974:7)
Warning: An update to PasswordResetConfirm inside a test was not wrapped in act(...).

When testing, code that causes React state updates should be wrapped into act(...):

act(() => {
  /* fire events that update state */
});
/* assert on the output */

This ensures that you're testing the behavior the user would see in the browser. Learn more at 
https://reactjs.org/link/wrap-tests-with-act
    at PasswordResetConfirm 
(C:\Users\tonyk\OneDrive\Projects\EventLeadPlatform\frontend\src\features\auth\pages\PasswordResetConfirm.tsx:19:48)
    at RenderedRoute (C:\Users\tonyk\OneDrive\Projects\EventLeadPlatform\frontend\node_modules\react-router\dist\umd\re
act-router.development.js:516:7)
    at Routes (C:\Users\tonyk\OneDrive\Projects\EventLeadPlatform\frontend\node_modules\react-router\dist\umd\react-rou
ter.development.js:1136:7)
    at Router (C:\Users\tonyk\OneDrive\Projects\EventLeadPlatform\frontend\node_modules\react-router\dist\umd\react-rou
ter.development.js:1074:17)
    at MemoryRouter (C:\Users\tonyk\OneDrive\Projects\EventLeadPlatform\frontend\node_modules\react-router\dist\umd\rea
ct-router.development.js:974:7)
Warning: An update to PasswordResetConfirm inside a test was not wrapped in act(...).

When testing, code that causes React state updates should be wrapped into act(...):

act(() => {
  /* fire events that update state */
});
/* assert on the output */

This ensures that you're testing the behavior the user would see in the browser. Learn more at 
https://reactjs.org/link/wrap-tests-with-act
    at PasswordResetConfirm 
(C:\Users\tonyk\OneDrive\Projects\EventLeadPlatform\frontend\src\features\auth\pages\PasswordResetConfirm.tsx:19:48)
    at RenderedRoute (C:\Users\tonyk\OneDrive\Projects\EventLeadPlatform\frontend\node_modules\react-router\dist\umd\re
act-router.development.js:516:7)
    at Routes (C:\Users\tonyk\OneDrive\Projects\EventLeadPlatform\frontend\node_modules\react-router\dist\umd\react-rou
ter.development.js:1136:7)
    at Router (C:\Users\tonyk\OneDrive\Projects\EventLeadPlatform\frontend\node_modules\react-router\dist\umd\react-rou
ter.development.js:1074:17)
    at MemoryRouter (C:\Users\tonyk\OneDrive\Projects\EventLeadPlatform\frontend\node_modules\react-router\dist\umd\rea
ct-router.development.js:974:7)

stderr | src/features/auth/__tests__/PasswordResetConfirm.test.tsx > PasswordResetConfirm Component > Success State - 
AC-1.15.2 > should provide "Go to Login Now" link after success
Warning: An update to PasswordResetConfirm inside a test was not wrapped in act(...).

When testing, code that causes React state updates should be wrapped into act(...):

act(() => {
  /* fire events that update state */
});
/* assert on the output */

This ensures that you're testing the behavior the user would see in the browser. Learn more at 
https://reactjs.org/link/wrap-tests-with-act
    at PasswordResetConfirm 
(C:\Users\tonyk\OneDrive\Projects\EventLeadPlatform\frontend\src\features\auth\pages\PasswordResetConfirm.tsx:19:48)
    at RenderedRoute (C:\Users\tonyk\OneDrive\Projects\EventLeadPlatform\frontend\node_modules\react-router\dist\umd\re
act-router.development.js:516:7)
    at Routes (C:\Users\tonyk\OneDrive\Projects\EventLeadPlatform\frontend\node_modules\react-router\dist\umd\react-rou
ter.development.js:1136:7)
    at Router (C:\Users\tonyk\OneDrive\Projects\EventLeadPlatform\frontend\node_modules\react-router\dist\umd\react-rou
ter.development.js:1074:17)
    at MemoryRouter (C:\Users\tonyk\OneDrive\Projects\EventLeadPlatform\frontend\node_modules\react-router\dist\umd\rea
ct-router.development.js:974:7)
Warning: An update to PasswordResetConfirm inside a test was not wrapped in act(...).

When testing, code that causes React state updates should be wrapped into act(...):

act(() => {
  /* fire events that update state */
});
/* assert on the output */

This ensures that you're testing the behavior the user would see in the browser. Learn more at 
https://reactjs.org/link/wrap-tests-with-act
    at PasswordResetConfirm 
(C:\Users\tonyk\OneDrive\Projects\EventLeadPlatform\frontend\src\features\auth\pages\PasswordResetConfirm.tsx:19:48)
    at RenderedRoute (C:\Users\tonyk\OneDrive\Projects\EventLeadPlatform\frontend\node_modules\react-router\dist\umd\re
act-router.development.js:516:7)
    at Routes (C:\Users\tonyk\OneDrive\Projects\EventLeadPlatform\frontend\node_modules\react-router\dist\umd\react-rou
ter.development.js:1136:7)
    at Router (C:\Users\tonyk\OneDrive\Projects\EventLeadPlatform\frontend\node_modules\react-router\dist\umd\react-rou
ter.development.js:1074:17)
    at MemoryRouter (C:\Users\tonyk\OneDrive\Projects\EventLeadPlatform\frontend\node_modules\react-router\dist\umd\rea
ct-router.development.js:974:7)
Warning: An update to PasswordResetConfirm inside a test was not wrapped in act(...).

When testing, code that causes React state updates should be wrapped into act(...):

act(() => {
  /* fire events that update state */
});
/* assert on the output */

This ensures that you're testing the behavior the user would see in the browser. Learn more at 
https://reactjs.org/link/wrap-tests-with-act
    at PasswordResetConfirm 
(C:\Users\tonyk\OneDrive\Projects\EventLeadPlatform\frontend\src\features\auth\pages\PasswordResetConfirm.tsx:19:48)
    at RenderedRoute (C:\Users\tonyk\OneDrive\Projects\EventLeadPlatform\frontend\node_modules\react-router\dist\umd\re
act-router.development.js:516:7)
    at Routes (C:\Users\tonyk\OneDrive\Projects\EventLeadPlatform\frontend\node_modules\react-router\dist\umd\react-rou
ter.development.js:1136:7)
    at Router (C:\Users\tonyk\OneDrive\Projects\EventLeadPlatform\frontend\node_modules\react-router\dist\umd\react-rou
ter.development.js:1074:17)
    at MemoryRouter (C:\Users\tonyk\OneDrive\Projects\EventLeadPlatform\frontend\node_modules\react-router\dist\umd\rea
ct-router.development.js:974:7)
Warning: An update to PasswordResetConfirm inside a test was not wrapped in act(...).

When testing, code that causes React state updates should be wrapped into act(...):

act(() => {
  /* fire events that update state */
});
/* assert on the output */

This ensures that you're testing the behavior the user would see in the browser. Learn more at 
https://reactjs.org/link/wrap-tests-with-act
    at PasswordResetConfirm 
(C:\Users\tonyk\OneDrive\Projects\EventLeadPlatform\frontend\src\features\auth\pages\PasswordResetConfirm.tsx:19:48)
    at RenderedRoute (C:\Users\tonyk\OneDrive\Projects\EventLeadPlatform\frontend\node_modules\react-router\dist\umd\re
act-router.development.js:516:7)
    at Routes (C:\Users\tonyk\OneDrive\Projects\EventLeadPlatform\frontend\node_modules\react-router\dist\umd\react-rou
ter.development.js:1136:7)
    at Router (C:\Users\tonyk\OneDrive\Projects\EventLeadPlatform\frontend\node_modules\react-router\dist\umd\react-rou
ter.development.js:1074:17)
    at MemoryRouter (C:\Users\tonyk\OneDrive\Projects\EventLeadPlatform\frontend\node_modules\react-router\dist\umd\rea
ct-router.development.js:974:7)

stderr | src/features/auth/__tests__/PasswordResetConfirm.test.tsx > PasswordResetConfirm Component > Error Handling - 
AC-1.15.4 > should display error message for expired token
Warning: An update to PasswordResetConfirm inside a test was not wrapped in act(...).

When testing, code that causes React state updates should be wrapped into act(...):

act(() => {
  /* fire events that update state */
});
/* assert on the output */

This ensures that you're testing the behavior the user would see in the browser. Learn more at 
https://reactjs.org/link/wrap-tests-with-act
    at PasswordResetConfirm 
(C:\Users\tonyk\OneDrive\Projects\EventLeadPlatform\frontend\src\features\auth\pages\PasswordResetConfirm.tsx:19:48)
    at RenderedRoute (C:\Users\tonyk\OneDrive\Projects\EventLeadPlatform\frontend\node_modules\react-router\dist\umd\re
act-router.development.js:516:7)
    at Routes (C:\Users\tonyk\OneDrive\Projects\EventLeadPlatform\frontend\node_modules\react-router\dist\umd\react-rou
ter.development.js:1136:7)
    at Router (C:\Users\tonyk\OneDrive\Projects\EventLeadPlatform\frontend\node_modules\react-router\dist\umd\react-rou
ter.development.js:1074:17)
    at MemoryRouter (C:\Users\tonyk\OneDrive\Projects\EventLeadPlatform\frontend\node_modules\react-router\dist\umd\rea
ct-router.development.js:974:7)
Warning: An update to PasswordResetConfirm inside a test was not wrapped in act(...).

When testing, code that causes React state updates should be wrapped into act(...):

act(() => {
  /* fire events that update state */
});
/* assert on the output */

This ensures that you're testing the behavior the user would see in the browser. Learn more at 
https://reactjs.org/link/wrap-tests-with-act
    at PasswordResetConfirm 
(C:\Users\tonyk\OneDrive\Projects\EventLeadPlatform\frontend\src\features\auth\pages\PasswordResetConfirm.tsx:19:48)
    at RenderedRoute (C:\Users\tonyk\OneDrive\Projects\EventLeadPlatform\frontend\node_modules\react-router\dist\umd\re
act-router.development.js:516:7)
    at Routes (C:\Users\tonyk\OneDrive\Projects\EventLeadPlatform\frontend\node_modules\react-router\dist\umd\react-rou
ter.development.js:1136:7)
    at Router (C:\Users\tonyk\OneDrive\Projects\EventLeadPlatform\frontend\node_modules\react-router\dist\umd\react-rou
ter.development.js:1074:17)
    at MemoryRouter (C:\Users\tonyk\OneDrive\Projects\EventLeadPlatform\frontend\node_modules\react-router\dist\umd\rea
ct-router.development.js:974:7)
Warning: An update to PasswordResetConfirm inside a test was not wrapped in act(...).

When testing, code that causes React state updates should be wrapped into act(...):

act(() => {
  /* fire events that update state */
});
/* assert on the output */

This ensures that you're testing the behavior the user would see in the browser. Learn more at 
https://reactjs.org/link/wrap-tests-with-act
    at PasswordResetConfirm 
(C:\Users\tonyk\OneDrive\Projects\EventLeadPlatform\frontend\src\features\auth\pages\PasswordResetConfirm.tsx:19:48)
    at RenderedRoute (C:\Users\tonyk\OneDrive\Projects\EventLeadPlatform\frontend\node_modules\react-router\dist\umd\re
act-router.development.js:516:7)
    at Routes (C:\Users\tonyk\OneDrive\Projects\EventLeadPlatform\frontend\node_modules\react-router\dist\umd\react-rou
ter.development.js:1136:7)
    at Router (C:\Users\tonyk\OneDrive\Projects\EventLeadPlatform\frontend\node_modules\react-router\dist\umd\react-rou
ter.development.js:1074:17)
    at MemoryRouter (C:\Users\tonyk\OneDrive\Projects\EventLeadPlatform\frontend\node_modules\react-router\dist\umd\rea
ct-router.development.js:974:7)
Warning: An update to PasswordResetConfirm inside a test was not wrapped in act(...).

When testing, code that causes React state updates should be wrapped into act(...):

act(() => {
  /* fire events that update state */
});
/* assert on the output */

This ensures that you're testing the behavior the user would see in the browser. Learn more at 
https://reactjs.org/link/wrap-tests-with-act
    at PasswordResetConfirm 
(C:\Users\tonyk\OneDrive\Projects\EventLeadPlatform\frontend\src\features\auth\pages\PasswordResetConfirm.tsx:19:48)
    at RenderedRoute (C:\Users\tonyk\OneDrive\Projects\EventLeadPlatform\frontend\node_modules\react-router\dist\umd\re
act-router.development.js:516:7)
    at Routes (C:\Users\tonyk\OneDrive\Projects\EventLeadPlatform\frontend\node_modules\react-router\dist\umd\react-rou
ter.development.js:1136:7)
    at Router (C:\Users\tonyk\OneDrive\Projects\EventLeadPlatform\frontend\node_modules\react-router\dist\umd\react-rou
ter.development.js:1074:17)
    at MemoryRouter (C:\Users\tonyk\OneDrive\Projects\EventLeadPlatform\frontend\node_modules\react-router\dist\umd\rea
ct-router.development.js:974:7)

stderr | src/features/auth/__tests__/PasswordResetConfirm.test.tsx > PasswordResetConfirm Component > Error Handling - 
AC-1.15.4 > should allow retry after error
Warning: An update to PasswordResetConfirm inside a test was not wrapped in act(...).

When testing, code that causes React state updates should be wrapped into act(...):

act(() => {
  /* fire events that update state */
});
/* assert on the output */

This ensures that you're testing the behavior the user would see in the browser. Learn more at 
https://reactjs.org/link/wrap-tests-with-act
    at PasswordResetConfirm 
(C:\Users\tonyk\OneDrive\Projects\EventLeadPlatform\frontend\src\features\auth\pages\PasswordResetConfirm.tsx:19:48)
    at RenderedRoute (C:\Users\tonyk\OneDrive\Projects\EventLeadPlatform\frontend\node_modules\react-router\dist\umd\re
act-router.development.js:516:7)
    at Routes (C:\Users\tonyk\OneDrive\Projects\EventLeadPlatform\frontend\node_modules\react-router\dist\umd\react-rou
ter.development.js:1136:7)
    at Router (C:\Users\tonyk\OneDrive\Projects\EventLeadPlatform\frontend\node_modules\react-router\dist\umd\react-rou
ter.development.js:1074:17)
    at MemoryRouter (C:\Users\tonyk\OneDrive\Projects\EventLeadPlatform\frontend\node_modules\react-router\dist\umd\rea
ct-router.development.js:974:7)
Warning: An update to PasswordResetConfirm inside a test was not wrapped in act(...).

When testing, code that causes React state updates should be wrapped into act(...):

act(() => {
  /* fire events that update state */
});
/* assert on the output */

This ensures that you're testing the behavior the user would see in the browser. Learn more at 
https://reactjs.org/link/wrap-tests-with-act
    at PasswordResetConfirm 
(C:\Users\tonyk\OneDrive\Projects\EventLeadPlatform\frontend\src\features\auth\pages\PasswordResetConfirm.tsx:19:48)
    at RenderedRoute (C:\Users\tonyk\OneDrive\Projects\EventLeadPlatform\frontend\node_modules\react-router\dist\umd\re
act-router.development.js:516:7)
    at Routes (C:\Users\tonyk\OneDrive\Projects\EventLeadPlatform\frontend\node_modules\react-router\dist\umd\react-rou
ter.development.js:1136:7)
    at Router (C:\Users\tonyk\OneDrive\Projects\EventLeadPlatform\frontend\node_modules\react-router\dist\umd\react-rou
ter.development.js:1074:17)
    at MemoryRouter (C:\Users\tonyk\OneDrive\Projects\EventLeadPlatform\frontend\node_modules\react-router\dist\umd\rea
ct-router.development.js:974:7)
Warning: An update to PasswordResetConfirm inside a test was not wrapped in act(...).

When testing, code that causes React state updates should be wrapped into act(...):

act(() => {
  /* fire events that update state */
});
/* assert on the output */

This ensures that you're testing the behavior the user would see in the browser. Learn more at 
https://reactjs.org/link/wrap-tests-with-act
    at PasswordResetConfirm 
(C:\Users\tonyk\OneDrive\Projects\EventLeadPlatform\frontend\src\features\auth\pages\PasswordResetConfirm.tsx:19:48)
    at RenderedRoute (C:\Users\tonyk\OneDrive\Projects\EventLeadPlatform\frontend\node_modules\react-router\dist\umd\re
act-router.development.js:516:7)
    at Routes (C:\Users\tonyk\OneDrive\Projects\EventLeadPlatform\frontend\node_modules\react-router\dist\umd\react-rou
ter.development.js:1136:7)
    at Router (C:\Users\tonyk\OneDrive\Projects\EventLeadPlatform\frontend\node_modules\react-router\dist\umd\react-rou
ter.development.js:1074:17)
    at MemoryRouter (C:\Users\tonyk\OneDrive\Projects\EventLeadPlatform\frontend\node_modules\react-router\dist\umd\rea
ct-router.development.js:974:7)
Warning: An update to PasswordResetConfirm inside a test was not wrapped in act(...).

When testing, code that causes React state updates should be wrapped into act(...):

act(() => {
  /* fire events that update state */
});
/* assert on the output */

This ensures that you're testing the behavior the user would see in the browser. Learn more at 
https://reactjs.org/link/wrap-tests-with-act
    at PasswordResetConfirm 
(C:\Users\tonyk\OneDrive\Projects\EventLeadPlatform\frontend\src\features\auth\pages\PasswordResetConfirm.tsx:19:48)
    at RenderedRoute (C:\Users\tonyk\OneDrive\Projects\EventLeadPlatform\frontend\node_modules\react-router\dist\umd\re
act-router.development.js:516:7)
    at Routes (C:\Users\tonyk\OneDrive\Projects\EventLeadPlatform\frontend\node_modules\react-router\dist\umd\react-rou
ter.development.js:1136:7)
    at Router (C:\Users\tonyk\OneDrive\Projects\EventLeadPlatform\frontend\node_modules\react-router\dist\umd\react-rou
ter.development.js:1074:17)
    at MemoryRouter (C:\Users\tonyk\OneDrive\Projects\EventLeadPlatform\frontend\node_modules\react-router\dist\umd\rea
ct-router.development.js:974:7)

stderr | src/features/auth/__tests__/PasswordResetConfirm.test.tsx > PasswordResetConfirm Component > Accessibility - 
AC-1.15.5 > should have accessible form labels
Warning: An update to PasswordResetConfirm inside a test was not wrapped in act(...).

When testing, code that causes React state updates should be wrapped into act(...):

act(() => {
  /* fire events that update state */
});
/* assert on the output */

This ensures that you're testing the behavior the user would see in the browser. Learn more at 
https://reactjs.org/link/wrap-tests-with-act
    at PasswordResetConfirm 
(C:\Users\tonyk\OneDrive\Projects\EventLeadPlatform\frontend\src\features\auth\pages\PasswordResetConfirm.tsx:19:48)
    at RenderedRoute (C:\Users\tonyk\OneDrive\Projects\EventLeadPlatform\frontend\node_modules\react-router\dist\umd\re
act-router.development.js:516:7)
    at Routes (C:\Users\tonyk\OneDrive\Projects\EventLeadPlatform\frontend\node_modules\react-router\dist\umd\react-rou
ter.development.js:1136:7)
    at Router (C:\Users\tonyk\OneDrive\Projects\EventLeadPlatform\frontend\node_modules\react-router\dist\umd\react-rou
ter.development.js:1074:17)
    at MemoryRouter (C:\Users\tonyk\OneDrive\Projects\EventLeadPlatform\frontend\node_modules\react-router\dist\umd\rea
ct-router.development.js:974:7)
Warning: An update to PasswordResetConfirm inside a test was not wrapped in act(...).

When testing, code that causes React state updates should be wrapped into act(...):

act(() => {
  /* fire events that update state */
});
/* assert on the output */

This ensures that you're testing the behavior the user would see in the browser. Learn more at 
https://reactjs.org/link/wrap-tests-with-act
    at PasswordResetConfirm 
(C:\Users\tonyk\OneDrive\Projects\EventLeadPlatform\frontend\src\features\auth\pages\PasswordResetConfirm.tsx:19:48)
    at RenderedRoute (C:\Users\tonyk\OneDrive\Projects\EventLeadPlatform\frontend\node_modules\react-router\dist\umd\re
act-router.development.js:516:7)
    at Routes (C:\Users\tonyk\OneDrive\Projects\EventLeadPlatform\frontend\node_modules\react-router\dist\umd\react-rou
ter.development.js:1136:7)
    at Router (C:\Users\tonyk\OneDrive\Projects\EventLeadPlatform\frontend\node_modules\react-router\dist\umd\react-rou
ter.development.js:1074:17)
    at MemoryRouter (C:\Users\tonyk\OneDrive\Projects\EventLeadPlatform\frontend\node_modules\react-router\dist\umd\rea
ct-router.development.js:974:7)
Warning: An update to PasswordResetConfirm inside a test was not wrapped in act(...).

When testing, code that causes React state updates should be wrapped into act(...):

act(() => {
  /* fire events that update state */
});
/* assert on the output */

This ensures that you're testing the behavior the user would see in the browser. Learn more at 
https://reactjs.org/link/wrap-tests-with-act
    at PasswordResetConfirm 
(C:\Users\tonyk\OneDrive\Projects\EventLeadPlatform\frontend\src\features\auth\pages\PasswordResetConfirm.tsx:19:48)
    at RenderedRoute (C:\Users\tonyk\OneDrive\Projects\EventLeadPlatform\frontend\node_modules\react-router\dist\umd\re
act-router.development.js:516:7)
    at Routes (C:\Users\tonyk\OneDrive\Projects\EventLeadPlatform\frontend\node_modules\react-router\dist\umd\react-rou
ter.development.js:1136:7)
    at Router (C:\Users\tonyk\OneDrive\Projects\EventLeadPlatform\frontend\node_modules\react-router\dist\umd\react-rou
ter.development.js:1074:17)
    at MemoryRouter (C:\Users\tonyk\OneDrive\Projects\EventLeadPlatform\frontend\node_modules\react-router\dist\umd\rea
ct-router.development.js:974:7)
Warning: An update to PasswordResetConfirm inside a test was not wrapped in act(...).

When testing, code that causes React state updates should be wrapped into act(...):

act(() => {
  /* fire events that update state */
});
/* assert on the output */

This ensures that you're testing the behavior the user would see in the browser. Learn more at 
https://reactjs.org/link/wrap-tests-with-act
    at PasswordResetConfirm 
(C:\Users\tonyk\OneDrive\Projects\EventLeadPlatform\frontend\src\features\auth\pages\PasswordResetConfirm.tsx:19:48)
    at RenderedRoute (C:\Users\tonyk\OneDrive\Projects\EventLeadPlatform\frontend\node_modules\react-router\dist\umd\re
act-router.development.js:516:7)
    at Routes (C:\Users\tonyk\OneDrive\Projects\EventLeadPlatform\frontend\node_modules\react-router\dist\umd\react-rou
ter.development.js:1136:7)
    at Router (C:\Users\tonyk\OneDrive\Projects\EventLeadPlatform\frontend\node_modules\react-router\dist\umd\react-rou
ter.development.js:1074:17)
    at MemoryRouter (C:\Users\tonyk\OneDrive\Projects\EventLeadPlatform\frontend\node_modules\react-router\dist\umd\rea
ct-router.development.js:974:7)

stderr | src/features/auth/__tests__/PasswordResetConfirm.test.tsx > PasswordResetConfirm Component > Accessibility - 
AC-1.15.5 > should have ARIA attributes for validation errors
Warning: An update to PasswordResetConfirm inside a test was not wrapped in act(...).

When testing, code that causes React state updates should be wrapped into act(...):

act(() => {
  /* fire events that update state */
});
/* assert on the output */

This ensures that you're testing the behavior the user would see in the browser. Learn more at 
https://reactjs.org/link/wrap-tests-with-act
    at PasswordResetConfirm 
(C:\Users\tonyk\OneDrive\Projects\EventLeadPlatform\frontend\src\features\auth\pages\PasswordResetConfirm.tsx:19:48)
    at RenderedRoute (C:\Users\tonyk\OneDrive\Projects\EventLeadPlatform\frontend\node_modules\react-router\dist\umd\re
act-router.development.js:516:7)
    at Routes (C:\Users\tonyk\OneDrive\Projects\EventLeadPlatform\frontend\node_modules\react-router\dist\umd\react-rou
ter.development.js:1136:7)
    at Router (C:\Users\tonyk\OneDrive\Projects\EventLeadPlatform\frontend\node_modules\react-router\dist\umd\react-rou
ter.development.js:1074:17)
    at MemoryRouter (C:\Users\tonyk\OneDrive\Projects\EventLeadPlatform\frontend\node_modules\react-router\dist\umd\rea
ct-router.development.js:974:7)
Warning: An update to PasswordResetConfirm inside a test was not wrapped in act(...).

When testing, code that causes React state updates should be wrapped into act(...):

act(() => {
  /* fire events that update state */
});
/* assert on the output */

This ensures that you're testing the behavior the user would see in the browser. Learn more at 
https://reactjs.org/link/wrap-tests-with-act
    at PasswordResetConfirm 
(C:\Users\tonyk\OneDrive\Projects\EventLeadPlatform\frontend\src\features\auth\pages\PasswordResetConfirm.tsx:19:48)
    at RenderedRoute (C:\Users\tonyk\OneDrive\Projects\EventLeadPlatform\frontend\node_modules\react-router\dist\umd\re
act-router.development.js:516:7)
    at Routes (C:\Users\tonyk\OneDrive\Projects\EventLeadPlatform\frontend\node_modules\react-router\dist\umd\react-rou
ter.development.js:1136:7)
    at Router (C:\Users\tonyk\OneDrive\Projects\EventLeadPlatform\frontend\node_modules\react-router\dist\umd\react-rou
ter.development.js:1074:17)
    at MemoryRouter (C:\Users\tonyk\OneDrive\Projects\EventLeadPlatform\frontend\node_modules\react-router\dist\umd\rea
ct-router.development.js:974:7)
Warning: An update to PasswordResetConfirm inside a test was not wrapped in act(...).

When testing, code that causes React state updates should be wrapped into act(...):

act(() => {
  /* fire events that update state */
});
/* assert on the output */

This ensures that you're testing the behavior the user would see in the browser. Learn more at 
https://reactjs.org/link/wrap-tests-with-act
    at PasswordResetConfirm 
(C:\Users\tonyk\OneDrive\Projects\EventLeadPlatform\frontend\src\features\auth\pages\PasswordResetConfirm.tsx:19:48)
    at RenderedRoute (C:\Users\tonyk\OneDrive\Projects\EventLeadPlatform\frontend\node_modules\react-router\dist\umd\re
act-router.development.js:516:7)
    at Routes (C:\Users\tonyk\OneDrive\Projects\EventLeadPlatform\frontend\node_modules\react-router\dist\umd\react-rou
ter.development.js:1136:7)
    at Router (C:\Users\tonyk\OneDrive\Projects\EventLeadPlatform\frontend\node_modules\react-router\dist\umd\react-rou
ter.development.js:1074:17)
    at MemoryRouter (C:\Users\tonyk\OneDrive\Projects\EventLeadPlatform\frontend\node_modules\react-router\dist\umd\rea
ct-router.development.js:974:7)
Warning: An update to PasswordResetConfirm inside a test was not wrapped in act(...).

When testing, code that causes React state updates should be wrapped into act(...):

act(() => {
  /* fire events that update state */
});
/* assert on the output */

This ensures that you're testing the behavior the user would see in the browser. Learn more at 
https://reactjs.org/link/wrap-tests-with-act
    at PasswordResetConfirm 
(C:\Users\tonyk\OneDrive\Projects\EventLeadPlatform\frontend\src\features\auth\pages\PasswordResetConfirm.tsx:19:48)
    at RenderedRoute (C:\Users\tonyk\OneDrive\Projects\EventLeadPlatform\frontend\node_modules\react-router\dist\umd\re
act-router.development.js:516:7)
    at Routes (C:\Users\tonyk\OneDrive\Projects\EventLeadPlatform\frontend\node_modules\react-router\dist\umd\react-rou
ter.development.js:1136:7)
    at Router (C:\Users\tonyk\OneDrive\Projects\EventLeadPlatform\frontend\node_modules\react-router\dist\umd\react-rou
ter.development.js:1074:17)
    at MemoryRouter (C:\Users\tonyk\OneDrive\Projects\EventLeadPlatform\frontend\node_modules\react-router\dist\umd\rea
ct-router.development.js:974:7)

stderr | src/features/auth/__tests__/PasswordResetConfirm.test.tsx > PasswordResetConfirm Component > Mobile 
Responsive - AC-1.15.5 > should render touch-friendly buttons
Warning: An update to PasswordResetConfirm inside a test was not wrapped in act(...).

When testing, code that causes React state updates should be wrapped into act(...):

act(() => {
  /* fire events that update state */
});
/* assert on the output */

This ensures that you're testing the behavior the user would see in the browser. Learn more at 
https://reactjs.org/link/wrap-tests-with-act
    at PasswordResetConfirm 
(C:\Users\tonyk\OneDrive\Projects\EventLeadPlatform\frontend\src\features\auth\pages\PasswordResetConfirm.tsx:19:48)
    at RenderedRoute (C:\Users\tonyk\OneDrive\Projects\EventLeadPlatform\frontend\node_modules\react-router\dist\umd\re
act-router.development.js:516:7)
    at Routes (C:\Users\tonyk\OneDrive\Projects\EventLeadPlatform\frontend\node_modules\react-router\dist\umd\react-rou
ter.development.js:1136:7)
    at Router (C:\Users\tonyk\OneDrive\Projects\EventLeadPlatform\frontend\node_modules\react-router\dist\umd\react-rou
ter.development.js:1074:17)
    at MemoryRouter (C:\Users\tonyk\OneDrive\Projects\EventLeadPlatform\frontend\node_modules\react-router\dist\umd\rea
ct-router.development.js:974:7)
Warning: An update to PasswordResetConfirm inside a test was not wrapped in act(...).

When testing, code that causes React state updates should be wrapped into act(...):

act(() => {
  /* fire events that update state */
});
/* assert on the output */

This ensures that you're testing the behavior the user would see in the browser. Learn more at 
https://reactjs.org/link/wrap-tests-with-act
    at PasswordResetConfirm 
(C:\Users\tonyk\OneDrive\Projects\EventLeadPlatform\frontend\src\features\auth\pages\PasswordResetConfirm.tsx:19:48)
    at RenderedRoute (C:\Users\tonyk\OneDrive\Projects\EventLeadPlatform\frontend\node_modules\react-router\dist\umd\re
act-router.development.js:516:7)
    at Routes (C:\Users\tonyk\OneDrive\Projects\EventLeadPlatform\frontend\node_modules\react-router\dist\umd\react-rou
ter.development.js:1136:7)
 Ô£ô src/features/auth/__tests__/SignupForm.test.tsx > SignupForm Component > Validation > should show error for short first name
    at Router (C:\Users\tonyk\OneDrive\Projects\EventLeadPlatform\frontend\node_modules\react-router\dist\umd\react-rou
ter.development.js:1074:17)
    at MemoryRouter (C:\Users\tonyk\OneDrive\Projects\EventLeadPlatform\frontend\node_modules\react-router\dist\umd\rea
ct-router.development.js:974:7)
Warning: An update to PasswordResetConfirm inside a test was not wrapped in act(...).

When testing, code that causes React state updates should be wrapped into act(...):

act(() => {
  /* fire events that update state */
});
/* assert on the output */

This ensures that you're testing the behavior the user would see in the browser. Learn more at 
https://reactjs.org/link/wrap-tests-with-act
    at PasswordResetConfirm 
(C:\Users\tonyk\OneDrive\Projects\EventLeadPlatform\frontend\src\features\auth\pages\PasswordResetConfirm.tsx:19:48)
    at RenderedRoute (C:\Users\tonyk\OneDrive\Projects\EventLeadPlatform\frontend\node_modules\react-router\dist\umd\re
act-router.development.js:516:7)
    at Routes (C:\Users\tonyk\OneDrive\Projects\EventLeadPlatform\frontend\node_modules\react-router\dist\umd\react-rou
ter.development.js:1136:7)
    at Router (C:\Users\tonyk\OneDrive\Projects\EventLeadPlatform\frontend\node_modules\react-router\dist\umd\react-rou
ter.development.js:1074:17)
    at MemoryRouter (C:\Users\tonyk\OneDrive\Projects\EventLeadPlatform\frontend\node_modules\react-router\dist\umd\rea
ct-router.development.js:974:7)
Warning: An update to PasswordResetConfirm inside a test was not wrapped in act(...).

When testing, code that causes React state updates should be wrapped into act(...):

act(() => {
  /* fire events that update state */
});
/* assert on the output */

This ensures that you're testing the behavior the user would see in the browser. Learn more at 
https://reactjs.org/link/wrap-tests-with-act
    at PasswordResetConfirm 
(C:\Users\tonyk\OneDrive\Projects\EventLeadPlatform\frontend\src\features\auth\pages\PasswordResetConfirm.tsx:19:48)
    at RenderedRoute (C:\Users\tonyk\OneDrive\Projects\EventLeadPlatform\frontend\node_modules\react-router\dist\umd\re
act-router.development.js:516:7)
    at Routes (C:\Users\tonyk\OneDrive\Projects\EventLeadPlatform\frontend\node_modules\react-router\dist\umd\react-rou
ter.development.js:1136:7)
    at Router (C:\Users\tonyk\OneDrive\Projects\EventLeadPlatform\frontend\node_modules\react-router\dist\umd\react-rou
ter.development.js:1074:17)
    at MemoryRouter (C:\Users\tonyk\OneDrive\Projects\EventLeadPlatform\frontend\node_modules\react-router\dist\umd\rea
ct-router.development.js:974:7)

stdout | src/features/auth/__tests__/SignupForm.test.tsx > SignupForm Component > Validation > should show error for weak password
Ô£à BroadcastChannel initialized

 Ô£ô src/features/companies/__tests__/SmartCompanySearch.test.tsx > SmartCompanySearch > handles search error gracefully
 Ô£ô src/features/auth/__tests__/LoginForm.test.tsx > LoginForm Component > Validation > should show error for empty password
stdout | src/features/auth/__tests__/LoginForm.test.tsx > LoginForm Component > Validation > should enable submit button when fields are valid
Ô£à BroadcastChannel initialized

 Ô£ô src/features/auth/__tests__/SignupForm.test.tsx > SignupForm Component > Validation > should show error for weak password
stdout | src/features/auth/__tests__/SignupForm.test.tsx > SignupForm Component > Validation > should display password strength indicator
Ô£à BroadcastChannel initialized

 Ô£ô src/features/auth/__tests__/PasswordResetRequest.test.tsx > PasswordResetRequest Component > Form Submission - AC-1.15.1 > should call requestPasswordReset API on form submission
 Ô£ô src/features/auth/__tests__/SignupForm.test.tsx > SignupForm Component > Validation > should display password strength indicator
stdout | src/features/auth/__tests__/SignupForm.test.tsx > SignupForm Component > Validation > should enable submit button when all fields are valid
Ô£à BroadcastChannel initialized

 Ô£ô src/features/companies/__tests__/SmartCompanySearch.test.tsx > SmartCompanySearch > displays search results
 ├ù src/features/auth/__tests__/tokenStorage.test.ts > Token Storage Utilities > storeTokens > should store tokens in localStorage
   ÔåÆ expected undefined to be 'access_token_123' // Object.is equality
 ├ù src/features/auth/__tests__/tokenStorage.test.ts > Token Storage Utilities > storeTokens > should calculate correct expiry timestamp
   ÔåÆ expected 0 to be greater than or equal to 1761472268
 ├ù src/features/auth/__tests__/tokenStorage.test.ts > Token Storage Utilities > getStoredTokens > should retrieve stored tokens
   ÔåÆ expected null to be truthy
 Ô£ô src/features/auth/__tests__/tokenStorage.test.ts > Token Storage Utilities > getStoredTokens > should return null if no tokens exist
 Ô£ô src/features/auth/__tests__/tokenStorage.test.ts > Token Storage Utilities > getStoredTokens > should return null if tokens are incomplete
 ├ù src/features/auth/__tests__/tokenStorage.test.ts > Token Storage Utilities > getAccessToken > should retrieve access token only
   ÔåÆ expected undefined to be 'access_token_123' // Object.is equality
 ├ù src/features/auth/__tests__/tokenStorage.test.ts > Token Storage Utilities > getAccessToken > should return null if no access token exists
   ÔåÆ expected undefined to be null
 ├ù src/features/auth/__tests__/tokenStorage.test.ts > Token Storage Utilities > getRefreshToken > should retrieve refresh token only
   ÔåÆ expected undefined to be 'refresh_token_456' // Object.is equality
 ├ù src/features/auth/__tests__/tokenStorage.test.ts > Token Storage Utilities > getRefreshToken > should return null if no refresh token exists
   ÔåÆ expected undefined to be null
 ├ù src/features/auth/__tests__/tokenStorage.test.ts > Token Storage Utilities > clearTokens > should remove all tokens from localStorage
   ÔåÆ expected undefined to be null
 ├ù src/features/auth/__tests__/tokenStorage.test.ts > Token Storage Utilities > isTokenExpiringSoon > should return false if token expires in more than buffer time
   ÔåÆ expected true to be false // Object.is equality
 Ô£ô src/features/auth/__tests__/tokenStorage.test.ts > Token Storage Utilities > isTokenExpiringSoon > should return true if token expires within buffer time
 Ô£ô src/features/auth/__tests__/tokenStorage.test.ts > Token Storage Utilities > isTokenExpiringSoon > should return true if no expiry exists
 ├ù src/features/auth/__tests__/tokenStorage.test.ts > Token Storage Utilities > isTokenExpired > should return false if token has not expired
   ÔåÆ expected true to be false // Object.is equality
 Ô£ô src/features/auth/__tests__/tokenStorage.test.ts > Token Storage Utilities > isTokenExpired > should return true if token has expired
 Ô£ô src/features/auth/__tests__/tokenStorage.test.ts > Token Storage Utilities > isTokenExpired > should return true if no expiry exists
 Ô£ô src/features/auth/__tests__/tokenStorage.test.ts > Token Storage Utilities > decodeJWT > should decode valid JWT payload
 Ô£ô src/features/auth/__tests__/tokenStorage.test.ts > Token Storage Utilities > decodeJWT > should return null for invalid JWT
 Ô£ô src/features/auth/__tests__/PasswordResetRequest.test.tsx > PasswordResetRequest Component > Form Submission - AC-1.15.1 > should show loading state during submission
 Ô£ô src/features/auth/__tests__/LoginForm.test.tsx > LoginForm Component > Validation > should enable submit button when fields are valid
stdout | src/features/auth/__tests__/LoginForm.test.tsx > LoginForm Component > Password Visibility Toggle > should toggle password visibility
Ô£à BroadcastChannel initialized

 Ô£ô src/features/auth/__tests__/LoginForm.test.tsx > LoginForm Component > Password Visibility Toggle > should toggle password visibility
stdout | src/features/auth/__tests__/LoginForm.test.tsx > LoginForm Component > Remember Me Checkbox > should toggle remember me checkbox
Ô£à BroadcastChannel initialized

 Ô£ô src/features/auth/__tests__/LoginForm.test.tsx > LoginForm Component > Remember Me Checkbox > should toggle remember me checkbox
stdout | src/features/auth/__tests__/LoginForm.test.tsx > LoginForm Component > Form Submission > should call login API on valid form submission
Ô£à BroadcastChannel initialized

 Ô£ô src/features/companies/__tests__/SmartCompanySearch.test.tsx > SmartCompanySearch > shows no results message
 Ô£ô src/features/companies/__tests__/SmartCompanySearch.test.tsx > SmartCompanySearch > calls onManualEntry when clicking manual entry link
 Ô£ô src/features/auth/__tests__/PasswordResetRequest.test.tsx > PasswordResetRequest Component > Success State - AC-1.15.1 > should display success message after successful submission
 Ô£ô src/features/auth/__tests__/SignupForm.test.tsx > SignupForm Component > Validation > should enable submit button when all fields are valid
stdout | src/features/auth/__tests__/SignupForm.test.tsx > SignupForm Component > Password Visibility Toggle > should toggle password visibility
Ô£à BroadcastChannel initialized

 Ô£ô src/features/auth/__tests__/SignupForm.test.tsx > SignupForm Component > Password Visibility Toggle > should toggle password visibility
stdout | src/features/auth/__tests__/SignupForm.test.tsx > SignupForm Component > Form Submission > should call signup API on valid form submission
Ô£à BroadcastChannel initialized

 Ô£ô src/features/auth/__tests__/PasswordResetRequest.test.tsx > PasswordResetRequest Component > Success State - AC-1.15.1 > should show "Return to Login" button after success
stdout | src/features/auth/__tests__/LoginForm.test.tsx > LoginForm Component > Form Submission > should call login API on valid form submission
<empty line>
stderr | src/features/auth/__tests__/LoginForm.test.tsx > LoginForm Component > Form Submission > should call login 
API on valid form submission
Not implemented: navigation to another Document

stdout | src/features/auth/__tests__/SignupForm.test.tsx > SignupForm Component > Form Submission > should call signup API on valid form submission
­ƒöä Syncing login from another tab
Ô£à BroadcastChannel initialized

stdout | src/features/auth/__tests__/SignupForm.test.tsx > SignupForm Component > Form Submission > should call signup API on valid form submission
Ô£à BroadcastChannel initialized

stdout | src/features/auth/__tests__/SignupForm.test.tsx > SignupForm Component > Form Submission > should call signup API on valid form submission
Ô£à BroadcastChannel initialized
Ô£à BroadcastChannel initialized

 Ô£ô src/features/auth/__tests__/LoginForm.test.tsx > LoginForm Component > Form Submission > should call login API on valid form submission
stdout | src/features/auth/__tests__/LoginForm.test.tsx > LoginForm Component > Form Submission > should navigate to dashboard after successful login (onboarding complete)
Ô£à BroadcastChannel initialized

stdout | src/features/auth/__tests__/SignupForm.test.tsx > SignupForm Component > Form Submission > should call signup API on valid form submission
Ô£à BroadcastChannel initialized

 Ô£ô src/features/auth/__tests__/PasswordResetRequest.test.tsx > PasswordResetRequest Component > Success State - AC-1.15.1 > should allow trying again via help text link after success
 Ô£ô src/features/validation/__tests__/CountrySelector.test.tsx > CountrySelector Component > should render country dropdown
 Ô£ô src/features/validation/__tests__/CountrySelector.test.tsx > CountrySelector Component > should display all 5 countries
stdout | src/features/auth/__tests__/LoginForm.test.tsx > LoginForm Component > Form Submission > should navigate to dashboard after successful login (onboarding complete)
<empty line>
stderr | src/features/auth/__tests__/LoginForm.test.tsx > LoginForm Component > Form Submission > should navigate to 
dashboard after successful login (onboarding complete)
Not implemented: navigation to another Document

 Ô£ô src/features/dashboard/__tests__/hierarchyUtils.test.ts > hierarchyUtils > getPathToCompany > should return path from root to target company
 Ô£ô src/features/dashboard/__tests__/hierarchyUtils.test.ts > hierarchyUtils > getPathToCompany > should return single item for root company
 Ô£ô src/features/dashboard/__tests__/hierarchyUtils.test.ts > hierarchyUtils > calculateVisibleWindow - AC-1.18.2 > should show 5 levels max
 ├ù src/features/dashboard/__tests__/hierarchyUtils.test.ts > hierarchyUtils > calculateVisibleWindow - AC-1.18.2 > should indicate more levels above/below when applicable
   ÔåÆ expected false to be true // Object.is equality
 Ô£ô src/features/dashboard/__tests__/hierarchyUtils.test.ts > hierarchyUtils > buildCompanyTree > should build hierarchical tree from flat list
 Ô£ô src/features/dashboard/__tests__/hierarchyUtils.test.ts > hierarchyUtils > findCompanyById > should find company in tree
 Ô£ô src/features/dashboard/__tests__/hierarchyUtils.test.ts > hierarchyUtils > findCompanyById > should return undefined for non-existent company
 Ô£ô src/lib/__tests__/config.test.ts > Configuration API Service > fetchAppConfig > should call the correct API endpoint
 Ô£ô src/lib/__tests__/config.test.ts > Configuration API Service > fetchAppConfig > should handle API errors correctly
 Ô£ô src/lib/__tests__/config.test.ts > Configuration API Service > fetchAppConfig > should handle network errors
 Ô£ô src/lib/__tests__/config.test.ts > Configuration API Service > fetchAppConfig > should use correct configuration
 Ô£ô src/lib/__tests__/config.test.ts > Configuration API Service > DEFAULT_CONFIG > should provide default configuration fallback values
 Ô£ô src/lib/__tests__/config.test.ts > Configuration API Service > DEFAULT_CONFIG > should have all required configuration fields
 Ô£ô src/lib/__tests__/config.test.ts > Configuration API Service > DEFAULT_CONFIG > should have sensible default values
 Ô£ô src/lib/__tests__/config.test.ts > Configuration API Service > Configuration Type Safety > should have correct types for configuration fields
 Ô£ô src/features/validation/__tests__/CountrySelector.test.tsx > CountrySelector Component > should call onChange when country selected
 Ô£ô src/features/validation/__tests__/CountrySelector.test.tsx > CountrySelector Component > should show auto-detect help text
 Ô£ô src/features/validation/__tests__/CountrySelector.test.tsx > CountrySelector Component > should have required indicator
 Ô£ô src/features/auth/__tests__/PasswordResetRequest.test.tsx > PasswordResetRequest Component > Error Handling - AC-1.15.4 > should display error message on API failure
 ├ù src/features/auth/__tests__/LoginForm.test.tsx > LoginForm Component > Form Submission > should navigate to dashboard after successful login (onboarding complete)
   ÔåÆ expected "spy" to be called with arguments: [ '/dashboard' ]

Received: 

  1st spy call:

  Array [
    "/dashboard",
+   Object {
+     "replace": true,
+   },
  ]


Number of calls: 1


Ignored nodes: comments, script, style
[36m<html>[39m
  [36m<head />[39m
  [36m<body>[39m
    [36m<div>[39m
      [36m<div[39m
        [33mclass[39m=[32m"min-h-screen bg-gradient-to-br from-teal-50 to-blue-50 flex items-center justify-center p-4 sm:p-6 lg:p-8"[39m
      [36m>[39m
        [36m<div[39m
          [33mclass[39m=[32m"w-full max-w-md"[39m
        [36m>[39m
          [36m<div[39m
            [33mclass[39m=[32m"text-center mb-8"[39m
          [36m>[39m
            [36m<h1[39m
              [33mclass[39m=[32m"text-3xl sm:text-4xl font-bold text-teal-600 mb-2"[39m
            [36m>[39m
              [0mEventLead[0m
            [36m</h1>[39m
            [36m<p[39m
              [33mclass[39m=[32m"text-gray-600 text-sm sm:text-base"[39m
            [36m>[39m
              [0mMulti-Tenant Event Lead Collection Platform[0m
            [36m</p>[39m
          [36m</div>[39m
          [36m<div[39m
            [33mclass[39m=[32m"bg-white rounded-lg shadow-xl p-6 sm:p-8"[39m
          [36m>[39m
            [36m<div[39m
              [33mclass[39m=[32m"mb-6"[39m
            [36m>[39m
              [36m<h2[39m
                [33mclass[39m=[32m"text-2xl font-bold text-gray-900 mb-2"[39m
              [36m>[39m
                [0mWelcome Back[0m
              [36m</h2>[39m
              [36m<p[39m
                [33mclass[39m=[32m"text-gray-600 text-sm"[39m
              [36m>[39m
                [0mLog in to your EventLead account[0m
              [36m</p>[39m
            [36m</div>[39m
            [36m<form[39m
              [33mclass[39m=[32m"space-y-4"[39m
              [33mnovalidate[39m=[32m""[39m
            [36m>[39m
              [36m<div>[39m
                [36m<label[39m
                  [33mclass[39m=[32m"block text-sm font-medium text-gray-700 mb-1"[39m
                  [33mfor[39m=[32m"email"[39m
                [36m>[39m
                  [0mEmail Address [0m
                  [36m<span[39m
                    [33mclass[39m=[32m"text-red-500"[39m
                  [36m>[39m
                    [0m*[0m
                  [36m</span>[39m
                [36m</label>[39m
                [36m<input[39m
                  [33maria-invalid[39m=[32m"false"[39m
                  [33maria-label[39m=[32m"Email Address"[39m
                  [33maria-required[39m=[32m"true"[39m
                  [33mautocomplete[39m=[32m"email"[39m
                  [33mclass[39m=[32m"w-full px-4 py-2 border rounded-lg focus:ring-2 focus:ring-teal-500 focus:border-transparent transition-colors border-gray-300"[39m
                  [33mid[39m=[32m"email"[39m
                  [33minputmode[39m=[32m"email"[39m
                  [33mname[39m=[32m"email"[39m
                  [33mtype[39m=[32m"email"[39m
                [36m/>[39m
              [36m</div>[39m
              [36m<div>[39m
                [36m<label[39m
                  [33mclass[39m=[32m"block text-sm font-medium text-gray-700 mb-1"[39m
                  [33mfor[39m=[32m"password"[39m
                [36m>[39m
                  [0mPassword [0m
                  [36m<span[39m
                    [33mclass[39m=[32m"text-red-500"[39m
                  [36m>[39m
                    [0m*[0m
                  [36m</span>[39m
                [36m</label>[39m
                [36m<div[39m
                  [33mclass[39m=[32m"relative"[39m
                [36m>[39m
                  [36m<input[39m
                    [33maria-invalid[39m=[32m"false"[39m
                    [33maria-label[39m=[32m"Password"[39m
                    [33maria-required[39m=[32m"true"[39m
                    [33mautocomplete[39m=[32m"current-password"[39m
                    [33mclass[39m=[32m"w-full px-4 py-2 pr-12 border rounded-lg focus:ring-2 focus:ring-teal-500 focus:border-transparent transition-colors border-gray-300"[39m
                    [33mid[39m=[32m"password"[39m
                    [33mname[39m=[32m"password"[39m
                    [33mtype[39m=[32m"password"[39m
                  [36m/>[39m
                  [36m<button[39m
                    [33maria-label[39m=[32m"Show password"[39m
                    [33mclass[39m=[32m"absolute right-3 top-1/2 -translate-y-1/2 text-gray-500 hover:text-gray-700"[39m
                    [33mtype[39m=[32m"button"[39m
                  [36m>[39m
                    [36m<svg[39m
                      [33mclass[39m=[32m"lucide lucide-eye w-5 h-5"[39m
                      [33mfill[39m=[32m"none"[39m
                      [33mheight[39m=[32m"24"[39m
                      [33mstroke[39m=[32m"currentColor"[39m
                      [33mstroke-linecap[39m=[32m"round"[39m
                      [33mstroke-linejoin[39m=[32m"round"[39m
                      [33mstroke-width[39m=[32m"2"[39m
                      [33mviewBox[39m=[32m"0 0 24 24"[39m
                      [33mwidth[39m=[32m"24"[39m
                      [33mxmlns[39m=[32m"http://www.w3.org/2000/svg"[39m
                    [36m>[39m
                      [36m<path[39m
                        [33md[39m=[32m"M2 12s3-7 10-7 10 7 10 7-3 7-10 7-10-7-10-7Z"[39m
                      [36m/>[39m
                      [36m<circle[39m
                        [33mcx[39m=[32m"12"[39m
                        [33mcy[39m=[32m"12"[39m
                        [33mr[39m=[32m"3"[39m
                      [36m/>[39m
                    [36m</svg>[39m
                  [36m</button>[39m
                [36m</div>[39m
              [36m</div>[39m
              [36m<div[39m
                [33mclass[39m=[32m"flex items-center justify-between"[39m
              [36m>[39m
                [36m<label[39m
                  [33mclass[39m=[32m"flex items-center gap-2 cursor-pointer"[39m
                [36m>[39m
                  [36m<input[39m
                    [33mclass[39m=[32m"w-4 h-4 text-teal-600 border-gray-300 rounded focus:ring-teal-500"[39m
                    [33mid[39m=[32m"rememberMe"[39m
                    [33mname[39m=[32m"rememberMe"[39m
                    [33mtype[39m=[32m"checkbox"[39m
                  [36m/>[39m
                  [36m<span[39m
                    [33mclass[39m=[32m"text-sm text-gray-700"[39m
                  [36m>[39m
                    [0mRemember me[0m
                  [36m</span>[39m
                [36m</label>[39m
                [36m<a[39m
                  [33mclass[39m=[32m"text-sm text-teal-600 hover:text-teal-700 font-medium"[39m
                  [33mhref[39m=[32m"/reset-password"[39m
                [36m>[39m
                  [0mForgot password?[0m
                [36m</a>[39m
              [36m</div>[39m
              [36m<button[39m
                [33mclass[39m=[32m"w-full py-3 px-4 rounded-lg font-medium text-white transition-colors flex items-center justify-center gap-2 bg-teal-600 hover:bg-teal-700"[39m
                [33mtype[39m=[32m"submit"[39m
              [36m>[39m
                [0mLog In[0m
              [36m</button>[39m
              [36m<div[39m
                [33mclass[39m=[32m"text-center text-sm"[39m
              [36m>[39m
                [36m<span[39m
                  [33mclass[39m=[32m"text-gray-600"[39m
                [36m>[39m
                  [0mDon't have an account? [0m
                [36m</span>[39m
                [36m<a[39m
                  [33mclass[39m=[32m"text-teal-600 hover:text-teal-700 font-medium"[39m
                  [33mhref[39m=[32m"/signup"[39m
                [36m>[39m
                  [0mSign Up[0m
                [36m</a>[39m
              [36m</div>[39m
            [36m</form>[39m
          [36m</div>[39m
          [36m<div[39m
            [33mclass[39m=[32m"text-center mt-6"[39m
          [36m>[39m
            [36m<p[39m
              [33mclass[39m=[32m"text-sm text-gray-600"[39m
            [36m>[39m
              [0m┬® 2025 EventLead. All rights reserved.[0m
            [36m</p>[39m
          [36m</div>[39m
        [36m</div>[39m
      [36m</div>[39m
    [36m</div>[39m
  [36m</body>[39m
[36m</html>[39m
stdout | src/features/auth/__tests__/LoginForm.test.tsx > LoginForm Component > Form Submission > should navigate to onboarding after successful login (onboarding incomplete)
Ô£à BroadcastChannel initialized

 ├ù src/features/ux/__tests__/ErrorBoundary.test.tsx > ErrorBoundary > renders children when there is no error
   ÔåÆ jest is not defined
   ÔåÆ jest is not defined
 ├ù src/features/ux/__tests__/ErrorBoundary.test.tsx > ErrorBoundary > renders error UI when there is an error
   ÔåÆ jest is not defined
   ÔåÆ jest is not defined
 ├ù src/features/ux/__tests__/ErrorBoundary.test.tsx > ErrorBoundary > shows retry button and calls onRetry when clicked
   ÔåÆ jest is not defined
   ÔåÆ jest is not defined
 ├ù src/features/ux/__tests__/ErrorBoundary.test.tsx > ErrorBoundary > shows go home button and navigates when clicked
   ÔåÆ jest is not defined
   ÔåÆ jest is not defined
 ├ù src/features/ux/__tests__/ErrorBoundary.test.tsx > ErrorBoundary > shows error details in development mode
   ÔåÆ jest is not defined
   ÔåÆ jest is not defined
 ├ù src/features/ux/__tests__/ErrorBoundary.test.tsx > ErrorBoundary > does not show error details in production mode
   ÔåÆ jest is not defined
   ÔåÆ jest is not defined
 ├ù src/features/ux/__tests__/ErrorBoundary.test.tsx > ErrorBoundary > renders custom fallback when provided
   ÔåÆ jest is not defined
   ÔåÆ jest is not defined
 ├ù src/features/ux/__tests__/ErrorBoundary.test.tsx > ErrorBoundary > calls onError callback when error occurs
   ÔåÆ jest is not defined
   ÔåÆ jest is not defined
 Ô£ô src/features/validation/__tests__/useValidation.test.ts > useValidation Hook > AC-1.20.1: Fetch validation rules from API > should call validation API with correct parameters
 Ô£ô src/features/validation/__tests__/useValidation.test.ts > useValidation Hook > AC-1.20.1: Fetch validation rules from API > should transform snake_case response to camelCase
 Ô£ô src/features/validation/__tests__/useValidation.test.ts > useValidation Hook > AC-1.20.1: Fetch validation rules from API > should handle network errors gracefully
 Ô£ô src/features/validation/__tests__/useValidation.test.ts > useValidation Hook > AC-1.20.1: Fetch validation rules from API > should return valid for empty values
 Ô£ô src/features/validation/__tests__/useValidation.test.ts > useValidation Hook > AC-1.20.1: Fetch validation rules from API > should trim whitespace from values
 Ô£ô src/features/validation/__tests__/useValidation.test.ts > useValidation Hook > Country-specific validation > should use correct country ID in API call
stderr | src/features/validation/__tests__/useValidation.test.ts > useValidation Hook > AC-1.20.1: Fetch validation 
rules from API > should call validation API with correct parameters
Warning: An update to TestComponent inside a test was not wrapped in act(...).

When testing, code that causes React state updates should be wrapped into act(...):

act(() => {
  /* fire events that update state */
});
/* assert on the output */

This ensures that you're testing the behavior the user would see in the browser. Learn more at 
https://reactjs.org/link/wrap-tests-with-act
    at TestComponent 
(C:\Users\tonyk\OneDrive\Projects\EventLeadPlatform\frontend\node_modules\@testing-library\react\dist\pure.js:278:5)
Warning: An update to TestComponent inside a test was not wrapped in act(...).

When testing, code that causes React state updates should be wrapped into act(...):

act(() => {
  /* fire events that update state */
});
/* assert on the output */

This ensures that you're testing the behavior the user would see in the browser. Learn more at 
https://reactjs.org/link/wrap-tests-with-act
    at TestComponent 
(C:\Users\tonyk\OneDrive\Projects\EventLeadPlatform\frontend\node_modules\@testing-library\react\dist\pure.js:278:5)

stderr | src/features/validation/__tests__/useValidation.test.ts > useValidation Hook > AC-1.20.1: Fetch validation 
rules from API > should transform snake_case response to camelCase
Warning: An update to TestComponent inside a test was not wrapped in act(...).

When testing, code that causes React state updates should be wrapped into act(...):

act(() => {
  /* fire events that update state */
});
/* assert on the output */

This ensures that you're testing the behavior the user would see in the browser. Learn more at 
https://reactjs.org/link/wrap-tests-with-act
    at TestComponent 
(C:\Users\tonyk\OneDrive\Projects\EventLeadPlatform\frontend\node_modules\@testing-library\react\dist\pure.js:278:5)
Warning: An update to TestComponent inside a test was not wrapped in act(...).

When testing, code that causes React state updates should be wrapped into act(...):

act(() => {
  /* fire events that update state */
});
/* assert on the output */

This ensures that you're testing the behavior the user would see in the browser. Learn more at 
https://reactjs.org/link/wrap-tests-with-act
    at TestComponent 
(C:\Users\tonyk\OneDrive\Projects\EventLeadPlatform\frontend\node_modules\@testing-library\react\dist\pure.js:278:5)

stderr | src/features/validation/__tests__/useValidation.test.ts > useValidation Hook > AC-1.20.1: Fetch validation 
rules from API > should handle network errors gracefully
Warning: An update to TestComponent inside a test was not wrapped in act(...).

When testing, code that causes React state updates should be wrapped into act(...):

act(() => {
  /* fire events that update state */
});
/* assert on the output */

This ensures that you're testing the behavior the user would see in the browser. Learn more at 
https://reactjs.org/link/wrap-tests-with-act
    at TestComponent 
(C:\Users\tonyk\OneDrive\Projects\EventLeadPlatform\frontend\node_modules\@testing-library\react\dist\pure.js:278:5)
Warning: An update to TestComponent inside a test was not wrapped in act(...).

When testing, code that causes React state updates should be wrapped into act(...):

act(() => {
  /* fire events that update state */
});
/* assert on the output */

This ensures that you're testing the behavior the user would see in the browser. Learn more at 
https://reactjs.org/link/wrap-tests-with-act
    at TestComponent 
(C:\Users\tonyk\OneDrive\Projects\EventLeadPlatform\frontend\node_modules\@testing-library\react\dist\pure.js:278:5)
Validation error: Error: Network error
    at [90mC:\Users\tonyk\OneDrive\Projects\EventLeadPlatform\frontend\[39msrc\features\validation\__tests__\useValid
ation.test.ts:75:34
    at [90mfile:///C:/Users/tonyk/OneDrive/Projects/EventLeadPlatform/frontend/[39mnode_modules/[4m@vitest[24m/runn
er/dist/index.js:127:14
    at [90mfile:///C:/Users/tonyk/OneDrive/Projects/EventLeadPlatform/frontend/[39mnode_modules/[4m@vitest[24m/runn
er/dist/index.js:59:26
    at runTest [90m(file:///C:/Users/tonyk/OneDrive/Projects/EventLeadPlatform/frontend/[39mnode_modules/[4m@vitest
[24m/runner/dist/index.js:665:17[90m)[39m
    at runSuite [90m(file:///C:/Users/tonyk/OneDrive/Projects/EventLeadPlatform/frontend/[39mnode_modules/[4m@vitest
[24m/runner/dist/index.js:782:15[90m)[39m
    at runSuite [90m(file:///C:/Users/tonyk/OneDrive/Projects/EventLeadPlatform/frontend/[39mnode_modules/[4m@vitest
[24m/runner/dist/index.js:782:15[90m)[39m
    at runSuite [90m(file:///C:/Users/tonyk/OneDrive/Projects/EventLeadPlatform/frontend/[39mnode_modules/[4m@vitest
[24m/runner/dist/index.js:782:15[90m)[39m
    at runFiles [90m(file:///C:/Users/tonyk/OneDrive/Projects/EventLeadPlatform/frontend/[39mnode_modules/[4m@vitest
[24m/runner/dist/index.js:831:5[90m)[39m
    at startTests [90m(file:///C:/Users/tonyk/OneDrive/Projects/EventLeadPlatform/frontend/[39mnode_modules/[4m@vite
st[24m/runner/dist/index.js:840:3[90m)[39m
    at [90mfile:///C:/Users/tonyk/OneDrive/Projects/EventLeadPlatform/frontend/[39mnode_modules/[4mvitest[24m/dist/
entry.js:112:7

stderr | src/features/validation/__tests__/useValidation.test.ts > useValidation Hook > AC-1.20.1: Fetch validation 
rules from API > should trim whitespace from values
Warning: An update to TestComponent inside a test was not wrapped in act(...).

When testing, code that causes React state updates should be wrapped into act(...):

act(() => {
  /* fire events that update state */
});
/* assert on the output */

This ensures that you're testing the behavior the user would see in the browser. Learn more at 
https://reactjs.org/link/wrap-tests-with-act
    at TestComponent 
(C:\Users\tonyk\OneDrive\Projects\EventLeadPlatform\frontend\node_modules\@testing-library\react\dist\pure.js:278:5)
Warning: An update to TestComponent inside a test was not wrapped in act(...).

When testing, code that causes React state updates should be wrapped into act(...):

act(() => {
  /* fire events that update state */
});
/* assert on the output */

This ensures that you're testing the behavior the user would see in the browser. Learn more at 
https://reactjs.org/link/wrap-tests-with-act
    at TestComponent 
(C:\Users\tonyk\OneDrive\Projects\EventLeadPlatform\frontend\node_modules\@testing-library\react\dist\pure.js:278:5)

stderr | src/features/validation/__tests__/useValidation.test.ts > useValidation Hook > Country-specific validation > 
should use correct country ID in API call
Warning: An update to TestComponent inside a test was not wrapped in act(...).

When testing, code that causes React state updates should be wrapped into act(...):

act(() => {
  /* fire events that update state */
});
/* assert on the output */

This ensures that you're testing the behavior the user would see in the browser. Learn more at 
https://reactjs.org/link/wrap-tests-with-act
    at TestComponent 
(C:\Users\tonyk\OneDrive\Projects\EventLeadPlatform\frontend\node_modules\@testing-library\react\dist\pure.js:278:5)
Warning: An update to TestComponent inside a test was not wrapped in act(...).

When testing, code that causes React state updates should be wrapped into act(...):

act(() => {
  /* fire events that update state */
});
/* assert on the output */

This ensures that you're testing the behavior the user would see in the browser. Learn more at 
https://reactjs.org/link/wrap-tests-with-act
    at TestComponent 
(C:\Users\tonyk\OneDrive\Projects\EventLeadPlatform\frontend\node_modules\@testing-library\react\dist\pure.js:278:5)

 Ô£ô src/features/auth/__tests__/PasswordResetRequest.test.tsx > PasswordResetRequest Component > Error Handling - AC-1.15.4 > should allow retry after error
 Ô£ô src/features/auth/__tests__/PasswordResetRequest.test.tsx > PasswordResetRequest Component > Accessibility - AC-1.15.5 > should have accessible form labels
 Ô£ô src/features/auth/__tests__/PasswordResetRequest.test.tsx > PasswordResetRequest Component > Accessibility - AC-1.15.5 > should have ARIA attributes for validation errors
stdout | src/features/auth/__tests__/LoginForm.test.tsx > LoginForm Component > Form Submission > should navigate to onboarding after successful login (onboarding incomplete)
<empty line>
stderr | src/features/auth/__tests__/LoginForm.test.tsx > LoginForm Component > Form Submission > should navigate to 
onboarding after successful login (onboarding incomplete)
Not implemented: navigation to another Document

 Ô£ô src/features/dashboard/__tests__/CompanyContainer.test.tsx > CompanyContainer > should render company name and badges
 Ô£ô src/features/dashboard/__tests__/CompanyContainer.test.tsx > CompanyContainer > should call onSelect when container clicked - AC-1.18.4
 Ô£ô src/features/dashboard/__tests__/CompanyContainer.test.tsx > CompanyContainer > should show user icon and settings icon for admin - AC-1.18.7
 Ô£ô src/features/dashboard/__tests__/CompanyContainer.test.tsx > CompanyContainer > should not show settings icon for non-admin
 Ô£ô src/features/dashboard/__tests__/CompanyContainer.test.tsx > CompanyContainer > should render children recursively - AC-1.18.3
 ├ù src/features/auth/__tests__/LoginForm.test.tsx > LoginForm Component > Form Submission > should navigate to onboarding after successful login (onboarding incomplete)
   ÔåÆ expected "spy" to be called with arguments: [ '/onboarding' ]

Received: 

  1st spy call:

  Array [
-   "/onboarding",
+   "/dashboard",
+   Object {
+     "replace": true,
+   },
  ]


Number of calls: 1


Ignored nodes: comments, script, style
[36m<html>[39m
  [36m<head />[39m
  [36m<body>[39m
    [36m<div>[39m
      [36m<div[39m
        [33mclass[39m=[32m"min-h-screen bg-gradient-to-br from-teal-50 to-blue-50 flex items-center justify-center p-4 sm:p-6 lg:p-8"[39m
      [36m>[39m
        [36m<div[39m
          [33mclass[39m=[32m"w-full max-w-md"[39m
        [36m>[39m
          [36m<div[39m
            [33mclass[39m=[32m"text-center mb-8"[39m
          [36m>[39m
            [36m<h1[39m
              [33mclass[39m=[32m"text-3xl sm:text-4xl font-bold text-teal-600 mb-2"[39m
            [36m>[39m
              [0mEventLead[0m
            [36m</h1>[39m
            [36m<p[39m
              [33mclass[39m=[32m"text-gray-600 text-sm sm:text-base"[39m
            [36m>[39m
              [0mMulti-Tenant Event Lead Collection Platform[0m
            [36m</p>[39m
          [36m</div>[39m
          [36m<div[39m
            [33mclass[39m=[32m"bg-white rounded-lg shadow-xl p-6 sm:p-8"[39m
          [36m>[39m
            [36m<div[39m
              [33mclass[39m=[32m"mb-6"[39m
            [36m>[39m
              [36m<h2[39m
                [33mclass[39m=[32m"text-2xl font-bold text-gray-900 mb-2"[39m
              [36m>[39m
                [0mWelcome Back[0m
              [36m</h2>[39m
              [36m<p[39m
                [33mclass[39m=[32m"text-gray-600 text-sm"[39m
              [36m>[39m
                [0mLog in to your EventLead account[0m
              [36m</p>[39m
            [36m</div>[39m
            [36m<form[39m
              [33mclass[39m=[32m"space-y-4"[39m
              [33mnovalidate[39m=[32m""[39m
            [36m>[39m
              [36m<div>[39m
                [36m<label[39m
                  [33mclass[39m=[32m"block text-sm font-medium text-gray-700 mb-1"[39m
                  [33mfor[39m=[32m"email"[39m
                [36m>[39m
                  [0mEmail Address [0m
                  [36m<span[39m
                    [33mclass[39m=[32m"text-red-500"[39m
                  [36m>[39m
                    [0m*[0m
                  [36m</span>[39m
                [36m</label>[39m
                [36m<input[39m
                  [33maria-invalid[39m=[32m"false"[39m
                  [33maria-label[39m=[32m"Email Address"[39m
                  [33maria-required[39m=[32m"true"[39m
                  [33mautocomplete[39m=[32m"email"[39m
                  [33mclass[39m=[32m"w-full px-4 py-2 border rounded-lg focus:ring-2 focus:ring-teal-500 focus:border-transparent transition-colors border-gray-300"[39m
                  [33mid[39m=[32m"email"[39m
                  [33minputmode[39m=[32m"email"[39m
                  [33mname[39m=[32m"email"[39m
                  [33mtype[39m=[32m"email"[39m
                [36m/>[39m
              [36m</div>[39m
              [36m<div>[39m
                [36m<label[39m
                  [33mclass[39m=[32m"block text-sm font-medium text-gray-700 mb-1"[39m
                  [33mfor[39m=[32m"password"[39m
                [36m>[39m
                  [0mPassword [0m
                  [36m<span[39m
                    [33mclass[39m=[32m"text-red-500"[39m
                  [36m>[39m
                    [0m*[0m
                  [36m</span>[39m
                [36m</label>[39m
                [36m<div[39m
                  [33mclass[39m=[32m"relative"[39m
                [36m>[39m
                  [36m<input[39m
                    [33maria-invalid[39m=[32m"false"[39m
                    [33maria-label[39m=[32m"Password"[39m
                    [33maria-required[39m=[32m"true"[39m
                    [33mautocomplete[39m=[32m"current-password"[39m
                    [33mclass[39m=[32m"w-full px-4 py-2 pr-12 border rounded-lg focus:ring-2 focus:ring-teal-500 focus:border-transparent transition-colors border-gray-300"[39m
                    [33mid[39m=[32m"password"[39m
                    [33mname[39m=[32m"password"[39m
                    [33mtype[39m=[32m"password"[39m
                  [36m/>[39m
                  [36m<button[39m
                    [33maria-label[39m=[32m"Show password"[39m
                    [33mclass[39m=[32m"absolute right-3 top-1/2 -translate-y-1/2 text-gray-500 hover:text-gray-700"[39m
                    [33mtype[39m=[32m"button"[39m
                  [36m>[39m
                    [36m<svg[39m
                      [33mclass[39m=[32m"lucide lucide-eye w-5 h-5"[39m
                      [33mfill[39m=[32m"none"[39m
                      [33mheight[39m=[32m"24"[39m
                      [33mstroke[39m=[32m"currentColor"[39m
                      [33mstroke-linecap[39m=[32m"round"[39m
                      [33mstroke-linejoin[39m=[32m"round"[39m
                      [33mstroke-width[39m=[32m"2"[39m
                      [33mviewBox[39m=[32m"0 0 24 24"[39m
                      [33mwidth[39m=[32m"24"[39m
                      [33mxmlns[39m=[32m"http://www.w3.org/2000/svg"[39m
                    [36m>[39m
                      [36m<path[39m
                        [33md[39m=[32m"M2 12s3-7 10-7 10 7 10 7-3 7-10 7-10-7-10-7Z"[39m
                      [36m/>[39m
                      [36m<circle[39m
                        [33mcx[39m=[32m"12"[39m
                        [33mcy[39m=[32m"12"[39m
                        [33mr[39m=[32m"3"[39m
                      [36m/>[39m
                    [36m</svg>[39m
                  [36m</button>[39m
                [36m</div>[39m
              [36m</div>[39m
              [36m<div[39m
                [33mclass[39m=[32m"flex items-center justify-between"[39m
              [36m>[39m
                [36m<label[39m
                  [33mclass[39m=[32m"flex items-center gap-2 cursor-pointer"[39m
                [36m>[39m
                  [36m<input[39m
                    [33mclass[39m=[32m"w-4 h-4 text-teal-600 border-gray-300 rounded focus:ring-teal-500"[39m
                    [33mid[39m=[32m"rememberMe"[39m
                    [33mname[39m=[32m"rememberMe"[39m
                    [33mtype[39m=[32m"checkbox"[39m
                  [36m/>[39m
                  [36m<span[39m
                    [33mclass[39m=[32m"text-sm text-gray-700"[39m
                  [36m>[39m
                    [0mRemember me[0m
                  [36m</span>[39m
                [36m</label>[39m
                [36m<a[39m
                  [33mclass[39m=[32m"text-sm text-teal-600 hover:text-teal-700 font-medium"[39m
                  [33mhref[39m=[32m"/reset-password"[39m
                [36m>[39m
                  [0mForgot password?[0m
                [36m</a>[39m
              [36m</div>[39m
              [36m<button[39m
                [33mclass[39m=[32m"w-full py-3 px-4 rounded-lg font-medium text-white transition-colors flex items-center justify-center gap-2 bg-teal-600 hover:bg-teal-700"[39m
                [33mtype[39m=[32m"submit"[39m
              [36m>[39m
                [0mLog In[0m
              [36m</button>[39m
              [36m<div[39m
                [33mclass[39m=[32m"text-center text-sm"[39m
              [36m>[39m
                [36m<span[39m
                  [33mclass[39m=[32m"text-gray-600"[39m
                [36m>[39m
                  [0mDon't have an account? [0m
                [36m</span>[39m
                [36m<a[39m
                  [33mclass[39m=[32m"text-teal-600 hover:text-teal-700 font-medium"[39m
                  [33mhref[39m=[32m"/signup"[39m
                [36m>[39m
                  [0mSign Up[0m
                [36m</a>[39m
              [36m</div>[39m
            [36m</form>[39m
          [36m</div>[39m
          [36m<div[39m
            [33mclass[39m=[32m"text-center mt-6"[39m
          [36m>[39m
            [36m<p[39m
              [33mclass[39m=[32m"text-sm text-gray-600"[39m
            [36m>[39m
              [0m┬® 2025 EventLead. All rights reserved.[0m
            [36m</p>[39m
          [36m</div>[39m
        [36m</div>[39m
      [36m</div>[39m
    [36m</div>[39m
  [36m</body>[39m
[36m</html>[39m
stdout | src/features/auth/__tests__/LoginForm.test.tsx > LoginForm Component > Form Submission > should show error message on invalid credentials
Ô£à BroadcastChannel initialized

 Ô£ô src/features/ux/__tests__/LoadingSpinner.test.tsx > LoadingSpinner > renders with default props
 Ô£ô src/features/ux/__tests__/LoadingSpinner.test.tsx > LoadingSpinner > renders with custom aria-label
 ├ù src/features/ux/__tests__/LoadingSpinner.test.tsx > LoadingSpinner > renders with different sizes
   ÔåÆ expect(element).toHaveClass("h-4 w-4")

Expected the element to have class:
  h-4 w-4
Received:
  inline-flex items-center justify-center
 ├ù src/features/ux/__tests__/LoadingSpinner.test.tsx > LoadingSpinner > renders with different colors
   ÔåÆ expect(element).toHaveClass("text-blue-600")

Expected the element to have class:
  text-blue-600
Received:
  inline-flex items-center justify-center
 Ô£ô src/features/ux/__tests__/LoadingSpinner.test.tsx > LoadingSpinner > applies custom className
 Ô£ô src/features/ux/__tests__/LoadingSpinner.test.tsx > LoadingSpinner > has screen reader text
 ├ù src/features/ux/__tests__/LoadingSpinner.test.tsx > ButtonLoadingSpinner > renders with correct props
   ÔåÆ expect(element).toHaveClass("mr-2 h-4 w-4 text-white")

Expected the element to have class:
  mr-2 h-4 w-4 text-white
Received:
  inline-flex items-center justify-center mr-2
 Ô£ô src/features/ux/__tests__/LoadingSpinner.test.tsx > ButtonLoadingSpinner > applies custom className
 Ô£ô src/features/ux/__tests__/LoadingSpinner.test.tsx > PageLoadingSpinner > renders with default message
 Ô£ô src/features/ux/__tests__/LoadingSpinner.test.tsx > PageLoadingSpinner > renders with custom message
 Ô£ô src/features/ux/__tests__/LoadingSpinner.test.tsx > PageLoadingSpinner > applies custom className
 Ô£ô src/features/ux/__tests__/LoadingSpinner.test.tsx > PageLoadingSpinner > has correct structure
 Ô£ô src/features/companies/__tests__/parseBusinessAddress.test.ts > parseBusinessAddress > parses simplified format (STATE POSTCODE only)
 Ô£ô src/features/companies/__tests__/parseBusinessAddress.test.ts > parseBusinessAddress > parses full Australian address
 Ô£ô src/features/companies/__tests__/parseBusinessAddress.test.ts > parseBusinessAddress > parses address with level/suite
 Ô£ô src/features/companies/__tests__/parseBusinessAddress.test.ts > parseBusinessAddress > parses address with multi-word suburb
 Ô£ô src/features/companies/__tests__/parseBusinessAddress.test.ts > parseBusinessAddress > handles null address
 Ô£ô src/features/companies/__tests__/parseBusinessAddress.test.ts > parseBusinessAddress > handles empty string
 Ô£ô src/features/companies/__tests__/parseBusinessAddress.test.ts > parseBusinessAddress > handles incomplete address (street only)
 Ô£ô src/features/companies/__tests__/parseBusinessAddress.test.ts > parseBusinessAddress > handles address with 3-letter state code
 Ô£ô src/features/companies/__tests__/parseBusinessAddress.test.ts > parseBusinessAddress > preserves full address in street when parsing fails
 Ô£ô src/features/auth/__tests__/LoginForm.test.tsx > LoginForm Component > Form Submission > should show error message on invalid credentials
stdout | src/features/auth/__tests__/LoginForm.test.tsx > LoginForm Component > Form Submission > should show error message for unverified email
Ô£à BroadcastChannel initialized

stdout | src/features/auth/__tests__/LoginForm.test.tsx > LoginForm Component > Form Submission > should show loading state during submission
Ô£à BroadcastChannel initialized

 Ô£ô src/features/auth/__tests__/LoginForm.test.tsx > LoginForm Component > Form Submission > should show error message for unverified email
 Ô£ô src/features/onboarding/__tests__/OnboardingModal.test.tsx > OnboardingModal > should render when isOpen is true - AC-1.14.1
 Ô£ô src/features/onboarding/__tests__/OnboardingModal.test.tsx > OnboardingModal > should not render when isOpen is false
 Ô£ô src/features/onboarding/__tests__/OnboardingModal.test.tsx > OnboardingModal > should show progress indicator - AC-1.14.6
 Ô£ô src/features/onboarding/__tests__/OnboardingModal.test.tsx > OnboardingModal > should start on Step 1 by default
 Ô£ô src/features/dashboard/__tests__/DashboardLayout.test.tsx > DashboardLayout > should render dashboard layout - AC-1.18.1
stdout | src/features/auth/__tests__/LoginForm.test.tsx > LoginForm Component > Accessibility > should have proper ARIA labels
Ô£à BroadcastChannel initialized

stdout | src/features/auth/__tests__/LoginForm.test.tsx > LoginForm Component > Accessibility > should announce validation errors
Ô£à BroadcastChannel initialized

 Ô£ô src/features/auth/__tests__/LoginForm.test.tsx > LoginForm Component > Form Submission > should show loading state during submission
 Ô£ô src/features/auth/__tests__/LoginForm.test.tsx > LoginForm Component > Accessibility > should have proper ARIA labels
 Ô£ô src/features/auth/__tests__/LoginForm.test.tsx > LoginForm Component > Accessibility > should announce validation errors
 ├ù src/features/dashboard/__tests__/DashboardLayout.test.tsx > DashboardLayout > should load companies on mount - AC-1.18.1
   ÔåÆ Found multiple elements with the text: Test Company

Here are the matching elements:

Ignored nodes: comments, script, style
[36m<span[39m
  [33mclass[39m=[32m"font-medium text-gray-900"[39m
[36m>[39m
  [0mTest Company[0m
[36m</span>[39m

Ignored nodes: comments, script, style
[36m<h3[39m
  [33mclass[39m=[32m"font-semibold text-teal-900"[39m
[36m>[39m
  [0mTest Company[0m
[36m</h3>[39m

(If this is intentional, then use the `*AllBy*` variant of the query (like `queryAllByText`, `getAllByText`, or `findAllByText`)).

Ignored nodes: comments, script, style
[36m<body>[39m
  [36m<div>[39m
    [36m<div[39m
      [33mclass[39m=[32m"min-h-screen bg-gray-50"[39m
    [36m>[39m
      [36m<header[39m
        [33mclass[39m=[32m"bg-white shadow-sm border-b border-gray-200"[39m
      [36m>[39m
        [36m<div[39m
          [33mclass[39m=[32m"max-w-7xl mx-auto px-4 sm:px-6 lg:px-8"[39m
        [36m>[39m
          [36m<div[39m
            [33mclass[39m=[32m"flex items-center justify-between h-16"[39m
          [36m>[39m
            [36m<div[39m
              [33mclass[39m=[32m"flex items-center gap-3"[39m
            [36m>[39m
              [36m<h1[39m
                [33mclass[39m=[32m"text-2xl font-bold text-teal-600 cursor-pointer"[39m
              [36m>[39m
                [0mEventLead[0m
              [36m</h1>[39m
              [36m<span[39m
                [33mclass[39m=[32m"text-sm text-gray-500"[39m
              [36m>[39m
                [0mDashboard[0m
              [36m</span>[39m
            [36m</div>[39m
            [36m<div[39m
              [33mclass[39m=[32m"flex items-center gap-4"[39m
            [36m>[39m
              [36m<div[39m
                [33mclass[39m=[32m"flex items-center gap-2 text-sm"[39m
              [36m>[39m
                [36m<svg[39m
                  [33mclass[39m=[32m"lucide lucide-user w-4 h-4 text-gray-500"[39m
                  [33mfill[39m=[32m"none"[39m
                  [33mheight[39m=[32m"24"[39m
                  [33mstroke[39m=[32m"currentColor"[39m
                  [33mstroke-linecap[39m=[32m"round"[39m
                  [33mstroke-linejoin[39m=[32m"round"[39m
                  [33mstroke-width[39m=[32m"2"[39m
                  [33mviewBox[39m=[32m"0 0 24 24"[39m
                  [33mwidth[39m=[32m"24"[39m
                  [33mxmlns[39m=[32m"http://www.w3.org/2000/svg"[39m
                [36m>[39m
                  [36m<path[39m
                    [33md[39m=[32m"M19 21v-2a4 4 0 0 0-4-4H9a4 4 0 0 0-4 4v2"[39m
                  [36m/>[39m
                  [36m<circle[39m
                    [33mcx[39m=[32m"12"[39m
                    [33mcy[39m=[32m"7"[39m
                    [33mr[39m=[32m"4"[39m
                  [36m/>[39m
                [36m</svg>[39m
                [36m<span[39m
                  [33mclass[39m=[32m"text-gray-700"[39m
                [36m>[39m
                  [0mTest[0m
                  [0m [0m
                  [0mUser[0m
                [36m</span>[39m
              [36m</div>[39m
              [36m<button[39m
                [33mclass[39m=[32m"flex items-center gap-2 px-3 py-2 text-sm text-gray-700 hover:text-gray-900 hover:bg-gray-100 rounded transition-colors"[39m
              [36m>[39m
                [36m<svg[39m
                  [33mclass[39m=[32m"lucide lucide-log-out w-4 h-4"[39m
                  [33mfill[39m=[32m"none"[39m
                  [33mheight[39m=[32m"24"[39m
                  [33mstroke[39m=[32m"currentColor"[39m
                  [33mstroke-linecap[39m=[32m"round"[39m
                  [33mstroke-linejoin[39m=[32m"round"[39m
                  [33mstroke-width[39m=[32m"2"[39m
                  [33mviewBox[39m=[32m"0 0 24 24"[39m
                  [33mwidth[39m=[32m"24"[39m
                  [33mxmlns[39m=[32m"http://www.w3.org/2000/svg"[39m
                [36m>[39m
                  [36m<path[39m
                    [33md[39m=[32m"M9 21H5a2 2 0 0 1-2-2V5a2 2 0 0 1 2-2h4"[39m
                  [36m/>[39m
                  [36m<polyline[39m
                    [33mpoints[39m=[32m"16 17 21 12 16 7"[39m
                  [36m/>[39m
                  [36m<line[39m
                    [33mx1[39m=[32m"21"[39m
                    [33mx2[39m=[32m"9"[39m
                    [33my1[39m=[32m"12"[39m
                    [33my2[39m=[32m"12"[39m
                  [36m/>[39m
                [36m</svg>[39m
                [0mLogout[0m
              [36m</button>[39m
            [36m</div>[39m
          [36m</div>[39m
        [36m</div>[39m
      [36m</header>[39m
      [36m<main[39m
        [33mclass[39m=[32m"max-w-7xl mx-auto px-4 sm:px-6 lg:px-8 py-8"[39m
      [36m>[39m
        [36m<nav[39m
          [33maria-label[39m=[32m"Breadcrumb"[39m
          [33mclass[39m=[32m"flex items-center gap-2 text-sm mb-4 overflow-x-auto"[39m
        [36m>[39m
          [36m<button[39m
            [33maria-label[39m=[32m"Dashboard"[39m
            [33mclass[39m=[32m"flex items-center gap-1 text-gray-600 hover:text-gray-900 transition-colors"[39m
          [36m>[39m
            [36m<svg[39m
              [33mclass[39m=[32m"lucide lucide-home w-4 h-4"[39m
              [33mfill[39m=[32m"none"[39m
              [33mheight[39m=[32m"24"[39m
              [33mstroke[39m=[32m"currentColor"[39m
              [33mstroke-linecap[39m=[32m"round"[39m
              [33mstroke-linejoin[39m=[32m"round"[39m
              [33mstroke-width[39m=[32m"2"[39m
              [33mviewBox[39m=[32m"0 0 24 24"[39m
              [33mwidth[39m=[32m"24"[39m
              [33mxmlns[39m=[32m"http://www.w3.org/2000/svg"[39m
            [36m>[39m
              [36m<path[39m
                [33md[39m=[32m"m3 9 9-7 9 7v11a2 2 0 0 1-2 2H5a2 2 0 0 1-2-2z"[39m
              [36m/>[39m
              [36m<polyline[39m
                [33mpoints[39m=[32m"9 22 9 12 15 12 15 22"[39m
              [36m/>[39m
            [36m</svg>[39m
            [36m<span>[39m
              [0mDashboard[0m
            [36m</span>[39m
          [36m</button>[39m
          [36m<svg[39m
            [33mclass[39m=[32m"lucide lucide-chevron-right w-4 h-4 text-gray-400"[39m
            [33mfill[39m=[32m"none"[39m
            [33mheight[39m=[32m"24"[39m
            [33mstroke[39m=[32m"currentColor"[39m
            [33mstroke-linecap[39m=[32m"round"[39m
            [33mstroke-linejoin[39m=[32m"round"[39m
            [33mstroke-width[39m=[32m"2"[39m
            [33mviewBox[39m=[32m"0 0 24 24"[39m
            [33mwidth[39m=[32m"24"[39m
            [33mxmlns[39m=[32m"http://www.w3.org/2000/svg"[39m
          [36m>[39m
            [36m<path[39m
              [33md[39m=[32m"m9 18 6-6-6-6"[39m
            [36m/>[39m
          [36m</svg>[39m
          [36m<span[39m
            [33mclass[39m=[32m"font-medium text-gray-900"[39m
          [36m>[39m
            [0mTest Company[0m
          [36m</span>[39m
        [36m</nav>[39m
        [36m<div[39m
          [33mclass[39m=[32m"mb-8"[39m
        [36m>[39m
          [36m<h2[39m
            [33mclass[39m=[32m"text-lg font-semibold text-gray-900 mb-4"[39m
          [36m>[39m
            [0mOverview[0m
          [36m</h2>[39m
       ...

Ignored nodes: comments, script, style
[36m<html>[39m
  [36m<head />[39m
  [36m<body>[39m
    [36m<div>[39m
      [36m<div[39m
        [33mclass[39m=[32m"min-h-screen bg-gray-50"[39m
      [36m>[39m
        [36m<header[39m
          [33mclass[39m=[32m"bg-white shadow-sm border-b border-gray-200"[39m
        [36m>[39m
          [36m<div[39m
            [33mclass[39m=[32m"max-w-7xl mx-auto px-4 sm:px-6 lg:px-8"[39m
          [36m>[39m
            [36m<div[39m
              [33mclass[39m=[32m"flex items-center justify-between h-16"[39m
            [36m>[39m
              [36m<div[39m
                [33mclass[39m=[32m"flex items-center gap-3"[39m
              [36m>[39m
                [36m<h1[39m
                  [33mclass[39m=[32m"text-2xl font-bold text-teal-600 cursor-pointer"[39m
                [36m>[39m
                  [0mEventLead[0m
                [36m</h1>[39m
                [36m<span[39m
                  [33mclass[39m=[32m"text-sm text-gray-500"[39m
                [36m>[39m
                  [0mDashboard[0m
                [36m</span>[39m
              [36m</div>[39m
              [36m<div[39m
                [33mclass[39m=[32m"flex items-center gap-4"[39m
              [36m>[39m
                [36m<div[39m
                  [33mclass[39m=[32m"flex items-center gap-2 text-sm"[39m
                [36m>[39m
                  [36m<svg[39m
                    [33mclass[39m=[32m"lucide lucide-user w-4 h-4 text-gray-500"[39m
                    [33mfill[39m=[32m"none"[39m
                    [33mheight[39m=[32m"24"[39m
                    [33mstroke[39m=[32m"currentColor"[39m
                    [33mstroke-linecap[39m=[32m"round"[39m
                    [33mstroke-linejoin[39m=[32m"round"[39m
                    [33mstroke-width[39m=[32m"2"[39m
                    [33mviewBox[39m=[32m"0 0 24 24"[39m
                    [33mwidth[39m=[32m"24"[39m
                    [33mxmlns[39m=[32m"http://www.w3.org/2000/svg"[39m
                  [36m>[39m
                    [36m<path[39m
                      [33md[39m=[32m"M19 21v-2a4 4 0 0 0-4-4H9a4 4 0 0 0-4 4v2"[39m
                    [36m/>[39m
                    [36m<circle[39m
                      [33mcx[39m=[32m"12"[39m
                      [33mcy[39m=[32m"7"[39m
                      [33mr[39m=[32m"4"[39m
                    [36m/>[39m
                  [36m</svg>[39m
                  [36m<span[39m
                    [33mclass[39m=[32m"text-gray-700"[39m
                  [36m>[39m
                    [0mTest[0m
                    [0m [0m
                    [0mUser[0m
                  [36m</span>[39m
                [36m</div>[39m
                [36m<button[39m
                  [33mclass[39m=[32m"flex items-center gap-2 px-3 py-2 text-sm text-gray-700 hover:text-gray-900 hover:bg-gray-100 rounded transition-colors"[39m
                [36m>[39m
                  [36m<svg[39m
                    [33mclass[39m=[32m"lucide lucide-log-out w-4 h-4"[39m
                    [33mfill[39m=[32m"none"[39m
                    [33mheight[39m=[32m"24"[39m
                    [33mstroke[39m=[32m"currentColor"[39m
                    [33mstroke-linecap[39m=[32m"round"[39m
                    [33mstroke-linejoin[39m=[32m"round"[39m
                    [33mstroke-width[39m=[32m"2"[39m
                    [33mviewBox[39m=[32m"0 0 24 24"[39m
                    [33mwidth[39m=[32m"24"[39m
                    [33mxmlns[39m=[32m"http://www.w3.org/2000/svg"[39m
                  [36m>[39m
                    [36m<path[39m
                      [33md[39m=[32m"M9 21H5a2 2 0 0 1-2-2V5a2 2 0 0 1 2-2h4"[39m
                    [36m/>[39m
                    [36m<polyline[39m
                      [33mpoints[39m=[32m"16 17 21 12 16 7"[39m
                    [36m/>[39m
                    [36m<line[39m
                      [33mx1[39m=[32m"21"[39m
                      [33mx2[39m=[32m"9"[39m
                      [33my1[39m=[32m"12"[39m
                      [33my2[39m=[32m"12"[39m
                    [36m/>[39m
                  [36m</svg>[39m
                  [0mLogout[0m
                [36m</button>[39m
              [36m</div>[39m
            [36m</div>[39m
          [36m</div>[39m
        [36m</header>[39m
        [36m<main[39m
          [33mclass[39m=[32m"max-w-7xl mx-auto px-4 sm:px-6 lg:px-8 py-8"[39m
        [36m>[39m
          [36m<nav[39m
            [33maria-label[39m=[32m"Breadcrumb"[39m
            [33mclass[39m=[32m"flex items-center gap-2 text-sm mb-4 overflow-x-auto"[39m
          [36m>[39m
            [36m<button[39m
              [33maria-label[39m=[32m"Dashboard"[39m
              [33mclass[39m=[32m"flex items-center gap-1 text-gray-600 hover:text-gray-900 transition-colors"[39m
            [36m>[39m
              [36m<svg[39m
                [33mclass[39m=[32m"lucide lucide-home w-4 h-4"[39m
                [33mfill[39m=[32m"none"[39m
                [33mheight[39m=[32m"24"[39m
                [33mstroke[39m=[32m"currentColor"[39m
                [33mstroke-linecap[39m=[32m"round"[39m
                [33mstroke-linejoin[39m=[32m"round"[39m
                [33mstroke-width[39m=[32m"2"[39m
                [33mviewBox[39m=[32m"0 0 24 24"[39m
                [33mwidth[39m=[32m"24"[39m
                [33mxmlns[39m=[32m"http://www.w3.org/2000/svg"[39m
              [36m>[39m
                [36m<path[39m
                  [33md[39m=[32m"m3 9 9-7 9 7v11a2 2 0 0 1-2 2H5a2 2 0 0 1-2-2z"[39m
                [36m/>[39m
                [36m<polyline[39m
                  [33mpoints[39m=[32m"9 22 9 12 15 12 15 22"[39m
                [36m/>[39m
              [36m</svg>[39m
              [36m<span>[39m
                [0mDashboard[0m
              [36m</span>[39m
            [36m</button>[39m
            [36m<svg[39m
              [33mclass[39m=[32m"lucide lucide-chevron-right w-4 h-4 text-gray-400"[39m
              [33mfill[39m=[32m"none"[39m
              [33mheight[39m=[32m"24"[39m
              [33mstroke[39m=[32m"currentColor"[39m
              [33mstroke-linecap[39m=[32m"round"[39m
              [33mstroke-linejoin[39m=[32m"round"[39m
              [33mstroke-width[39m=[32m"2"[39m
              [33mviewBox[39m=[32m"0 0 24 24"[39m
              [33mwidth[39m=[32m"24"[39m
              [33mxmlns[39m=[32m"http://www.w3.org/2000/svg"[39m
            [36m>[39m
              [36m<path[39m
                [33md[39m=[32m"m9 18 6-6-6-6"[39m
              [36m/>[39m
            [36m</svg>[39m
            [36m<span[39m
              [33mclass[39m=[32m"font-medium text-gray-900"[39m
            [36m>[39m
              [0mTest ...
 Ô£ô src/features/dashboard/__tests__/DashboardLayout.test.tsx > DashboardLayout > should load KPI data for active company - AC-1.18.8
 Ô£ô src/features/dashboard/__tests__/DashboardLayout.test.tsx > DashboardLayout > should show empty state when no companies - AC-1.18.9
